Archive member included to satisfy reference by file (symbol)

c:/program files (x86)/atollic/truestudio for stm32 9.0.0/armtools/bin/../lib/gcc/arm-atollic-eabi/6.3.1/../../../../arm-atollic-eabi/lib/armv7-m\libc_nano.a(lib_a-errno.o)
                              Core\Src\syscalls.o (__errno)
c:/program files (x86)/atollic/truestudio for stm32 9.0.0/armtools/bin/../lib/gcc/arm-atollic-eabi/6.3.1/../../../../arm-atollic-eabi/lib/armv7-m\libc_nano.a(lib_a-impure.o)
                              c:/program files (x86)/atollic/truestudio for stm32 9.0.0/armtools/bin/../lib/gcc/arm-atollic-eabi/6.3.1/../../../../arm-atollic-eabi/lib/armv7-m\libc_nano.a(lib_a-errno.o) (_impure_ptr)
c:/program files (x86)/atollic/truestudio for stm32 9.0.0/armtools/bin/../lib/gcc/arm-atollic-eabi/6.3.1/../../../../arm-atollic-eabi/lib/armv7-m\libc_nano.a(lib_a-init.o)
                              startup\startup_stm32f103xb.o (__libc_init_array)
c:/program files (x86)/atollic/truestudio for stm32 9.0.0/armtools/bin/../lib/gcc/arm-atollic-eabi/6.3.1/../../../../arm-atollic-eabi/lib/armv7-m\libc_nano.a(lib_a-memcpy-stub.o)
                              Core\Src\RF24.o (memcpy)
c:/program files (x86)/atollic/truestudio for stm32 9.0.0/armtools/bin/../lib/gcc/arm-atollic-eabi/6.3.1/../../../../arm-atollic-eabi/lib/armv7-m\libc_nano.a(lib_a-memset.o)
                              Core\Src\main.o (memset)
c:/program files (x86)/atollic/truestudio for stm32 9.0.0/armtools/bin/../lib/gcc/arm-atollic-eabi/6.3.1/../../../../arm-atollic-eabi/lib/armv7-m\libc_nano.a(lib_a-sprintf.o)
                              Core\Src\RF24.o (sprintf)
c:/program files (x86)/atollic/truestudio for stm32 9.0.0/armtools/bin/../lib/gcc/arm-atollic-eabi/6.3.1/../../../../arm-atollic-eabi/lib/armv7-m\libc_nano.a(lib_a-strlen.o)
                              Core\Src\RF24.o (strlen)
c:/program files (x86)/atollic/truestudio for stm32 9.0.0/armtools/bin/../lib/gcc/arm-atollic-eabi/6.3.1/../../../../arm-atollic-eabi/lib/armv7-m\libc_nano.a(lib_a-nano-svfprintf.o)
                              c:/program files (x86)/atollic/truestudio for stm32 9.0.0/armtools/bin/../lib/gcc/arm-atollic-eabi/6.3.1/../../../../arm-atollic-eabi/lib/armv7-m\libc_nano.a(lib_a-sprintf.o) (_svfprintf_r)
c:/program files (x86)/atollic/truestudio for stm32 9.0.0/armtools/bin/../lib/gcc/arm-atollic-eabi/6.3.1/../../../../arm-atollic-eabi/lib/armv7-m\libc_nano.a(lib_a-nano-vfprintf_i.o)
                              c:/program files (x86)/atollic/truestudio for stm32 9.0.0/armtools/bin/../lib/gcc/arm-atollic-eabi/6.3.1/../../../../arm-atollic-eabi/lib/armv7-m\libc_nano.a(lib_a-nano-svfprintf.o) (_printf_i)
c:/program files (x86)/atollic/truestudio for stm32 9.0.0/armtools/bin/../lib/gcc/arm-atollic-eabi/6.3.1/../../../../arm-atollic-eabi/lib/armv7-m\libc_nano.a(lib_a-memchr-stub.o)
                              c:/program files (x86)/atollic/truestudio for stm32 9.0.0/armtools/bin/../lib/gcc/arm-atollic-eabi/6.3.1/../../../../arm-atollic-eabi/lib/armv7-m\libc_nano.a(lib_a-nano-svfprintf.o) (memchr)
c:/program files (x86)/atollic/truestudio for stm32 9.0.0/armtools/bin/../lib/gcc/arm-atollic-eabi/6.3.1/../../../../arm-atollic-eabi/lib/armv7-m\libc_nano.a(lib_a-memmove.o)
                              c:/program files (x86)/atollic/truestudio for stm32 9.0.0/armtools/bin/../lib/gcc/arm-atollic-eabi/6.3.1/../../../../arm-atollic-eabi/lib/armv7-m\libc_nano.a(lib_a-nano-svfprintf.o) (memmove)
c:/program files (x86)/atollic/truestudio for stm32 9.0.0/armtools/bin/../lib/gcc/arm-atollic-eabi/6.3.1/../../../../arm-atollic-eabi/lib/armv7-m\libc_nano.a(lib_a-nano-freer.o)
                              c:/program files (x86)/atollic/truestudio for stm32 9.0.0/armtools/bin/../lib/gcc/arm-atollic-eabi/6.3.1/../../../../arm-atollic-eabi/lib/armv7-m\libc_nano.a(lib_a-nano-svfprintf.o) (_free_r)
c:/program files (x86)/atollic/truestudio for stm32 9.0.0/armtools/bin/../lib/gcc/arm-atollic-eabi/6.3.1/../../../../arm-atollic-eabi/lib/armv7-m\libc_nano.a(lib_a-nano-mallocr.o)
                              c:/program files (x86)/atollic/truestudio for stm32 9.0.0/armtools/bin/../lib/gcc/arm-atollic-eabi/6.3.1/../../../../arm-atollic-eabi/lib/armv7-m\libc_nano.a(lib_a-nano-svfprintf.o) (_malloc_r)
c:/program files (x86)/atollic/truestudio for stm32 9.0.0/armtools/bin/../lib/gcc/arm-atollic-eabi/6.3.1/../../../../arm-atollic-eabi/lib/armv7-m\libc_nano.a(lib_a-nano-reallocr.o)
                              c:/program files (x86)/atollic/truestudio for stm32 9.0.0/armtools/bin/../lib/gcc/arm-atollic-eabi/6.3.1/../../../../arm-atollic-eabi/lib/armv7-m\libc_nano.a(lib_a-nano-svfprintf.o) (_realloc_r)
c:/program files (x86)/atollic/truestudio for stm32 9.0.0/armtools/bin/../lib/gcc/arm-atollic-eabi/6.3.1/../../../../arm-atollic-eabi/lib/armv7-m\libc_nano.a(lib_a-sbrkr.o)
[...]
Memory Configuration

Name             Origin             Length             Attributes
RAM              0x20000000         0x00005000         xrw
FLASH            0x08000000         0x00010000         xr
*default*        0x00000000         0xffffffff

Linker script and memory map

LOAD c:/program files (x86)/atollic/truestudio for stm32 9.0.0/armtools/bin/../lib/gcc/arm-atollic-eabi/6.3.1/armv7-m/crti.o
LOAD c:/program files (x86)/atollic/truestudio for stm32 9.0.0/armtools/bin/../lib/gcc/arm-atollic-eabi/6.3.1/armv7-m/crtbegin.o
LOAD Core\Src\RF24.o
LOAD Core\Src\main.o
LOAD Core\Src\stm32f1xx_hal_msp.o
LOAD Core\Src\stm32f1xx_it.o
LOAD Core\Src\syscalls.o
LOAD Core\Src\system_stm32f1xx.o
LOAD Drivers\STM32F1xx_HAL_Driver\Src\stm32f1xx_hal.o
LOAD Drivers\STM32F1xx_HAL_Driver\Src\stm32f1xx_hal_cortex.o
LOAD Drivers\STM32F1xx_HAL_Driver\Src\stm32f1xx_hal_dma.o
LOAD Drivers\STM32F1xx_HAL_Driver\Src\stm32f1xx_hal_flash.o
LOAD Drivers\STM32F1xx_HAL_Driver\Src\stm32f1xx_hal_flash_ex.o
LOAD Drivers\STM32F1xx_HAL_Driver\Src\stm32f1xx_hal_gpio.o
LOAD Drivers\STM32F1xx_HAL_Driver\Src\stm32f1xx_hal_gpio_ex.o
LOAD Drivers\STM32F1xx_HAL_Driver\Src\stm32f1xx_hal_pwr.o
LOAD Drivers\STM32F1xx_HAL_Driver\Src\stm32f1xx_hal_rcc.o
LOAD Drivers\STM32F1xx_HAL_Driver\Src\stm32f1xx_hal_rcc_ex.o
LOAD Drivers\STM32F1xx_HAL_Driver\Src\stm32f1xx_hal_spi.o
LOAD Drivers\STM32F1xx_HAL_Driver\Src\stm32f1xx_hal_spi_ex.o
LOAD Drivers\STM32F1xx_HAL_Driver\Src\stm32f1xx_hal_tim.o
LOAD Drivers\STM32F1xx_HAL_Driver\Src\stm32f1xx_hal_tim_ex.o
LOAD Drivers\STM32F1xx_HAL_Driver\Src\stm32f1xx_hal_uart.o
LOAD startup\startup_stm32f103xb.o
                0x00001000                malloc_getpagesize_P = 0x1000
START GROUP
LOAD c:/program files (x86)/atollic/truestudio for stm32 9.0.0/armtools/bin/../lib/gcc/arm-atollic-eabi/6.3.1/../../../../arm-atollic-eabi/lib/armv7-m\libstdc++_nano.a
LOAD c:/program files (x86)/atollic/truestudio for stm32 9.0.0/armtools/bin/../lib/gcc/arm-atollic-eabi/6.3.1/../../../../arm-atollic-eabi/lib/armv7-m\libsupc++_nano.a
END GROUP
LOAD c:/program files (x86)/atollic/truestudio for stm32 9.0.0/armtools/bin/../lib/gcc/arm-atollic-eabi/6.3.1/../../../../arm-atollic-eabi/lib/armv7-m\libstdc++_nano.a
LOAD c:/program files (x86)/atollic/truestudio for stm32 9.0.0/armtools/bin/../lib/gcc/arm-atollic-eabi/6.3.1/../../../../arm-atollic-eabi/lib/armv7-m\libm.a
LOAD c:/program files (x86)/atollic/truestudio for stm32 9.0.0/armtools/bin/../lib/gcc/arm-atollic-eabi/6.3.1/../../../../arm-atollic-eabi/lib/armv7-m\libc_nano.a
START GROUP
LOAD c:/program files (x86)/atollic/truestudio for stm32 9.0.0/armtools/bin/../lib/gcc/arm-atollic-eabi/6.3.1/armv7-m\libgcc.a
LOAD c:/program files (x86)/atollic/truestudio for stm32 9.0.0/armtools/bin/../lib/gcc/arm-atollic-eabi/6.3.1/../../../../arm-atollic-eabi/lib/armv7-m\libc_nano.a
END GROUP
START GROUP
LOAD c:/program files (x86)/atollic/truestudio for stm32 9.0.0/armtools/bin/../lib/gcc/arm-atollic-eabi/6.3.1/armv7-m\libgcc.a
LOAD c:/program files (x86)/atollic/truestudio for stm32 9.0.0/armtools/bin/../lib/gcc/arm-atollic-eabi/6.3.1/../../../../arm-atollic-eabi/lib/armv7-m\libc_nano.a
LOAD c:/program files (x86)/atollic/truestudio for stm32 9.0.0/armtools/bin/../lib/gcc/arm-atollic-eabi/6.3.1/../../../../arm-atollic-eabi/lib/armv7-m\libnosys.a
END GROUP
START GROUP
LOAD c:/program files (x86)/atollic/truestudio for stm32 9.0.0/armtools/bin/../lib/gcc/arm-atollic-eabi/6.3.1/armv7-m\libgcc.a
LOAD c:/program files (x86)/atollic/truestudio for stm32 9.0.0/armtools/bin/../lib/gcc/arm-atollic-eabi/6.3.1/../../../../arm-atollic-eabi/lib/armv7-m\libc_nano.a
LOAD c:/program files (x86)/atollic/truestudio for stm32 9.0.0/armtools/bin/../lib/gcc/arm-atollic-eabi/6.3.1/../../../../arm-atollic-eabi/lib/armv7-m\libnosys.a
END GROUP
LOAD c:/program files (x86)/atollic/truestudio for stm32 9.0.0/armtools/bin/../lib/gcc/arm-atollic-eabi/6.3.1/armv7-m/crtend.o
LOAD c:/program files (x86)/atollic/truestudio for stm32 9.0.0/armtools/bin/../lib/gcc/arm-atollic-eabi/6.3.1/armv7-m/crtn.o
                0x20005000                _estack = 0x20005000
                0x00000200                _Min_Heap_Size = 0x200
                0x00000400                _Min_Stack_Size = 0x400

.isr_vector     0x08000000      0x10c
                0x08000000                . = ALIGN (0x4)
 *(.isr_vector)
 .isr_vector    0x08000000      0x10c startup\startup_stm32f103xb.o
                0x08000000                g_pfnVectors
                0x0800010c                . = ALIGN (0x4)

.text           0x08000110     0x3cd8
                0x08000110                . = ALIGN (0x4)
 *(.text)
 .text          0x08000110       0x40 c:/program files (x86)/atollic/truestudio for stm32 9.0.0/armtools/bin/../lib/gcc/arm-atollic-eabi/6.3.1/armv7-m/crtbegin.o
 .text          0x08000150       0x10 c:/program files (x86)/atollic/truestudio for stm32 9.0.0/armtools/bin/../lib/gcc/arm-atollic-eabi/6.3.1/../../../../arm-atollic-eabi/lib/armv7-m\libc_nano.a(lib_a-strlen.o)
                0x08000150                strlen
 .text          0x08000160      0x9dc c:/program files (x86)/atollic/truestudio for stm32 9.0.0/armtools/bin/../lib/gcc/arm-atollic-eabi/6.3.1/armv7-m\libgcc.a(unwind-arm.o)
                0x08000424                _Unwind_GetCFA
                0x08000428                __gnu_Unwind_RaiseException
                0x08000488                __gnu_Unwind_ForcedUnwind
                0x0800049c                __gnu_Unwind_Resume
                0x080004e0                __gnu_Unwind_Resume_or_Rethrow
                0x080004f4                _Unwind_Complete
                0x080004f8                _Unwind_DeleteException
                0x08000504                _Unwind_VRS_Get
                0x08000550                _Unwind_VRS_Set
                0x080005a0                __gnu_Unwind_Backtrace
                0x080008e4                __aeabi_unwind_cpp_pr0
                0x080008e8                __aeabi_unwind_cpp_pr1
                0x080008ec                __aeabi_unwind_cpp_pr2
                0x080008f0                _Unwind_VRS_Pop
 .text          0x08000b3c      0x1ac c:/program files (x86)/atollic/truestudio for stm32 9.0.0/armtools/bin/../lib/gcc/arm-atollic-eabi/6.3.1/armv7-m\libgcc.a(libunwind.o)
                0x08000b3c                __restore_core_regs
                0x08000b3c                restore_core_regs
                0x08000b54                __gnu_Unwind_Restore_VFP
                0x08000b5c                __gnu_Unwind_Save_VFP
                0x08000b64                __gnu_Unwind_Restore_VFP_D
                0x08000b6c                __gnu_Unwind_Save_VFP_D
                0x08000b74                __gnu_Unwind_Restore_VFP_D_16_to_31
                0x08000b7c                __gnu_Unwind_Save_VFP_D_16_to_31
                0x08000b84                __gnu_Unwind_Restore_WMMXD
                0x08000bc8                __gnu_Unwind_Save_WMMXD
                0x08000c0c                __gnu_Unwind_Restore_WMMXC
                0x08000c20                __gnu_Unwind_Save_WMMXC
                0x08000c34                ___Unwind_RaiseException
                0x08000c34                _Unwind_RaiseException
                0x08000c58                _Unwind_Resume
                0x08000c58                ___Unwind_Resume
                0x08000c7c                _Unwind_Resume_or_Rethrow
                0x08000c7c                ___Unwind_Resume_or_Rethrow
                0x08000ca0                _Unwind_ForcedUnwind
                0x08000ca0                ___Unwind_ForcedUnwind
                0x08000cc4                ___Unwind_Backtrace
                0x08000cc4                _Unwind_Backtrace
 .text          0x08000ce8      0x384 c:/program files (x86)/atollic/truestudio for stm32 9.0.0/armtools/bin/../lib/gcc/arm-atollic-eabi/6.3.1/armv7-m\libgcc.a(pr-support.o)
                0x08000d40                __gnu_unwind_execute
                0x08001010                __gnu_unwind_frame
                0x0800103c                _Unwind_GetRegionStart
                0x08001048                _Unwind_GetLanguageSpecificData
                0x0800105c                _Unwind_GetTextRelBase
                0x08001064                _Unwind_GetDataRelBase
 *(.text*)
 .text._ZN4RF243csnE13GPIO_PinState
                0x0800106c       0x24 Core\Src\RF24.o
                0x0800106c                RF24::csn(GPIO_PinState)
 .text._ZN4RF242ceE13GPIO_PinState
                0x08001090       0x24 Core\Src\RF24.o
                0x08001090                RF24::ce(GPIO_PinState)
 .text._ZN4RF2416beginTransactionEv
                0x080010b4       0x18 Core\Src\RF24.o
                0x080010b4                RF24::beginTransaction()
 .text._ZN4RF2414endTransactionEv
                0x080010cc       0x18 Core\Src\RF24.o
                0x080010cc                RF24::endTransaction()
 .text._ZN4RF2413read_registerEh
                0x080010e4       0x50 Core\Src\RF24.o
                0x080010e4                RF24::read_register(unsigned char)
 .text._ZN4RF2414write_registerEhPKhh
                0x08001134       0x64 Core\Src\RF24.o
                0x08001134                RF24::write_register(unsigned char, unsigned char const*, unsigned char)
 .text._ZN4RF2414write_registerEhh
                0x08001198       0x94 Core\Src\RF24.o
                0x08001198                RF24::write_register(unsigned char, unsigned char)
 .text._ZN4RF2413write_payloadEPKvhh
                0x0800122c       0xf0 Core\Src\RF24.o
                0x0800122c                RF24::write_payload(void const*, unsigned char, unsigned char)
 .text._ZN4RF248flush_rxEv
                0x0800131c       0x1a Core\Src\RF24.o
                0x0800131c                RF24::flush_rx()
 .text._ZN4RF248flush_txEv
                0x08001336       0x1a Core\Src\RF24.o
                0x08001336                RF24::flush_tx()
 .text._ZN4RF248spiTransEh
                0x08001350       0x38 Core\Src\RF24.o
                0x08001350                RF24::spiTrans(unsigned char)
 .text._ZN4RF2410get_statusEv
                0x08001388       0x1a Core\Src\RF24.o
                0x08001388                RF24::get_status()
 .text._ZN4RF24C2EP12GPIO_TypeDeftS1_tP19__SPI_HandleTypeDef
                0x080013a2       0x5e Core\Src\RF24.o
                0x080013a2                RF24::RF24(GPIO_TypeDef*, unsigned short, GPIO_TypeDef*, unsigned short, __SPI_HandleTypeDef*)
                0x080013a2                RF24::RF24(GPIO_TypeDef*, unsigned short, GPIO_TypeDef*, unsigned short, __SPI_HandleTypeDef*)
 .text._ZN4RF2410setChannelEh
                0x08001400       0x30 Core\Src\RF24.o
                0x08001400                RF24::setChannel(unsigned char)
 .text._ZN4RF245beginEv
                0x08001430       0xd6 Core\Src\RF24.o
                0x08001430                RF24::begin()
 .text._ZN4RF247powerUpEv
                0x08001506       0x3e Core\Src\RF24.o
                0x08001506                RF24::powerUp()
 .text._ZN4RF249errNotifyEv
                0x08001544       0x4c Core\Src\RF24.o
                0x08001544                RF24::errNotify()
 .text._ZN4RF245writeEPKvhb
                0x08001590       0xa0 Core\Src\RF24.o
                0x08001590                RF24::write(void const*, unsigned char, bool)
 .text._ZN4RF245writeEPKvh
                0x08001630       0x24 Core\Src\RF24.o
                0x08001630                RF24::write(void const*, unsigned char)
 .text._ZN4RF2414startFastWriteEPKvhbb
                0x08001654       0x42 Core\Src\RF24.o
                0x08001654                RF24::startFastWrite(void const*, unsigned char, bool, bool)
 .text._ZN4RF2415openWritingPipeEy
                0x08001696       0x3e Core\Src\RF24.o
                0x08001696                RF24::openWritingPipe(unsigned long long)
 .text._ZN4RF2415toggle_featuresEv
                0x080016d4       0x48 Core\Src\RF24.o
                0x080016d4                RF24::toggle_features()
 .text._ZN4RF2411setDataRateE15rf24_datarate_e
                0x0800171c       0x8c Core\Src\RF24.o
                0x0800171c                RF24::setDataRate(rf24_datarate_e)
 .text._ZN4RF2410setRetriesEhh
                0x080017a8       0x38 Core\Src\RF24.o
                0x080017a8                RF24::setRetries(unsigned char, unsigned char)
 .text.main     0x080017e0       0x88 Core\Src\main.o
                0x080017e0                main
 .text._Z18SystemClock_Configv
                0x08001868       0xa0 Core\Src\main.o
                0x08001868                SystemClock_Config()
 .text._ZL12MX_SPI1_Initv
                0x08001908       0x78 Core\Src\main.o
 .text._ZL12MX_TIM2_Initv
                0x08001980       0xb4 Core\Src\main.o
 .text._ZL19MX_USART1_UART_Initv
                0x08001a34       0x5c Core\Src\main.o
 .text._ZL12MX_GPIO_Initv
                0x08001a90       0xc0 Core\Src\main.o
 .text.Error_Handler
                0x08001b50        0xc Core\Src\main.o
                0x08001b50                Error_Handler
 .text.HAL_MspInit
                0x08001b5c       0x44 Core\Src\stm32f1xx_hal_msp.o
                0x08001b5c                HAL_MspInit
 .text.HAL_SPI_MspInit
                0x08001ba0       0x84 Core\Src\stm32f1xx_hal_msp.o
                0x08001ba0                HAL_SPI_MspInit
 .text.HAL_TIM_Base_MspInit
                0x08001c24       0x24 Core\Src\stm32f1xx_hal_msp.o
                0x08001c24                HAL_TIM_Base_MspInit
 .text.HAL_UART_MspInit
                0x08001c48       0x88 Core\Src\stm32f1xx_hal_msp.o
                0x08001c48                HAL_UART_MspInit
 .text.NMI_Handler
                0x08001cd0        0x2 Core\Src\stm32f1xx_it.o
                0x08001cd0                NMI_Handler
 .text.HardFault_Handler
                0x08001cd2        0x2 Core\Src\stm32f1xx_it.o
                0x08001cd2                HardFault_Handler
 .text.MemManage_Handler
                0x08001cd4        0x2 Core\Src\stm32f1xx_it.o
                0x08001cd4                MemManage_Handler
 .text.BusFault_Handler
                0x08001cd6        0x2 Core\Src\stm32f1xx_it.o
                0x08001cd6                BusFault_Handler
 .text.UsageFault_Handler
                0x08001cd8        0x2 Core\Src\stm32f1xx_it.o
                0x08001cd8                UsageFault_Handler
 .text.SVC_Handler
                0x08001cda        0x2 Core\Src\stm32f1xx_it.o
                0x08001cda                SVC_Handler
 .text.DebugMon_Handler
                0x08001cdc        0x2 Core\Src\stm32f1xx_it.o
                0x08001cdc                DebugMon_Handler
 .text.PendSV_Handler
                0x08001cde        0x2 Core\Src\stm32f1xx_it.o
                0x08001cde                PendSV_Handler
 .text.SysTick_Handler
                0x08001ce0        0x4 Core\Src\stm32f1xx_it.o
                0x08001ce0                SysTick_Handler
 .text.SPI1_IRQHandler
                0x08001ce4        0xc Core\Src\stm32f1xx_it.o
                0x08001ce4                SPI1_IRQHandler
 .text.USART1_IRQHandler
                0x08001cf0        0xc Core\Src\stm32f1xx_it.o
                0x08001cf0                USART1_IRQHandler
 .text._getpid  0x08001cfc        0x4 Core\Src\syscalls.o
                0x08001cfc                _getpid
 .text._kill    0x08001d00       0x10 Core\Src\syscalls.o
                0x08001d00                _kill
 .text._exit    0x08001d10        0xc Core\Src\syscalls.o
                0x08001d10                _exit
 .text._sbrk    0x08001d1c       0x34 Core\Src\syscalls.o
                0x08001d1c                _sbrk
 .text.SystemInit
                0x08001d50       0x4c Core\Src\system_stm32f1xx.o
                0x08001d50                SystemInit
 .text.HAL_InitTick
                0x08001d9c       0x48 Drivers\STM32F1xx_HAL_Driver\Src\stm32f1xx_hal.o
                0x08001d9c                HAL_InitTick
 .text.HAL_Init
                0x08001de4       0x24 Drivers\STM32F1xx_HAL_Driver\Src\stm32f1xx_hal.o
                0x08001de4                HAL_Init
 .text.HAL_IncTick
                0x08001e08       0x18 Drivers\STM32F1xx_HAL_Driver\Src\stm32f1xx_hal.o
                0x08001e08                HAL_IncTick
 .text.HAL_GetTick
                0x08001e20        0xc Drivers\STM32F1xx_HAL_Driver\Src\stm32f1xx_hal.o
                0x08001e20                HAL_GetTick
 .text.HAL_Delay
                0x08001e2c       0x24 Drivers\STM32F1xx_HAL_Driver\Src\stm32f1xx_hal.o
                0x08001e2c                HAL_Delay
 .text.HAL_NVIC_SetPriorityGrouping
                0x08001e50       0x24 Drivers\STM32F1xx_HAL_Driver\Src\stm32f1xx_hal_cortex.o
                0x08001e50                HAL_NVIC_SetPriorityGrouping
 .text.HAL_NVIC_SetPriority
                0x08001e74       0x68 Drivers\STM32F1xx_HAL_Driver\Src\stm32f1xx_hal_cortex.o
                0x08001e74                HAL_NVIC_SetPriority
 .text.HAL_NVIC_EnableIRQ
                0x08001edc       0x18 Drivers\STM32F1xx_HAL_Driver\Src\stm32f1xx_hal_cortex.o
                0x08001edc                HAL_NVIC_EnableIRQ
 .text.HAL_SYSTICK_Config
                0x08001ef4       0x2c Drivers\STM32F1xx_HAL_Driver\Src\stm32f1xx_hal_cortex.o
                0x08001ef4                HAL_SYSTICK_Config
 .text.HAL_DMA_Abort_IT
                0x08001f20       0x90 Drivers\STM32F1xx_HAL_Driver\Src\stm32f1xx_hal_dma.o
                0x08001f20                HAL_DMA_Abort_IT
 .text.HAL_GPIO_Init
                0x08001fb0      0x1c0 Drivers\STM32F1xx_HAL_Driver\Src\stm32f1xx_hal_gpio.o
                0x08001fb0                HAL_GPIO_Init
 .text.HAL_GPIO_WritePin
                0x08002170        0xa Drivers\STM32F1xx_HAL_Driver\Src\stm32f1xx_hal_gpio.o
                0x08002170                HAL_GPIO_WritePin
 .text.HAL_GPIO_TogglePin
                0x0800217a        0x8 Drivers\STM32F1xx_HAL_Driver\Src\stm32f1xx_hal_gpio.o
                0x0800217a                HAL_GPIO_TogglePin
 *fill*         0x08002182        0x2 
 .text.HAL_RCC_OscConfig
                0x08002184      0x318 Drivers\STM32F1xx_HAL_Driver\Src\stm32f1xx_hal_rcc.o
                0x08002184                HAL_RCC_OscConfig
 .text.HAL_RCC_GetSysClockFreq
                0x0800249c       0x78 Drivers\STM32F1xx_HAL_Driver\Src\stm32f1xx_hal_rcc.o
                0x0800249c                HAL_RCC_GetSysClockFreq
 .text.HAL_RCC_ClockConfig
                0x08002514      0x164 Drivers\STM32F1xx_HAL_Driver\Src\stm32f1xx_hal_rcc.o
                0x08002514                HAL_RCC_ClockConfig
 .text.HAL_RCC_GetPCLK1Freq
                0x08002678       0x20 Drivers\STM32F1xx_HAL_Driver\Src\stm32f1xx_hal_rcc.o
                0x08002678                HAL_RCC_GetPCLK1Freq
 .text.HAL_RCC_GetPCLK2Freq
                0x08002698       0x20 Drivers\STM32F1xx_HAL_Driver\Src\stm32f1xx_hal_rcc.o
                0x08002698                HAL_RCC_GetPCLK2Freq
 .text.SPI_WaitFlagStateUntilTimeout
                0x080026b8       0x8e Drivers\STM32F1xx_HAL_Driver\Src\stm32f1xx_hal_spi.o
 .text.SPI_CheckFlag_BSY
                0x08002746       0x20 Drivers\STM32F1xx_HAL_Driver\Src\stm32f1xx_hal_spi.o
 .text.HAL_SPI_Transmit
                0x08002766      0x152 Drivers\STM32F1xx_HAL_Driver\Src\stm32f1xx_hal_spi.o
                0x08002766                HAL_SPI_Transmit
 .text.HAL_SPI_TransmitReceive
                0x080028b8      0x1fa Drivers\STM32F1xx_HAL_Driver\Src\stm32f1xx_hal_spi.o
                0x080028b8                HAL_SPI_TransmitReceive
 .text.HAL_SPI_Receive
                0x08002ab2      0x13e Drivers\STM32F1xx_HAL_Driver\Src\stm32f1xx_hal_spi.o
                0x08002ab2                HAL_SPI_Receive
 .text.HAL_SPI_ErrorCallback
                0x08002bf0        0x2 Drivers\STM32F1xx_HAL_Driver\Src\stm32f1xx_hal_spi.o
                0x08002bf0                HAL_SPI_ErrorCallback
 *fill*         0x08002bf2        0x2 
 .text.HAL_SPI_IRQHandler
                0x08002bf4       0xd0 Drivers\STM32F1xx_HAL_Driver\Src\stm32f1xx_hal_spi.o
                0x08002bf4                HAL_SPI_IRQHandler
 .text.SPI_DMAAbortOnError
                0x08002cc4       0x10 Drivers\STM32F1xx_HAL_Driver\Src\stm32f1xx_hal_spi.o
 .text.HAL_SPI_Init
                0x08002cd4       0x76 Drivers\STM32F1xx_HAL_Driver\Src\stm32f1xx_hal_spi_ex.o
                0x08002cd4                HAL_SPI_Init
 .text.HAL_TIM_ConfigClockSource
                0x08002d4a      0x172 Drivers\STM32F1xx_HAL_Driver\Src\stm32f1xx_hal_tim.o
                0x08002d4a                HAL_TIM_ConfigClockSource
 .text.TIM_Base_SetConfig
                0x08002ebc       0x70 Drivers\STM32F1xx_HAL_Driver\Src\stm32f1xx_hal_tim.o
                0x08002ebc                TIM_Base_SetConfig
 .text.HAL_TIM_Base_Init
                0x08002f2c       0x34 Drivers\STM32F1xx_HAL_Driver\Src\stm32f1xx_hal_tim.o
                0x08002f2c                HAL_TIM_Base_Init
 .text.HAL_TIMEx_MasterConfigSynchronization
                0x08002f60       0x44 Drivers\STM32F1xx_HAL_Driver\Src\stm32f1xx_hal_tim_ex.o
                0x08002f60                HAL_TIMEx_MasterConfigSynchronization
 .text.UART_EndRxTransfer
                0x08002fa4       0x1a Drivers\STM32F1xx_HAL_Driver\Src\stm32f1xx_hal_uart.o
 *fill*         0x08002fbe        0x2 
 .text.UART_SetConfig
                0x08002fc0      0x13c Drivers\STM32F1xx_HAL_Driver\Src\stm32f1xx_hal_uart.o
 .text.UART_WaitOnFlagUntilTimeout.constprop.3
                0x080030fc       0x50 Drivers\STM32F1xx_HAL_Driver\Src\stm32f1xx_hal_uart.o
 .text.HAL_UART_Init
                0x0800314c       0x5c Drivers\STM32F1xx_HAL_Driver\Src\stm32f1xx_hal_uart.o
                0x0800314c                HAL_UART_Init
 .text.HAL_UART_Transmit
                0x080031a8       0xb8 Drivers\STM32F1xx_HAL_Driver\Src\stm32f1xx_hal_uart.o
                0x080031a8                HAL_UART_Transmit
 .text.HAL_UART_TxCpltCallback
                0x08003260        0x2 Drivers\STM32F1xx_HAL_Driver\Src\stm32f1xx_hal_uart.o
                0x08003260                HAL_UART_TxCpltCallback
 .text.HAL_UART_RxCpltCallback
                0x08003262        0x2 Drivers\STM32F1xx_HAL_Driver\Src\stm32f1xx_hal_uart.o
                0x08003262                HAL_UART_RxCpltCallback
 .text.UART_Receive_IT
                0x08003264       0x7c Drivers\STM32F1xx_HAL_Driver\Src\stm32f1xx_hal_uart.o
 .text.HAL_UART_ErrorCallback
                0x080032e0        0x2 Drivers\STM32F1xx_HAL_Driver\Src\stm32f1xx_hal_uart.o
                0x080032e0                HAL_UART_ErrorCallback
 *fill*         0x080032e2        0x2 
 .text.HAL_UART_IRQHandler
                0x080032e4      0x140 Drivers\STM32F1xx_HAL_Driver\Src\stm32f1xx_hal_uart.o
                0x080032e4                HAL_UART_IRQHandler
 .text.UART_DMAAbortOnError
                0x08003424       0x10 Drivers\STM32F1xx_HAL_Driver\Src\stm32f1xx_hal_uart.o
 .text.Reset_Handler
                0x08003434       0x48 startup\startup_stm32f103xb.o
                0x08003434                Reset_Handler
 .text.Default_Handler
                0x0800347c        0x2 startup\startup_stm32f103xb.o
                0x0800347c                RTC_Alarm_IRQHandler
                0x0800347c                EXTI2_IRQHandler
                0x0800347c                TIM1_CC_IRQHandler
                0x0800347c                PVD_IRQHandler
                0x0800347c                EXTI3_IRQHandler
                0x0800347c                EXTI0_IRQHandler
                0x0800347c                I2C2_EV_IRQHandler
                0x0800347c                ADC1_2_IRQHandler
                0x0800347c                TAMPER_IRQHandler
                0x0800347c                DMA1_Channel4_IRQHandler
                0x0800347c                USART3_IRQHandler
                0x0800347c                RTC_IRQHandler
                0x0800347c                DMA1_Channel7_IRQHandler
                0x0800347c                CAN1_RX1_IRQHandler
                0x0800347c                TIM4_IRQHandler
                0x0800347c                I2C1_EV_IRQHandler
                0x0800347c                DMA1_Channel6_IRQHandler
                0x0800347c                TIM3_IRQHandler
                0x0800347c                RCC_IRQHandler
                0x0800347c                TIM1_TRG_COM_IRQHandler
                0x0800347c                DMA1_Channel1_IRQHandler
                0x0800347c                Default_Handler
                0x0800347c                EXTI15_10_IRQHandler
                0x0800347c                EXTI9_5_IRQHandler
                0x0800347c                SPI2_IRQHandler
                0x0800347c                DMA1_Channel5_IRQHandler
                0x0800347c                EXTI4_IRQHandler
                0x0800347c                USB_LP_CAN1_RX0_IRQHandler
                0x0800347c                USB_HP_CAN1_TX_IRQHandler
                0x0800347c                DMA1_Channel3_IRQHandler
                0x0800347c                TIM1_UP_IRQHandler
                0x0800347c                WWDG_IRQHandler
                0x0800347c                TIM2_IRQHandler
                0x0800347c                TIM1_BRK_IRQHandler
                0x0800347c                EXTI1_IRQHandler
                0x0800347c                USART2_IRQHandler
                0x0800347c                I2C2_ER_IRQHandler
                0x0800347c                DMA1_Channel2_IRQHandler
                0x0800347c                CAN1_SCE_IRQHandler
                0x0800347c                FLASH_IRQHandler
                0x0800347c                I2C1_ER_IRQHandler
                0x0800347c                USBWakeUp_IRQHandler
 *fill*         0x0800347e        0x2 
 .text.__errno  0x08003480        0xc c:/program files (x86)/atollic/truestudio for stm32 9.0.0/armtools/bin/../lib/gcc/arm-atollic-eabi/6.3.1/../../../../arm-atollic-eabi/lib/armv7-m\libc_nano.a(lib_a-errno.o)
                0x08003480                __errno
 .text.__libc_init_array
                0x0800348c       0x48 c:/program files (x86)/atollic/truestudio for stm32 9.0.0/armtools/bin/../lib/gcc/arm-atollic-eabi/6.3.1/../../../../arm-atollic-eabi/lib/armv7-m\libc_nano.a(lib_a-init.o)
                0x0800348c                __libc_init_array
 .text.memcpy   0x080034d4       0x16 c:/program files (x86)/atollic/truestudio for stm32 9.0.0/armtools/bin/../lib/gcc/arm-atollic-eabi/6.3.1/../../../../arm-atollic-eabi/lib/armv7-m\libc_nano.a(lib_a-memcpy-stub.o)
                0x080034d4                memcpy
 .text.memset   0x080034ea       0x10 c:/program files (x86)/atollic/truestudio for stm32 9.0.0/armtools/bin/../lib/gcc/arm-atollic-eabi/6.3.1/../../../../arm-atollic-eabi/lib/armv7-m\libc_nano.a(lib_a-memset.o)
                0x080034ea                memset
 *fill*         0x080034fa        0x2 
 .text.sprintf  0x080034fc       0x48 c:/program files (x86)/atollic/truestudio for stm32 9.0.0/armtools/bin/../lib/gcc/arm-atollic-eabi/6.3.1/../../../../arm-atollic-eabi/lib/armv7-m\libc_nano.a(lib_a-sprintf.o)
                0x080034fc                siprintf
                0x080034fc                sprintf
 .text.__ssputs_r
                0x08003544       0xb6 c:/program files (x86)/atollic/truestudio for stm32 9.0.0/armtools/bin/../lib/gcc/arm-atollic-eabi/6.3.1/../../../../arm-atollic-eabi/lib/armv7-m\libc_nano.a(lib_a-nano-svfprintf.o)
                0x08003544                __ssputs_r
 *fill*         0x080035fa        0x2 
 .text._svfprintf_r
                0x080035fc      0x1e8 c:/program files (x86)/atollic/truestudio for stm32 9.0.0/armtools/bin/../lib/gcc/arm-atollic-eabi/6.3.1/../../../../arm-atollic-eabi/lib/armv7-m\libc_nano.a(lib_a-nano-svfprintf.o)
                0x080035fc                _svfiprintf_r
                0x080035fc                _svfprintf_r
 .text._printf_common
                0x080037e4       0xee c:/program files (x86)/atollic/truestudio for stm32 9.0.0/armtools/bin/../lib/gcc/arm-atollic-eabi/6.3.1/../../../../arm-atollic-eabi/lib/armv7-m\libc_nano.a(lib_a-nano-vfprintf_i.o)
                0x080037e4                _printf_common
 *fill*         0x080038d2        0x2 
 .text._printf_i
                0x080038d4      0x240 c:/program files (x86)/atollic/truestudio for stm32 9.0.0/armtools/bin/../lib/gcc/arm-atollic-eabi/6.3.1/../../../../arm-atollic-eabi/lib/armv7-m\libc_nano.a(lib_a-nano-vfprintf_i.o)
                0x080038d4                _printf_i
 .text.memchr   0x08003b14       0x1c c:/program files (x86)/atollic/truestudio for stm32 9.0.0/armtools/bin/../lib/gcc/arm-atollic-eabi/6.3.1/../../../../arm-atollic-eabi/lib/armv7-m\libc_nano.a(lib_a-memchr-stub.o)
                0x08003b14                memchr
 .text.memmove  0x08003b30       0x34 c:/program files (x86)/atollic/truestudio for stm32 9.0.0/armtools/bin/../lib/gcc/arm-atollic-eabi/6.3.1/../../../../arm-atollic-eabi/lib/armv7-m\libc_nano.a(lib_a-memmove.o)
                0x08003b30                memmove
 .text._free_r  0x08003b64       0x98 c:/program files (x86)/atollic/truestudio for stm32 9.0.0/armtools/bin/../lib/gcc/arm-atollic-eabi/6.3.1/../../../../arm-atollic-eabi/lib/armv7-m\libc_nano.a(lib_a-nano-freer.o)
                0x08003b64                _free_r
 .text._malloc_r
                0x08003bfc       0xbc c:/program files (x86)/atollic/truestudio for stm32 9.0.0/armtools/bin/../lib/gcc/arm-atollic-eabi/6.3.1/../../../../arm-atollic-eabi/lib/armv7-m\libc_nano.a(lib_a-nano-mallocr.o)
                0x08003bfc                _malloc_r
 .text._realloc_r
                0x08003cb8       0x4c c:/program files (x86)/atollic/truestudio for stm32 9.0.0/armtools/bin/../lib/gcc/arm-atollic-eabi/6.3.1/../../../../arm-atollic-eabi/lib/armv7-m\libc_nano.a(lib_a-nano-reallocr.o)
                0x08003cb8                _realloc_r
 .text._sbrk_r  0x08003d04       0x20 c:/program files (x86)/atollic/truestudio for stm32 9.0.0/armtools/bin/../lib/gcc/arm-atollic-eabi/6.3.1/../../../../arm-atollic-eabi/lib/armv7-m\libc_nano.a(lib_a-sbrkr.o)
                0x08003d04                _sbrk_r
 .text.__malloc_lock
                0x08003d24        0x2 c:/program files (x86)/atollic/truestudio for stm32 9.0.0/armtools/bin/../lib/gcc/arm-atollic-eabi/6.3.1/../../../../arm-atollic-eabi/lib/armv7-m\libc_nano.a(lib_a-mlock.o)
                0x08003d24                __malloc_lock
 .text.__malloc_unlock
                0x08003d26        0x2 c:/program files (x86)/atollic/truestudio for stm32 9.0.0/armtools/bin/../lib/gcc/arm-atollic-eabi/6.3.1/../../../../arm-atollic-eabi/lib/armv7-m\libc_nano.a(lib_a-mlock.o)
                0x08003d26                __malloc_unlock
 .text._malloc_usable_size_r
                0x08003d28       0x12 c:/program files (x86)/atollic/truestudio for stm32 9.0.0/armtools/bin/../lib/gcc/arm-atollic-eabi/6.3.1/../../../../arm-atollic-eabi/lib/armv7-m\libc_nano.a(lib_a-nano-msizer.o)
                0x08003d28                _malloc_usable_size_r
 .text.abort    0x08003d3a        0xe c:/program files (x86)/atollic/truestudio for stm32 9.0.0/armtools/bin/../lib/gcc/arm-atollic-eabi/6.3.1/../../../../arm-atollic-eabi/lib/armv7-m\libc_nano.a(lib_a-abort.o)
                0x08003d3a                abort
 .text._raise_r
                0x08003d48       0x50 c:/program files (x86)/atollic/truestudio for stm32 9.0.0/armtools/bin/../lib/gcc/arm-atollic-eabi/6.3.1/../../../../arm-atollic-eabi/lib/armv7-m\libc_nano.a(lib_a-signal.o)
                0x08003d48                _raise_r
 .text.raise    0x08003d98       0x10 c:/program files (x86)/atollic/truestudio for stm32 9.0.0/armtools/bin/../lib/gcc/arm-atollic-eabi/6.3.1/../../../../arm-atollic-eabi/lib/armv7-m\libc_nano.a(lib_a-signal.o)
                0x08003d98                raise
 .text._kill_r  0x08003da8       0x24 c:/program files (x86)/atollic/truestudio for stm32 9.0.0/armtools/bin/../lib/gcc/arm-atollic-eabi/6.3.1/../../../../arm-atollic-eabi/lib/armv7-m\libc_nano.a(lib_a-signalr.o)
                0x08003da8                _kill_r
 .text._getpid_r
                0x08003dcc        0x4 c:/program files (x86)/atollic/truestudio for stm32 9.0.0/armtools/bin/../lib/gcc/arm-atollic-eabi/6.3.1/../../../../arm-atollic-eabi/lib/armv7-m\libc_nano.a(lib_a-signalr.o)
                0x08003dcc                _getpid_r
 *(.glue_7)
 .glue_7        0x08003dd0        0x0 linker stubs
 *(.glue_7t)
 .glue_7t       0x08003dd0        0x0 linker stubs
 *(.eh_frame)
 .eh_frame      0x08003dd0        0x0 c:/program files (x86)/atollic/truestudio for stm32 9.0.0/armtools/bin/../lib/gcc/arm-atollic-eabi/6.3.1/armv7-m/crtbegin.o
 *(.init)
 .init          0x08003dd0        0x4 c:/program files (x86)/atollic/truestudio for stm32 9.0.0/armtools/bin/../lib/gcc/arm-atollic-eabi/6.3.1/armv7-m/crti.o
                0x08003dd0                _init
 .init          0x08003dd4        0x8 c:/program files (x86)/atollic/truestudio for stm32 9.0.0/armtools/bin/../lib/gcc/arm-atollic-eabi/6.3.1/armv7-m/crtn.o
 *(.fini)
 .fini          0x08003ddc        0x4 c:/program files (x86)/atollic/truestudio for stm32 9.0.0/armtools/bin/../lib/gcc/arm-atollic-eabi/6.3.1/armv7-m/crti.o
                0x08003ddc                _fini
 .fini          0x08003de0        0x8 c:/program files (x86)/atollic/truestudio for stm32 9.0.0/armtools/bin/../lib/gcc/arm-atollic-eabi/6.3.1/armv7-m/crtn.o
                0x08003de8                . = ALIGN (0x4)
                0x08003de8                _etext = .

.vfp11_veneer   0x08003de8        0x0
 .vfp11_veneer  0x08003de8        0x0 linker stubs

.v4_bx          0x08003de8        0x0
 .v4_bx         0x08003de8        0x0 linker stubs

.iplt           0x08003de8        0x0
 .iplt          0x08003de8        0x0 c:/program files (x86)/atollic/truestudio for stm32 9.0.0/armtools/bin/../lib/gcc/arm-atollic-eabi/6.3.1/armv7-m/crtbegin.o

.rodata         0x08003de8      0x320
                0x08003de8                . = ALIGN (0x4)
 *(.rodata)
 .rodata        0x08003de8      0x2c5 Core\Src\RF24.o
 .rodata        0x080040ad       0x10 Drivers\STM32F1xx_HAL_Driver\Src\stm32f1xx_hal_rcc.o
 *(.rodata*)
 .rodata.AHBPrescTable
                0x080040bd       0x10 Core\Src\system_stm32f1xx.o
                0x080040bd                AHBPrescTable
 .rodata.APBPrescTable
                0x080040cd        0x8 Core\Src\system_stm32f1xx.o
                0x080040cd                APBPrescTable
 .rodata._svfprintf_r.str1.1
                0x080040d5       0x11 c:/program files (x86)/atollic/truestudio for stm32 9.0.0/armtools/bin/../lib/gcc/arm-atollic-eabi/6.3.1/../../../../arm-atollic-eabi/lib/armv7-m\libc_nano.a(lib_a-nano-svfprintf.o)
 .rodata._printf_i.str1.1
                0x080040e6       0x22 c:/program files (x86)/atollic/truestudio for stm32 9.0.0/armtools/bin/../lib/gcc/arm-atollic-eabi/6.3.1/../../../../arm-atollic-eabi/lib/armv7-m\libc_nano.a(lib_a-nano-vfprintf_i.o)
                0x08004108                . = ALIGN (0x4)

.ARM.extab      0x08004108      0x15c
 *(.ARM.extab* .gnu.linkonce.armextab.*)
 .ARM.extab.text._ZN4RF243csnE13GPIO_PinState
                0x08004108        0xc Core\Src\RF24.o
 .ARM.extab.text._ZN4RF242ceE13GPIO_PinState
                0x08004114        0xc Core\Src\RF24.o
 .ARM.extab.text._ZN4RF2416beginTransactionEv
                0x08004120        0xc Core\Src\RF24.o
 .ARM.extab.text._ZN4RF2414endTransactionEv
                0x0800412c        0xc Core\Src\RF24.o
 .ARM.extab.text._ZN4RF2413read_registerEh
                0x08004138        0xc Core\Src\RF24.o
 .ARM.extab.text._ZN4RF2414write_registerEhPKhh
                0x08004144        0xc Core\Src\RF24.o
 .ARM.extab.text._ZN4RF2414write_registerEhh
                0x08004150        0xc Core\Src\RF24.o
 .ARM.extab.text._ZN4RF2413write_payloadEPKvhh
                0x0800415c        0xc Core\Src\RF24.o
 .ARM.extab.text._ZN4RF248flush_rxEv
                0x08004168        0xc Core\Src\RF24.o
 .ARM.extab.text._ZN4RF248flush_txEv
                0x08004174        0xc Core\Src\RF24.o
 .ARM.extab.text._ZN4RF248spiTransEh
                0x08004180        0xc Core\Src\RF24.o
 .ARM.extab.text._ZN4RF2410get_statusEv
                0x0800418c        0xc Core\Src\RF24.o
 .ARM.extab.text._ZN4RF2410setChannelEh
                0x08004198        0xc Core\Src\RF24.o
 .ARM.extab.text._ZN4RF245beginEv
                0x080041a4        0xc Core\Src\RF24.o
 .ARM.extab.text._ZN4RF247powerUpEv
                0x080041b0        0xc Core\Src\RF24.o
 .ARM.extab.text._ZN4RF249errNotifyEv
                0x080041bc        0xc Core\Src\RF24.o
 .ARM.extab.text._ZN4RF245writeEPKvhb
                0x080041c8        0xc Core\Src\RF24.o
 .ARM.extab.text._ZN4RF245writeEPKvh
                0x080041d4        0xc Core\Src\RF24.o
 .ARM.extab.text._ZN4RF2414startFastWriteEPKvhbb
                0x080041e0        0xc Core\Src\RF24.o
 .ARM.extab.text._ZN4RF2415openWritingPipeEy
                0x080041ec        0xc Core\Src\RF24.o
 .ARM.extab.text._ZN4RF2415toggle_featuresEv
                0x080041f8        0xc Core\Src\RF24.o
 .ARM.extab.text._ZN4RF2411setDataRateE15rf24_datarate_e
                0x08004204        0xc Core\Src\RF24.o
 .ARM.extab.text._ZN4RF2410setRetriesEhh
                0x08004210        0xc Core\Src\RF24.o
 .ARM.extab.text.main
                0x0800421c        0xc Core\Src\main.o
 .ARM.extab.text._Z18SystemClock_Configv
                0x08004228        0xc Core\Src\main.o
 .ARM.extab.text._ZL12MX_TIM2_Initv
                0x08004234        0xc Core\Src\main.o
 .ARM.extab.text._ZL12MX_GPIO_Initv
                0x08004240        0xc Core\Src\main.o
 .ARM.extab     0x0800424c       0x18 c:/program files (x86)/atollic/truestudio for stm32 9.0.0/armtools/bin/../lib/gcc/arm-atollic-eabi/6.3.1/armv7-m\libgcc.a(pr-support.o)

.ARM            0x08004264      0x1b0
                0x08004264                __exidx_start = .
 *(.ARM.exidx*)
 .ARM.exidx.text._ZN4RF243csnE13GPIO_PinState
                0x0800431c        0x8 Core\Src\RF24.o
 .ARM.exidx.text._ZN4RF242ceE13GPIO_PinState
                0x08004324        0x8 Core\Src\RF24.o
 .ARM.exidx.text._ZN4RF2416beginTransactionEv
                0x0800432c        0x8 Core\Src\RF24.o
 .ARM.exidx.text._ZN4RF2414endTransactionEv
                0x08004334        0x8 Core\Src\RF24.o
 .ARM.exidx.text._ZN4RF2413read_registerEh
                0x0800433c        0x8 Core\Src\RF24.o
 .ARM.exidx.text._ZN4RF2414write_registerEhPKhh
                0x08004344        0x8 Core\Src\RF24.o
 .ARM.exidx.text._ZN4RF2414write_registerEhh
                0x0800434c        0x8 Core\Src\RF24.o
 .ARM.exidx.text._ZN4RF2413write_payloadEPKvhh
                0x08004354        0x8 Core\Src\RF24.o
 .ARM.exidx.text._ZN4RF248flush_rxEv
                0x0800435c        0x8 Core\Src\RF24.o
 .ARM.exidx.text._ZN4RF248flush_txEv
                0x08004364        0x8 Core\Src\RF24.o
 .ARM.exidx.text._ZN4RF248spiTransEh
                0x0800436c        0x8 Core\Src\RF24.o
 .ARM.exidx.text._ZN4RF2410get_statusEv
                0x08004374        0x8 Core\Src\RF24.o
 .ARM.exidx.text._ZN4RF24C2EP12GPIO_TypeDeftS1_tP19__SPI_HandleTypeDef
                0x0800437c        0x8 Core\Src\RF24.o
 .ARM.exidx.text._ZN4RF2410setChannelEh
                0x08004384        0x8 Core\Src\RF24.o
 .ARM.exidx.text._ZN4RF245beginEv
                0x0800438c        0x8 Core\Src\RF24.o
 .ARM.exidx.text._ZN4RF247powerUpEv
                0x08004394        0x8 Core\Src\RF24.o
 .ARM.exidx.text._ZN4RF249errNotifyEv
                0x0800439c        0x8 Core\Src\RF24.o
 .ARM.exidx.text._ZN4RF245writeEPKvhb
                0x080043a4        0x8 Core\Src\RF24.o
 .ARM.exidx.text._ZN4RF245writeEPKvh
                0x080043ac        0x8 Core\Src\RF24.o
 .ARM.exidx.text._ZN4RF2414startFastWriteEPKvhbb
                0x080043b4        0x8 Core\Src\RF24.o
 .ARM.exidx.text._ZN4RF2415openWritingPipeEy
                0x080043bc        0x8 Core\Src\RF24.o
 .ARM.exidx.text._ZN4RF2415toggle_featuresEv
                0x080043c4        0x8 Core\Src\RF24.o
 .ARM.exidx.text._ZN4RF2411setDataRateE15rf24_datarate_e
                0x080043cc        0x8 Core\Src\RF24.o
 .ARM.exidx.text._ZN4RF2410setRetriesEhh
                0x080043d4        0x8 Core\Src\RF24.o
 .ARM.exidx.text.main
                0x080043dc        0x8 Core\Src\main.o
 .ARM.exidx.text._Z18SystemClock_Configv
                0x080043e4        0x8 Core\Src\main.o
 .ARM.exidx.text._ZL12MX_SPI1_Initv
                0x080043ec        0x8 Core\Src\main.o
 .ARM.exidx.text._ZL12MX_TIM2_Initv
                0x080043f4        0x8 Core\Src\main.o
 .ARM.exidx.text._ZL19MX_USART1_UART_Initv
                0x080043fc        0x8 Core\Src\main.o
 .ARM.exidx.text._ZL12MX_GPIO_Initv
                0x08004404        0x8 Core\Src\main.o
 .ARM.exidx.text.Error_Handler
                0x0800440c        0x8 Core\Src\main.o
 .ARM.exidx     0x08004264       0x80 c:/program files (x86)/atollic/truestudio for stm32 9.0.0/armtools/bin/../lib/gcc/arm-atollic-eabi/6.3.1/armv7-m\libgcc.a(unwind-arm.o)
                                 0xd8 (size before relaxing)
 .ARM.exidx     0x080042e4       0x38 c:/program files (x86)/atollic/truestudio for stm32 9.0.0/armtools/bin/../lib/gcc/arm-atollic-eabi/6.3.1/armv7-m\libgcc.a(pr-support.o)
                                 0x48 (size before relaxing)
                0x08004414                __exidx_end = .

.rel.dyn        0x08004414        0x0
 .rel.iplt      0x08004414        0x0 c:/program files (x86)/atollic/truestudio for stm32 9.0.0/armtools/bin/../lib/gcc/arm-atollic-eabi/6.3.1/armv7-m/crtbegin.o

.preinit_array  0x08004414        0x0
                0x08004414                PROVIDE (__preinit_array_start, .)
 *(.preinit_array*)
                0x08004414                PROVIDE (__preinit_array_end, .)

.init_array     0x08004414        0x4
                0x08004414                PROVIDE (__init_array_start, .)
 *(SORT(.init_array.*))
 *(.init_array*)
 .init_array    0x08004414        0x4 c:/program files (x86)/atollic/truestudio for stm32 9.0.0/armtools/bin/../lib/gcc/arm-atollic-eabi/6.3.1/armv7-m/crtbegin.o
                0x08004418                PROVIDE (__init_array_end, .)

.fini_array     0x08004418        0x4
                [!provide]                PROVIDE (__fini_array_start, .)
 *(SORT(.fini_array.*))
 *(.fini_array*)
 .fini_array    0x08004418        0x4 c:/program files (x86)/atollic/truestudio for stm32 9.0.0/armtools/bin/../lib/gcc/arm-atollic-eabi/6.3.1/armv7-m/crtbegin.o
                [!provide]                PROVIDE (__fini_array_end, .)
                0x0800441c                _sidata = LOADADDR (.data)

.data           0x20000000       0x74 load address 0x0800441c
                0x20000000                . = ALIGN (0x4)
                0x20000000                _sdata = .
 *(.data)
 .data          0x20000000        0x1 Core\Src\main.o
                0x20000000                data
 *(.data*)
 *fill*         0x20000001        0x3 
 .data.SystemCoreClock
                0x20000004        0x4 Core\Src\system_stm32f1xx.o
                0x20000004                SystemCoreClock
 .data.uwTickFreq
                0x20000008        0x1 Drivers\STM32F1xx_HAL_Driver\Src\stm32f1xx_hal.o
                0x20000008                uwTickFreq
 *fill*         0x20000009        0x3 
 .data.uwTickPrio
                0x2000000c        0x4 Drivers\STM32F1xx_HAL_Driver\Src\stm32f1xx_hal.o
                0x2000000c                uwTickPrio
 .data._impure_ptr
                0x20000010        0x4 c:/program files (x86)/atollic/truestudio for stm32 9.0.0/armtools/bin/../lib/gcc/arm-atollic-eabi/6.3.1/../../../../arm-atollic-eabi/lib/armv7-m\libc_nano.a(lib_a-impure.o)
                0x20000010                _impure_ptr
 .data.impure_data
                0x20000014       0x60 c:/program files (x86)/atollic/truestudio for stm32 9.0.0/armtools/bin/../lib/gcc/arm-atollic-eabi/6.3.1/../../../../arm-atollic-eabi/lib/armv7-m\libc_nano.a(lib_a-impure.o)
                0x20000074                . = ALIGN (0x4)
                0x20000074                _edata = .

.igot.plt       0x20000074        0x0 load address 0x08004490
 .igot.plt      0x20000074        0x0 c:/program files (x86)/atollic/truestudio for stm32 9.0.0/armtools/bin/../lib/gcc/arm-atollic-eabi/6.3.1/armv7-m/crtbegin.o
                0x20000074                . = ALIGN (0x4)

.bss            0x20000074      0x108 load address 0x08004490
                0x20000074                _sbss = .
                0x20000074                __bss_start__ = _sbss
 *(.bss)
 .bss           0x20000074       0x1c c:/program files (x86)/atollic/truestudio for stm32 9.0.0/armtools/bin/../lib/gcc/arm-atollic-eabi/6.3.1/armv7-m/crtbegin.o
 .bss           0x20000090       0xd8 Core\Src\main.o
                0x20000090                hspi1
                0x200000e8                htim2
                0x20000128                huart1
 *(.bss*)
 .bss.heap_end.5887
                0x20000168        0x4 Core\Src\syscalls.o
 .bss.__malloc_free_list
                0x2000016c        0x4 c:/program files (x86)/atollic/truestudio for stm32 9.0.0/armtools/bin/../lib/gcc/arm-atollic-eabi/6.3.1/../../../../arm-atollic-eabi/lib/armv7-m\libc_nano.a(lib_a-nano-mallocr.o)
                0x2000016c                __malloc_free_list
 .bss.__malloc_sbrk_start
                0x20000170        0x4 c:/program files (x86)/atollic/truestudio for stm32 9.0.0/armtools/bin/../lib/gcc/arm-atollic-eabi/6.3.1/../../../../arm-atollic-eabi/lib/armv7-m\libc_nano.a(lib_a-nano-mallocr.o)
                0x20000170                __malloc_sbrk_start
 *(COMMON)
 COMMON         0x20000174        0x4 Drivers\STM32F1xx_HAL_Driver\Src\stm32f1xx_hal.o
                0x20000174                uwTick
 COMMON         0x20000178        0x4 c:/program files (x86)/atollic/truestudio for stm32 9.0.0/armtools/bin/../lib/gcc/arm-atollic-eabi/6.3.1/../../../../arm-atollic-eabi/lib/armv7-m\libc_nano.a(lib_a-reent.o)
                0x20000178                errno
                0x2000017c                . = ALIGN (0x4)
                0x2000017c                _ebss = .
                0x2000017c                __bss_end__ = _ebss

._user_heap_stack
                0x2000017c      0x600 load address 0x08004490
                0x2000017c                . = ALIGN (0x4)
                0x2000017c                PROVIDE (end, .)
                [!provide]                PROVIDE (_end, .)
                0x2000037c                . = (. + _Min_Heap_Size)
 *fill*         0x2000017c      0x200 
                0x2000077c                . = (. + _Min_Stack_Size)
 *fill*         0x2000037c      0x400 
                0x2000077c                . = ALIGN (0x4)

/DISCARD/
 libc.a(*)
 libm.a(*)
 libgcc.a(*)

.ARM.attributes
                0x00000000       0x29
 *(.ARM.attributes)
 .ARM.attributes
                0x00000000       0x1d c:/program files (x86)/atollic/truestudio for stm32 9.0.0/armtools/bin/../lib/gcc/arm-atollic-eabi/6.3.1/armv7-m/crti.o
 .ARM.attributes
                0x0000001d       0x2d c:/program files (x86)/atollic/truestudio for stm32 9.0.0/armtools/bin/../lib/gcc/arm-atollic-eabi/6.3.1/armv7-m/crtbegin.o
 .ARM.attributes
                0x0000004a       0x33 Core\Src\RF24.o
 .ARM.attributes
                0x0000007d       0x33 Core\Src\main.o
 .ARM.attributes
                0x000000b0       0x33 Core\Src\stm32f1xx_hal_msp.o
 .ARM.attributes
                0x000000e3       0x33 Core\Src\stm32f1xx_it.o
 .ARM.attributes
                0x00000116       0x33 Core\Src\syscalls.o
 .ARM.attributes
                0x00000149       0x33 Core\Src\system_stm32f1xx.o
 .ARM.attributes
                0x0000017c       0x33 Drivers\STM32F1xx_HAL_Driver\Src\stm32f1xx_hal.o
 .ARM.attributes
                0x000001af       0x33 Drivers\STM32F1xx_HAL_Driver\Src\stm32f1xx_hal_cortex.o
 .ARM.attributes
                0x000001e2       0x33 Drivers\STM32F1xx_HAL_Driver\Src\stm32f1xx_hal_dma.o
 .ARM.attributes
                0x00000215       0x33 Drivers\STM32F1xx_HAL_Driver\Src\stm32f1xx_hal_gpio.o
 .ARM.attributes
                0x00000248       0x33 Drivers\STM32F1xx_HAL_Driver\Src\stm32f1xx_hal_rcc.o
 .ARM.attributes
                0x0000027b       0x33 Drivers\STM32F1xx_HAL_Driver\Src\stm32f1xx_hal_spi.o
 .ARM.attributes
                0x000002ae       0x33 Drivers\STM32F1xx_HAL_Driver\Src\stm32f1xx_hal_spi_ex.o
 .ARM.attributes
                0x000002e1       0x33 Drivers\STM32F1xx_HAL_Driver\Src\stm32f1xx_hal_tim.o
 .ARM.attributes
                0x00000314       0x33 Drivers\STM32F1xx_HAL_Driver\Src\stm32f1xx_hal_tim_ex.o
 .ARM.attributes
                0x00000347       0x33 Drivers\STM32F1xx_HAL_Driver\Src\stm32f1xx_hal_uart.o
 .ARM.attributes
                0x0000037a       0x21 startup\startup_stm32f103xb.o
 .ARM.attributes
                0x0000039b       0x2d c:/program files (x86)/atollic/truestudio for stm32 9.0.0/armtools/bin/../lib/gcc/arm-atollic-eabi/6.3.1/../../../../arm-atollic-eabi/lib/armv7-m\libc_nano.a(lib_a-errno.o)
 .ARM.attributes
                0x000003c8       0x2d c:/program files (x86)/atollic/truestudio for stm32 9.0.0/armtools/bin/../lib/gcc/arm-atollic-eabi/6.3.1/../../../../arm-atollic-eabi/lib/armv7-m\libc_nano.a(lib_a-impure.o)
 .ARM.attributes
                0x000003f5       0x2d c:/program files (x86)/atollic/truestudio for stm32 9.0.0/armtools/bin/../lib/gcc/arm-atollic-eabi/6.3.1/../../../../arm-atollic-eabi/lib/armv7-m\libc_nano.a(lib_a-init.o)
 .ARM.attributes
                0x00000422       0x2d c:/program files (x86)/atollic/truestudio for stm32 9.0.0/armtools/bin/../lib/gcc/arm-atollic-eabi/6.3.1/../../../../arm-atollic-eabi/lib/armv7-m\libc_nano.a(lib_a-memcpy-stub.o)
 .ARM.attributes
                0x0000044f       0x2d c:/program files (x86)/atollic/truestudio for stm32 9.0.0/armtools/bin/../lib/gcc/arm-atollic-eabi/6.3.1/../../../../arm-atollic-eabi/lib/armv7-m\libc_nano.a(lib_a-memset.o)
 .ARM.attributes
                0x0000047c       0x2d c:/program files (x86)/atollic/truestudio for stm32 9.0.0/armtools/bin/../lib/gcc/arm-atollic-eabi/6.3.1/../../../../arm-atollic-eabi/lib/armv7-m\libc_nano.a(lib_a-sprintf.o)
 .ARM.attributes
                0x000004a9       0x17 c:/program files (x86)/atollic/truestudio for stm32 9.0.0/armtools/bin/../lib/gcc/arm-atollic-eabi/6.3.1/../../../../arm-atollic-eabi/lib/armv7-m\libc_nano.a(lib_a-strlen.o)
 .ARM.attributes
                0x000004c0       0x2d c:/program files (x86)/atollic/truestudio for stm32 9.0.0/armtools/bin/../lib/gcc/arm-atollic-eabi/6.3.1/../../../../arm-atollic-eabi/lib/armv7-m\libc_nano.a(lib_a-nano-svfprintf.o)
 .ARM.attributes
                0x000004ed       0x2d c:/program files (x86)/atollic/truestudio for stm32 9.0.0/armtools/bin/../lib/gcc/arm-atollic-eabi/6.3.1/../../../../arm-atollic-eabi/lib/armv7-m\libc_nano.a(lib_a-nano-vfprintf_i.o)
 .ARM.attributes
                0x0000051a       0x2d c:/program files (x86)/atollic/truestudio for stm32 9.0.0/armtools/bin/../lib/gcc/arm-atollic-eabi/6.3.1/../../../../arm-atollic-eabi/lib/armv7-m\libc_nano.a(lib_a-memchr-stub.o)
 .ARM.attributes
                0x00000547       0x2d c:/program files (x86)/atollic/truestudio for stm32 9.0.0/armtools/bin/../lib/gcc/arm-atollic-eabi/6.3.1/../../../../arm-atollic-eabi/lib/armv7-m\libc_nano.a(lib_a-memmove.o)
 .ARM.attributes
                0x00000574       0x2d c:/program files (x86)/atollic/truestudio for stm32 9.0.0/armtools/bin/../lib/gcc/arm-atollic-eabi/6.3.1/../../../../arm-atollic-eabi/lib/armv7-m\libc_nano.a(lib_a-nano-freer.o)
 .ARM.attributes
                0x000005a1       0x2d c:/program files (x86)/atollic/truestudio for stm32 9.0.0/armtools/bin/../lib/gcc/arm-atollic-eabi/6.3.1/../../../../arm-atollic-eabi/lib/armv7-m\libc_nano.a(lib_a-nano-mallocr.o)
 .ARM.attributes
                0x000005ce       0x2d c:/program files (x86)/atollic/truestudio for stm32 9.0.0/armtools/bin/../lib/gcc/arm-atollic-eabi/6.3.1/../../../../arm-atollic-eabi/lib/armv7-m\libc_nano.a(lib_a-nano-reallocr.o)
 .ARM.attributes
                0x000005fb       0x2d c:/program files (x86)/atollic/truestudio for stm32 9.0.0/armtools/bin/../lib/gcc/arm-atollic-eabi/6.3.1/../../../../arm-atollic-eabi/lib/armv7-m\libc_nano.a(lib_a-sbrkr.o)
 .ARM.attributes
                0x00000628       0x2d c:/program files (x86)/atollic/truestudio for stm32 9.0.0/armtools/bin/../lib/gcc/arm-atollic-eabi/6.3.1/../../../../arm-atollic-eabi/lib/armv7-m\libc_nano.a(lib_a-mlock.o)
 .ARM.attributes
                0x00000655       0x2d c:/program files (x86)/atollic/truestudio for stm32 9.0.0/armtools/bin/../lib/gcc/arm-atollic-eabi/6.3.1/../../../../arm-atollic-eabi/lib/armv7-m\libc_nano.a(lib_a-nano-msizer.o)
 .ARM.attributes
                0x00000682       0x2d c:/program files (x86)/atollic/truestudio for stm32 9.0.0/armtools/bin/../lib/gcc/arm-atollic-eabi/6.3.1/../../../../arm-atollic-eabi/lib/armv7-m\libc_nano.a(lib_a-reent.o)
 .ARM.attributes
                0x000006af       0x2d c:/program files (x86)/atollic/truestudio for stm32 9.0.0/armtools/bin/../lib/gcc/arm-atollic-eabi/6.3.1/armv7-m\libgcc.a(unwind-arm.o)
 .ARM.attributes
                0x000006dc       0x1d c:/program files (x86)/atollic/truestudio for stm32 9.0.0/armtools/bin/../lib/gcc/arm-atollic-eabi/6.3.1/armv7-m\libgcc.a(libunwind.o)
 .ARM.attributes
                0x000006f9       0x2d c:/program files (x86)/atollic/truestudio for stm32 9.0.0/armtools/bin/../lib/gcc/arm-atollic-eabi/6.3.1/armv7-m\libgcc.a(pr-support.o)
 .ARM.attributes
                0x00000726       0x2d c:/program files (x86)/atollic/truestudio for stm32 9.0.0/armtools/bin/../lib/gcc/arm-atollic-eabi/6.3.1/../../../../arm-atollic-eabi/lib/armv7-m\libc_nano.a(lib_a-abort.o)
 .ARM.attributes
                0x00000753       0x2d c:/program files (x86)/atollic/truestudio for stm32 9.0.0/armtools/bin/../lib/gcc/arm-atollic-eabi/6.3.1/../../../../arm-atollic-eabi/lib/armv7-m\libc_nano.a(lib_a-signal.o)
 .ARM.attributes
                0x00000780       0x2d c:/program files (x86)/atollic/truestudio for stm32 9.0.0/armtools/bin/../lib/gcc/arm-atollic-eabi/6.3.1/../../../../arm-atollic-eabi/lib/armv7-m\libc_nano.a(lib_a-signalr.o)
 .ARM.attributes
                0x000007ad       0x1d c:/program files (x86)/atollic/truestudio for stm32 9.0.0/armtools/bin/../lib/gcc/arm-atollic-eabi/6.3.1/armv7-m/crtn.o
OUTPUT(NRF24.elf elf32-littlearm)

.debug_info     0x00000000    0x198e0
 .debug_info    0x00000000     0x3441 Core\Src\RF24.o
 .debug_info    0x00003441     0x236b Core\Src\main.o
 .debug_info    0x000057ac     0x18c0 Core\Src\stm32f1xx_hal_msp.o
 .debug_info    0x0000706c     0x10d3 Core\Src\stm32f1xx_it.o
 .debug_info    0x0000813f      0xfe1 Core\Src\syscalls.o
 .debug_info    0x00009120      0xc4d Core\Src\system_stm32f1xx.o
 .debug_info    0x00009d6d      0xfc8 Drivers\STM32F1xx_HAL_Driver\Src\stm32f1xx_hal.o
 .debug_info    0x0000ad35     0x14a9 Drivers\STM32F1xx_HAL_Driver\Src\stm32f1xx_hal_cortex.o
 .debug_info    0x0000c1de     0x1047 Drivers\STM32F1xx_HAL_Driver\Src\stm32f1xx_hal_dma.o
 .debug_info    0x0000d225      0xec2 Drivers\STM32F1xx_HAL_Driver\Src\stm32f1xx_hal_gpio.o
 .debug_info    0x0000e0e7     0x123d Drivers\STM32F1xx_HAL_Driver\Src\stm32f1xx_hal_rcc.o
 .debug_info    0x0000f324     0x235e Drivers\STM32F1xx_HAL_Driver\Src\stm32f1xx_hal_spi.o
 .debug_info    0x00011682      0xe61 Drivers\STM32F1xx_HAL_Driver\Src\stm32f1xx_hal_spi_ex.o
 .debug_info    0x000124e3     0x3bb9 Drivers\STM32F1xx_HAL_Driver\Src\stm32f1xx_hal_tim.o
 .debug_info    0x0001609c     0x1989 Drivers\STM32F1xx_HAL_Driver\Src\stm32f1xx_hal_tim_ex.o
 .debug_info    0x00017a25     0x1e46 Drivers\STM32F1xx_HAL_Driver\Src\stm32f1xx_hal_uart.o
 .debug_info    0x0001986b       0x75 startup\startup_stm32f103xb.o

.debug_abbrev   0x00000000     0x2f0e
 .debug_abbrev  0x00000000      0x3b1 Core\Src\RF24.o
 .debug_abbrev  0x000003b1      0x369 Core\Src\main.o
 .debug_abbrev  0x0000071a      0x25e Core\Src\stm32f1xx_hal_msp.o
 .debug_abbrev  0x00000978      0x206 Core\Src\stm32f1xx_it.o
 .debug_abbrev  0x00000b7e      0x2d9 Core\Src\syscalls.o
 .debug_abbrev  0x00000e57      0x1eb Core\Src\system_stm32f1xx.o
 .debug_abbrev  0x00001042      0x315 Drivers\STM32F1xx_HAL_Driver\Src\stm32f1xx_hal.o
 .debug_abbrev  0x00001357      0x399 Drivers\STM32F1xx_HAL_Driver\Src\stm32f1xx_hal_cortex.o
 .debug_abbrev  0x000016f0      0x29e Drivers\STM32F1xx_HAL_Driver\Src\stm32f1xx_hal_dma.o
 .debug_abbrev  0x0000198e      0x268 Drivers\STM32F1xx_HAL_Driver\Src\stm32f1xx_hal_gpio.o
 .debug_abbrev  0x00001bf6      0x367 Drivers\STM32F1xx_HAL_Driver\Src\stm32f1xx_hal_rcc.o
 .debug_abbrev  0x00001f5d      0x39b Drivers\STM32F1xx_HAL_Driver\Src\stm32f1xx_hal_spi.o
 .debug_abbrev  0x000022f8      0x1d8 Drivers\STM32F1xx_HAL_Driver\Src\stm32f1xx_hal_spi_ex.o
 .debug_abbrev  0x000024d0      0x3bb Drivers\STM32F1xx_HAL_Driver\Src\stm32f1xx_hal_tim.o
 .debug_abbrev  0x0000288b      0x30d Drivers\STM32F1xx_HAL_Driver\Src\stm32f1xx_hal_tim_ex.o
 .debug_abbrev  0x00002b98      0x364 Drivers\STM32F1xx_HAL_Driver\Src\stm32f1xx_hal_uart.o
 .debug_abbrev  0x00002efc       0x12 startup\startup_stm32f103xb.o

.debug_aranges  0x00000000      0xd60
 .debug_aranges
                0x00000000      0x268 Core\Src\RF24.o
 .debug_aranges
                0x00000268       0x50 Core\Src\main.o
 .debug_aranges
                0x000002b8       0x50 Core\Src\stm32f1xx_hal_msp.o
 .debug_aranges
                0x00000308       0x58 Core\Src\stm32f1xx_it.o
 .debug_aranges
                0x00000360       0xb0 Core\Src\syscalls.o
 .debug_aranges
                0x00000410       0x28 Core\Src\system_stm32f1xx.o
 .debug_aranges
                0x00000438       0xc8 Drivers\STM32F1xx_HAL_Driver\Src\stm32f1xx_hal.o
 .debug_aranges
                0x00000500       0x90 Drivers\STM32F1xx_HAL_Driver\Src\stm32f1xx_hal_cortex.o
 .debug_aranges
                0x00000590       0x78 Drivers\STM32F1xx_HAL_Driver\Src\stm32f1xx_hal_dma.o
 .debug_aranges
                0x00000608       0x58 Drivers\STM32F1xx_HAL_Driver\Src\stm32f1xx_hal_gpio.o
 .debug_aranges
                0x00000660       0x88 Drivers\STM32F1xx_HAL_Driver\Src\stm32f1xx_hal_rcc.o
 .debug_aranges
                0x000006e8      0x188 Drivers\STM32F1xx_HAL_Driver\Src\stm32f1xx_hal_spi.o
 .debug_aranges
                0x00000870       0x20 Drivers\STM32F1xx_HAL_Driver\Src\stm32f1xx_hal_spi_ex.o
 .debug_aranges
                0x00000890      0x250 Drivers\STM32F1xx_HAL_Driver\Src\stm32f1xx_hal_tim.o
 .debug_aranges
                0x00000ae0       0xe8 Drivers\STM32F1xx_HAL_Driver\Src\stm32f1xx_hal_tim_ex.o
 .debug_aranges
                0x00000bc8      0x170 Drivers\STM32F1xx_HAL_Driver\Src\stm32f1xx_hal_uart.o
 .debug_aranges
                0x00000d38       0x28 startup\startup_stm32f103xb.o

.debug_ranges   0x00000000      0xfc8
 .debug_ranges  0x00000000      0x258 Core\Src\RF24.o
 .debug_ranges  0x00000258       0x40 Core\Src\main.o
 .debug_ranges  0x00000298       0xf8 Core\Src\stm32f1xx_hal_msp.o
 .debug_ranges  0x00000390       0x48 Core\Src\stm32f1xx_it.o
 .debug_ranges  0x000003d8       0xa0 Core\Src\syscalls.o
 .debug_ranges  0x00000478       0x18 Core\Src\system_stm32f1xx.o
 .debug_ranges  0x00000490       0xb8 Drivers\STM32F1xx_HAL_Driver\Src\stm32f1xx_hal.o
 .debug_ranges  0x00000548      0x128 Drivers\STM32F1xx_HAL_Driver\Src\stm32f1xx_hal_cortex.o
 .debug_ranges  0x00000670       0xa8 Drivers\STM32F1xx_HAL_Driver\Src\stm32f1xx_hal_dma.o
 .debug_ranges  0x00000718       0x60 Drivers\STM32F1xx_HAL_Driver\Src\stm32f1xx_hal_gpio.o
 .debug_ranges  0x00000778       0xa0 Drivers\STM32F1xx_HAL_Driver\Src\stm32f1xx_hal_rcc.o
 .debug_ranges  0x00000818      0x1d8 Drivers\STM32F1xx_HAL_Driver\Src\stm32f1xx_hal_spi.o
 .debug_ranges  0x000009f0       0x10 Drivers\STM32F1xx_HAL_Driver\Src\stm32f1xx_hal_spi_ex.o
 .debug_ranges  0x00000a00      0x340 Drivers\STM32F1xx_HAL_Driver\Src\stm32f1xx_hal_tim.o
 .debug_ranges  0x00000d40       0xd8 Drivers\STM32F1xx_HAL_Driver\Src\stm32f1xx_hal_tim_ex.o
 .debug_ranges  0x00000e18      0x190 Drivers\STM32F1xx_HAL_Driver\Src\stm32f1xx_hal_uart.o
 .debug_ranges  0x00000fa8       0x20 startup\startup_stm32f103xb.o

.debug_line     0x00000000     0x6a93
 .debug_line    0x00000000      0xa90 Core\Src\RF24.o
 .debug_line    0x00000a90      0x434 Core\Src\main.o
 .debug_line    0x00000ec4      0x3fd Core\Src\stm32f1xx_hal_msp.o
 .debug_line    0x000012c1      0x349 Core\Src\stm32f1xx_it.o
 .debug_line    0x0000160a      0x3c5 Core\Src\syscalls.o
 .debug_line    0x000019cf      0x2c4 Core\Src\system_stm32f1xx.o
 .debug_line    0x00001c93      0x45f Drivers\STM32F1xx_HAL_Driver\Src\stm32f1xx_hal.o
 .debug_line    0x000020f2      0x469 Drivers\STM32F1xx_HAL_Driver\Src\stm32f1xx_hal_cortex.o
 .debug_line    0x0000255b      0x68f Drivers\STM32F1xx_HAL_Driver\Src\stm32f1xx_hal_dma.o
 .debug_line    0x00002bea      0x45e Drivers\STM32F1xx_HAL_Driver\Src\stm32f1xx_hal_gpio.o
 .debug_line    0x00003048      0x639 Drivers\STM32F1xx_HAL_Driver\Src\stm32f1xx_hal_rcc.o
 .debug_line    0x00003681      0xbeb Drivers\STM32F1xx_HAL_Driver\Src\stm32f1xx_hal_spi.o
 .debug_line    0x0000426c      0x305 Drivers\STM32F1xx_HAL_Driver\Src\stm32f1xx_hal_spi_ex.o
 .debug_line    0x00004571     0x115f Drivers\STM32F1xx_HAL_Driver\Src\stm32f1xx_hal_tim.o
 .debug_line    0x000056d0      0x701 Drivers\STM32F1xx_HAL_Driver\Src\stm32f1xx_hal_tim_ex.o
 .debug_line    0x00005dd1      0xc45 Drivers\STM32F1xx_HAL_Driver\Src\stm32f1xx_hal_uart.o
 .debug_line    0x00006a16       0x7d startup\startup_stm32f103xb.o

.debug_str      0x00000000     0x4d41
 .debug_str     0x00000000     0x1a38 Core\Src\RF24.o
                               0x1d69 (size before relaxing)
 .debug_str     0x00001a38      0x4d5 Core\Src\main.o
                               0x1fe7 (size before relaxing)
 .debug_str     0x00001f0d      0x4c8 Core\Src\stm32f1xx_hal_msp.o
                               0x11ea (size before relaxing)
 .debug_str     0x000023d5      0x100 Core\Src\stm32f1xx_it.o
                                0xc7c (size before relaxing)
 .debug_str     0x000024d5      0x25b Core\Src\syscalls.o
                                0x859 (size before relaxing)
 .debug_str     0x00002730       0xa6 Core\Src\system_stm32f1xx.o
                                0x76e (size before relaxing)
 .debug_str     0x000027d6      0x25d Drivers\STM32F1xx_HAL_Driver\Src\stm32f1xx_hal.o
                                0xc6b (size before relaxing)
 .debug_str     0x00002a33      0x25c Drivers\STM32F1xx_HAL_Driver\Src\stm32f1xx_hal_cortex.o
                                0xd93 (size before relaxing)
 .debug_str     0x00002c8f      0x23a Drivers\STM32F1xx_HAL_Driver\Src\stm32f1xx_hal_dma.o
                                0xaf7 (size before relaxing)
 .debug_str     0x00002ec9      0x119 Drivers\STM32F1xx_HAL_Driver\Src\stm32f1xx_hal_gpio.o
                                0x900 (size before relaxing)
 .debug_str     0x00002fe2      0x1f5 Drivers\STM32F1xx_HAL_Driver\Src\stm32f1xx_hal_rcc.o
                                0xade (size before relaxing)
 .debug_str     0x000031d7      0x4d0 Drivers\STM32F1xx_HAL_Driver\Src\stm32f1xx_hal_spi.o
                                0xfd3 (size before relaxing)
 .debug_str     0x000036a7       0x3b Drivers\STM32F1xx_HAL_Driver\Src\stm32f1xx_hal_spi_ex.o
                                0xabb (size before relaxing)
 .debug_str     0x000036e2      0xcca Drivers\STM32F1xx_HAL_Driver\Src\stm32f1xx_hal_tim.o
                               0x182f (size before relaxing)
 .debug_str     0x000043ac      0x4a7 Drivers\STM32F1xx_HAL_Driver\Src\stm32f1xx_hal_tim_ex.o
                               0x10d1 (size before relaxing)
 .debug_str     0x00004853      0x4ee Drivers\STM32F1xx_HAL_Driver\Src\stm32f1xx_hal_uart.o
                               0x1048 (size before relaxing)

.comment        0x00000000       0x7c
 .comment       0x00000000       0x7c Core\Src\RF24.o
                                 0x7d (size before relaxing)
 .comment       0x0000007c       0x7d Core\Src\main.o
 .comment       0x0000007c       0x7d Core\Src\stm32f1xx_hal_msp.o
 .comment       0x0000007c       0x7d Core\Src\stm32f1xx_it.o
 .comment       0x0000007c       0x7d Core\Src\syscalls.o
 .comment       0x0000007c       0x7d Core\Src\system_stm32f1xx.o
 .comment       0x0000007c       0x7d Drivers\STM32F1xx_HAL_Driver\Src\stm32f1xx_hal.o
 .comment       0x0000007c       0x7d Drivers\STM32F1xx_HAL_Driver\Src\stm32f1xx_hal_cortex.o
 .comment       0x0000007c       0x7d Drivers\STM32F1xx_HAL_Driver\Src\stm32f1xx_hal_dma.o
 .comment       0x0000007c       0x7d Drivers\STM32F1xx_HAL_Driver\Src\stm32f1xx_hal_gpio.o
 .comment       0x0000007c       0x7d Drivers\STM32F1xx_HAL_Driver\Src\stm32f1xx_hal_rcc.o
 .comment       0x0000007c       0x7d Drivers\STM32F1xx_HAL_Driver\Src\stm32f1xx_hal_spi.o
 .comment       0x0000007c       0x7d Drivers\STM32F1xx_HAL_Driver\Src\stm32f1xx_hal_spi_ex.o
 .comment       0x0000007c       0x7d Drivers\STM32F1xx_HAL_Driver\Src\stm32f1xx_hal_tim.o
 .comment       0x0000007c       0x7d Drivers\STM32F1xx_HAL_Driver\Src\stm32f1xx_hal_tim_ex.o
 .comment       0x0000007c       0x7d Drivers\STM32F1xx_HAL_Driver\Src\stm32f1xx_hal_uart.o

.debug_frame    0x00000000     0x33f0
 .debug_frame   0x00000000      0xac0 Core\Src\RF24.o
 .debug_frame   0x00000ac0       0xf4 Core\Src\main.o
 .debug_frame   0x00000bb4       0xd0 Core\Src\stm32f1xx_hal_msp.o
 .debug_frame   0x00000c84       0xc0 Core\Src\stm32f1xx_it.o
 .debug_frame   0x00000d44      0x1a8 Core\Src\syscalls.o
 .debug_frame   0x00000eec       0x30 Core\Src\system_stm32f1xx.o
 .debug_frame   0x00000f1c      0x1b0 Drivers\STM32F1xx_HAL_Driver\Src\stm32f1xx_hal.o
 .debug_frame   0x000010cc      0x120 Drivers\STM32F1xx_HAL_Driver\Src\stm32f1xx_hal_cortex.o
 .debug_frame   0x000011ec      0x144 Drivers\STM32F1xx_HAL_Driver\Src\stm32f1xx_hal_dma.o
 .debug_frame   0x00001330       0xd4 Drivers\STM32F1xx_HAL_Driver\Src\stm32f1xx_hal_gpio.o
 .debug_frame   0x00001404      0x150 Drivers\STM32F1xx_HAL_Driver\Src\stm32f1xx_hal_rcc.o
 .debug_frame   0x00001554      0x570 Drivers\STM32F1xx_HAL_Driver\Src\stm32f1xx_hal_spi.o
 .debug_frame   0x00001ac4       0x28 Drivers\STM32F1xx_HAL_Driver\Src\stm32f1xx_hal_spi_ex.o
 .debug_frame   0x00001aec      0x854 Drivers\STM32F1xx_HAL_Driver\Src\stm32f1xx_hal_tim.o
 .debug_frame   0x00002340      0x320 Drivers\STM32F1xx_HAL_Driver\Src\stm32f1xx_hal_tim_ex.o
 .debug_frame   0x00002660      0x4a0 Drivers\STM32F1xx_HAL_Driver\Src\stm32f1xx_hal_uart.o
 .debug_frame   0x00002b00       0x20 c:/program files (x86)/atollic/truestudio for stm32 9.0.0/armtools/bin/../lib/gcc/arm-atollic-eabi/6.3.1/../../../../arm-atollic-eabi/lib/armv7-m\libc_nano.a(lib_a-errno.o)
 .debug_frame   0x00002b20       0x2c c:/program files (x86)/atollic/truestudio for stm32 9.0.0/armtools/bin/../lib/gcc/arm-atollic-eabi/6.3.1/../../../../arm-atollic-eabi/lib/armv7-m\libc_nano.a(lib_a-init.o)
 .debug_frame   0x00002b4c       0x28 c:/program files (x86)/atollic/truestudio for stm32 9.0.0/armtools/bin/../lib/gcc/arm-atollic-eabi/6.3.1/../../../../arm-atollic-eabi/lib/armv7-m\libc_nano.a(lib_a-memcpy-stub.o)
 .debug_frame   0x00002b74       0x20 c:/program files (x86)/atollic/truestudio for stm32 9.0.0/armtools/bin/../lib/gcc/arm-atollic-eabi/6.3.1/../../../../arm-atollic-eabi/lib/armv7-m\libc_nano.a(lib_a-memset.o)
 .debug_frame   0x00002b94       0x70 c:/program files (x86)/atollic/truestudio for stm32 9.0.0/armtools/bin/../lib/gcc/arm-atollic-eabi/6.3.1/../../../../arm-atollic-eabi/lib/armv7-m\libc_nano.a(lib_a-sprintf.o)
 .debug_frame   0x00002c04       0x90 c:/program files (x86)/atollic/truestudio for stm32 9.0.0/armtools/bin/../lib/gcc/arm-atollic-eabi/6.3.1/../../../../arm-atollic-eabi/lib/armv7-m\libc_nano.a(lib_a-nano-svfprintf.o)
 .debug_frame   0x00002c94       0x60 c:/program files (x86)/atollic/truestudio for stm32 9.0.0/armtools/bin/../lib/gcc/arm-atollic-eabi/6.3.1/../../../../arm-atollic-eabi/lib/armv7-m\libc_nano.a(lib_a-nano-vfprintf_i.o)
 .debug_frame   0x00002cf4       0x28 c:/program files (x86)/atollic/truestudio for stm32 9.0.0/armtools/bin/../lib/gcc/arm-atollic-eabi/6.3.1/../../../../arm-atollic-eabi/lib/armv7-m\libc_nano.a(lib_a-memchr-stub.o)
 .debug_frame   0x00002d1c       0x28 c:/program files (x86)/atollic/truestudio for stm32 9.0.0/armtools/bin/../lib/gcc/arm-atollic-eabi/6.3.1/../../../../arm-atollic-eabi/lib/armv7-m\libc_nano.a(lib_a-memmove.o)
 .debug_frame   0x00002d44       0x38 c:/program files (x86)/atollic/truestudio for stm32 9.0.0/armtools/bin/../lib/gcc/arm-atollic-eabi/6.3.1/../../../../arm-atollic-eabi/lib/armv7-m\libc_nano.a(lib_a-nano-freer.o)
 .debug_frame   0x00002d7c       0x2c c:/program files (x86)/atollic/truestudio for stm32 9.0.0/armtools/bin/../lib/gcc/arm-atollic-eabi/6.3.1/../../../../arm-atollic-eabi/lib/armv7-m\libc_nano.a(lib_a-nano-mallocr.o)
 .debug_frame   0x00002da8       0x3c c:/program files (x86)/atollic/truestudio for stm32 9.0.0/armtools/bin/../lib/gcc/arm-atollic-eabi/6.3.1/../../../../arm-atollic-eabi/lib/armv7-m\libc_nano.a(lib_a-nano-reallocr.o)
 .debug_frame   0x00002de4       0x2c c:/program files (x86)/atollic/truestudio for stm32 9.0.0/armtools/bin/../lib/gcc/arm-atollic-eabi/6.3.1/../../../../arm-atollic-eabi/lib/armv7-m\libc_nano.a(lib_a-sbrkr.o)
 .debug_frame   0x00002e10       0x30 c:/program files (x86)/atollic/truestudio for stm32 9.0.0/armtools/bin/../lib/gcc/arm-atollic-eabi/6.3.1/../../../../arm-atollic-eabi/lib/armv7-m\libc_nano.a(lib_a-mlock.o)
 .debug_frame   0x00002e40       0x20 c:/program files (x86)/atollic/truestudio for stm32 9.0.0/armtools/bin/../lib/gcc/arm-atollic-eabi/6.3.1/../../../../arm-atollic-eabi/lib/armv7-m\libc_nano.a(lib_a-nano-msizer.o)
 .debug_frame   0x00002e60       0x5c c:/program files (x86)/atollic/truestudio for stm32 9.0.0/armtools/bin/../lib/gcc/arm-atollic-eabi/6.3.1/../../../../arm-atollic-eabi/lib/armv7-m\libc_nano.a(lib_a-reent.o)
 .debug_frame   0x00002ebc      0x300 c:/program files (x86)/atollic/truestudio for stm32 9.0.0/armtools/bin/../lib/gcc/arm-atollic-eabi/6.3.1/armv7-m\libgcc.a(unwind-arm.o)
 .debug_frame   0x000031bc      0x104 c:/program files (x86)/atollic/truestudio for stm32 9.0.0/armtools/bin/../lib/gcc/arm-atollic-eabi/6.3.1/armv7-m\libgcc.a(pr-support.o)
 .debug_frame   0x000032c0       0x28 c:/program files (x86)/atollic/truestudio for stm32 9.0.0/armtools/bin/../lib/gcc/arm-atollic-eabi/6.3.1/../../../../arm-atollic-eabi/lib/armv7-m\libc_nano.a(lib_a-abort.o)
 .debug_frame   0x000032e8       0xcc c:/program files (x86)/atollic/truestudio for stm32 9.0.0/armtools/bin/../lib/gcc/arm-atollic-eabi/6.3.1/../../../../arm-atollic-eabi/lib/armv7-m\libc_nano.a(lib_a-signal.o)
 .debug_frame   0x000033b4       0x3c c:/program files (x86)/atollic/truestudio for stm32 9.0.0/armtools/bin/../lib/gcc/arm-atollic-eabi/6.3.1/../../../../arm-atollic-eabi/lib/armv7-m\libc_nano.a(lib_a-signalr.o)

.debug_loc      0x00000000     0x7988
 .debug_loc     0x00000000       0xb0 Core\Src\stm32f1xx_hal_msp.o
 .debug_loc     0x000000b0      0x3ef Core\Src\syscalls.o
 .debug_loc     0x0000049f       0xcd Core\Src\system_stm32f1xx.o
 .debug_loc     0x0000056c      0x11b Drivers\STM32F1xx_HAL_Driver\Src\stm32f1xx_hal.o
 .debug_loc     0x00000687      0x46b Drivers\STM32F1xx_HAL_Driver\Src\stm32f1xx_hal_cortex.o
 .debug_loc     0x00000af2      0x5d1 Drivers\STM32F1xx_HAL_Driver\Src\stm32f1xx_hal_dma.o
 .debug_loc     0x000010c3      0x36a Drivers\STM32F1xx_HAL_Driver\Src\stm32f1xx_hal_gpio.o
 .debug_loc     0x0000142d      0x4c3 Drivers\STM32F1xx_HAL_Driver\Src\stm32f1xx_hal_rcc.o
 .debug_loc     0x000018f0     0x1525 Drivers\STM32F1xx_HAL_Driver\Src\stm32f1xx_hal_spi.o
 .debug_loc     0x00002e15       0x34 Drivers\STM32F1xx_HAL_Driver\Src\stm32f1xx_hal_spi_ex.o
 .debug_loc     0x00002e49     0x300c Drivers\STM32F1xx_HAL_Driver\Src\stm32f1xx_hal_tim.o
 .debug_loc     0x00005e55      0x822 Drivers\STM32F1xx_HAL_Driver\Src\stm32f1xx_hal_tim_ex.o
 .debug_loc     0x00006677     0x1311 Drivers\STM32F1xx_HAL_Driver\Src\stm32f1xx_hal_uart.o
