Archive member included to satisfy reference by file (symbol)

c:/program files (x86)/atollic/truestudio for stm32 9.0.0/armtools/bin/../lib/gcc/arm-atollic-eabi/6.3.1/../../../../arm-atollic-eabi/lib/armv7-m\libc.a(lib_a-errno.o)
                              Core\Src\syscalls.o (__errno)
c:/program files (x86)/atollic/truestudio for stm32 9.0.0/armtools/bin/../lib/gcc/arm-atollic-eabi/6.3.1/../../../../arm-atollic-eabi/lib/armv7-m\libc.a(lib_a-impure.o)
                              c:/program files (x86)/atollic/truestudio for stm32 9.0.0/armtools/bin/../lib/gcc/arm-atollic-eabi/6.3.1/../../../../arm-atollic-eabi/lib/armv7-m\libc.a(lib_a-errno.o) (_impure_ptr)
c:/program files (x86)/atollic/truestudio for stm32 9.0.0/armtools/bin/../lib/gcc/arm-atollic-eabi/6.3.1/../../../../arm-atollic-eabi/lib/armv7-m\libc.a(lib_a-init.o)
                              startup\startup_stm32f103xb.o (__libc_init_array)
c:/program files (x86)/atollic/truestudio for stm32 9.0.0/armtools/bin/../lib/gcc/arm-atollic-eabi/6.3.1/../../../../arm-atollic-eabi/lib/armv7-m\libc.a(lib_a-memcpy-stub.o)
                              Core\Src\RF24.o (memcpy)
c:/program files (x86)/atollic/truestudio for stm32 9.0.0/armtools/bin/../lib/gcc/arm-atollic-eabi/6.3.1/../../../../arm-atollic-eabi/lib/armv7-m\libc.a(lib_a-memset.o)
                              Core\Src\main.o (memset)
c:/program files (x86)/atollic/truestudio for stm32 9.0.0/armtools/bin/../lib/gcc/arm-atollic-eabi/6.3.1/../../../../arm-atollic-eabi/lib/armv7-m\libc.a(lib_a-sprintf.o)
                              Core\Src\RF24.o (sprintf)
c:/program files (x86)/atollic/truestudio for stm32 9.0.0/armtools/bin/../lib/gcc/arm-atollic-eabi/6.3.1/../../../../arm-atollic-eabi/lib/armv7-m\libc.a(lib_a-strlen.o)
                              Core\Src\RF24.o (strlen)
c:/program files (x86)/atollic/truestudio for stm32 9.0.0/armtools/bin/../lib/gcc/arm-atollic-eabi/6.3.1/../../../../arm-atollic-eabi/lib/armv7-m\libc.a(lib_a-svfprintf.o)
                              c:/program files (x86)/atollic/truestudio for stm32 9.0.0/armtools/bin/../lib/gcc/arm-atollic-eabi/6.3.1/../../../../arm-atollic-eabi/lib/armv7-m\libc.a(lib_a-sprintf.o) (_svfprintf_r)
c:/program files (x86)/atollic/truestudio for stm32 9.0.0/armtools/bin/../lib/gcc/arm-atollic-eabi/6.3.1/../../../../arm-atollic-eabi/lib/armv7-m\libc.a(lib_a-dtoa.o)
                              c:/program files (x86)/atollic/truestudio for stm32 9.0.0/armtools/bin/../lib/gcc/arm-atollic-eabi/6.3.1/../../../../arm-atollic-eabi/lib/armv7-m\libc.a(lib_a-svfprintf.o) (_dtoa_r)
c:/program files (x86)/atollic/truestudio for stm32 9.0.0/armtools/bin/../lib/gcc/arm-atollic-eabi/6.3.1/../../../../arm-atollic-eabi/lib/armv7-m\libc.a(lib_a-localeconv.o)
                              c:/program files (x86)/atollic/truestudio for stm32 9.0.0/armtools/bin/../lib/gcc/arm-atollic-eabi/6.3.1/../../../../arm-atollic-eabi/lib/armv7-m\libc.a(lib_a-svfprintf.o) (_localeconv_r)
c:/program files (x86)/atollic/truestudio for stm32 9.0.0/armtools/bin/../lib/gcc/arm-atollic-eabi/6.3.1/../../../../arm-atollic-eabi/lib/armv7-m\libc.a(lib_a-malloc.o)
                              c:/program files (x86)/atollic/truestudio for stm32 9.0.0/armtools/bin/../lib/gcc/arm-atollic-eabi/6.3.1/../../../../arm-atollic-eabi/lib/armv7-m\libc.a(lib_a-dtoa.o) (malloc)
c:/program files (x86)/atollic/truestudio for stm32 9.0.0/armtools/bin/../lib/gcc/arm-atollic-eabi/6.3.1/../../../../arm-atollic-eabi/lib/armv7-m\libc.a(lib_a-mallocr.o)
                              c:/program files (x86)/atollic/truestudio for stm32 9.0.0/armtools/bin/../lib/gcc/arm-atollic-eabi/6.3.1/../../../../arm-atollic-eabi/lib/armv7-m\libc.a(lib_a-svfprintf.o) (_malloc_r)
c:/program files (x86)/atollic/truestudio for stm32 9.0.0/armtools/bin/../lib/gcc/arm-atollic-eabi/6.3.1/../../../../arm-atollic-eabi/lib/armv7-m\libc.a(lib_a-memchr-stub.o)
                              c:/program files (x86)/atollic/truestudio for stm32 9.0.0/armtools/bin/../lib/gcc/arm-atollic-eabi/6.3.1/../../../../arm-atollic-eabi/lib/armv7-m\libc.a(lib_a-svfprintf.o) (memchr)
c:/program files (x86)/atollic/truestudio for stm32 9.0.0/armtools/bin/../lib/gcc/arm-atollic-eabi/6.3.1/../../../../arm-atollic-eabi/lib/armv7-m\libc.a(lib_a-mlock.o)
                              c:/program files (x86)/atollic/truestudio for stm32 9.0.0/armtools/bin/../lib/gcc/arm-atollic-eabi/6.3.1/../../../../arm-atollic-eabi/lib/armv7-m\libc.a(lib_a-mallocr.o) (__malloc_lock)
c:/program files (x86)/atollic/truestudio for stm32 9.0.0/armtools/bin/../lib/gcc/arm-atollic-eabi/6.3.1/../../../../arm-atollic-eabi/lib/armv7-m\libc.a(lib_a-mprec.o)
                              c:/program files (x86)/atollic/truestudio for stm32 9.0.0/armtools/bin/../lib/gcc/arm-atollic-eabi/6.3.1/../../../../arm-atollic-eabi/lib/armv7-m\libc.a(lib_a-dtoa.o) (_Balloc)
[...]
Memory Configuration

Name             Origin             Length             Attributes
RAM              0x20000000         0x00005000         xrw
FLASH            0x08000000         0x00010000         xr
*default*        0x00000000         0xffffffff

Linker script and memory map

LOAD c:/program files (x86)/atollic/truestudio for stm32 9.0.0/armtools/bin/../lib/gcc/arm-atollic-eabi/6.3.1/armv7-m/crti.o
LOAD c:/program files (x86)/atollic/truestudio for stm32 9.0.0/armtools/bin/../lib/gcc/arm-atollic-eabi/6.3.1/armv7-m/crtbegin.o
LOAD Core\Src\RF24.o
LOAD Core\Src\main.o
LOAD Core\Src\stm32f1xx_hal_msp.o
LOAD Core\Src\stm32f1xx_it.o
LOAD Core\Src\syscalls.o
LOAD Core\Src\system_stm32f1xx.o
LOAD Drivers\STM32F1xx_HAL_Driver\Src\stm32f1xx_hal.o
LOAD Drivers\STM32F1xx_HAL_Driver\Src\stm32f1xx_hal_cortex.o
LOAD Drivers\STM32F1xx_HAL_Driver\Src\stm32f1xx_hal_dma.o
LOAD Drivers\STM32F1xx_HAL_Driver\Src\stm32f1xx_hal_flash.o
LOAD Drivers\STM32F1xx_HAL_Driver\Src\stm32f1xx_hal_flash_ex.o
LOAD Drivers\STM32F1xx_HAL_Driver\Src\stm32f1xx_hal_gpio.o
LOAD Drivers\STM32F1xx_HAL_Driver\Src\stm32f1xx_hal_gpio_ex.o
LOAD Drivers\STM32F1xx_HAL_Driver\Src\stm32f1xx_hal_pwr.o
LOAD Drivers\STM32F1xx_HAL_Driver\Src\stm32f1xx_hal_rcc.o
LOAD Drivers\STM32F1xx_HAL_Driver\Src\stm32f1xx_hal_rcc_ex.o
LOAD Drivers\STM32F1xx_HAL_Driver\Src\stm32f1xx_hal_spi.o
LOAD Drivers\STM32F1xx_HAL_Driver\Src\stm32f1xx_hal_spi_ex.o
LOAD Drivers\STM32F1xx_HAL_Driver\Src\stm32f1xx_hal_tim.o
LOAD Drivers\STM32F1xx_HAL_Driver\Src\stm32f1xx_hal_tim_ex.o
LOAD Drivers\STM32F1xx_HAL_Driver\Src\stm32f1xx_hal_uart.o
LOAD startup\startup_stm32f103xb.o
                0x00001000                malloc_getpagesize_P = 0x1000
START GROUP
LOAD c:/program files (x86)/atollic/truestudio for stm32 9.0.0/armtools/bin/../lib/gcc/arm-atollic-eabi/6.3.1/../../../../arm-atollic-eabi/lib/armv7-m\libstdc++.a
LOAD c:/program files (x86)/atollic/truestudio for stm32 9.0.0/armtools/bin/../lib/gcc/arm-atollic-eabi/6.3.1/../../../../arm-atollic-eabi/lib/armv7-m\libsupc++.a
END GROUP
LOAD c:/program files (x86)/atollic/truestudio for stm32 9.0.0/armtools/bin/../lib/gcc/arm-atollic-eabi/6.3.1/../../../../arm-atollic-eabi/lib/armv7-m\libstdc++.a
LOAD c:/program files (x86)/atollic/truestudio for stm32 9.0.0/armtools/bin/../lib/gcc/arm-atollic-eabi/6.3.1/../../../../arm-atollic-eabi/lib/armv7-m\libm.a
LOAD c:/program files (x86)/atollic/truestudio for stm32 9.0.0/armtools/bin/../lib/gcc/arm-atollic-eabi/6.3.1/../../../../arm-atollic-eabi/lib/armv7-m\libc.a
START GROUP
LOAD c:/program files (x86)/atollic/truestudio for stm32 9.0.0/armtools/bin/../lib/gcc/arm-atollic-eabi/6.3.1/armv7-m\libgcc.a
LOAD c:/program files (x86)/atollic/truestudio for stm32 9.0.0/armtools/bin/../lib/gcc/arm-atollic-eabi/6.3.1/../../../../arm-atollic-eabi/lib/armv7-m\libc.a
END GROUP
START GROUP
LOAD c:/program files (x86)/atollic/truestudio for stm32 9.0.0/armtools/bin/../lib/gcc/arm-atollic-eabi/6.3.1/armv7-m\libgcc.a
LOAD c:/program files (x86)/atollic/truestudio for stm32 9.0.0/armtools/bin/../lib/gcc/arm-atollic-eabi/6.3.1/../../../../arm-atollic-eabi/lib/armv7-m\libc.a
LOAD c:/program files (x86)/atollic/truestudio for stm32 9.0.0/armtools/bin/../lib/gcc/arm-atollic-eabi/6.3.1/../../../../arm-atollic-eabi/lib/armv7-m\libnosys.a
END GROUP
LOAD c:/program files (x86)/atollic/truestudio for stm32 9.0.0/armtools/bin/../lib/gcc/arm-atollic-eabi/6.3.1/armv7-m/crtend.o
LOAD c:/program files (x86)/atollic/truestudio for stm32 9.0.0/armtools/bin/../lib/gcc/arm-atollic-eabi/6.3.1/armv7-m/crtn.o
                0x20005000                _estack = 0x20005000
                0x00000200                _Min_Heap_Size = 0x200
                0x00000400                _Min_Stack_Size = 0x400

.isr_vector     0x08000000      0x10c
                0x08000000                . = ALIGN (0x4)
 *(.isr_vector)
 .isr_vector    0x08000000      0x10c startup\startup_stm32f103xb.o
                0x08000000                g_pfnVectors
                0x0800010c                . = ALIGN (0x4)

.text           0x08000110     0x8230
                0x08000110                . = ALIGN (0x4)
 *(.text)
 .text          0x08000110       0x40 c:/program files (x86)/atollic/truestudio for stm32 9.0.0/armtools/bin/../lib/gcc/arm-atollic-eabi/6.3.1/armv7-m/crtbegin.o
 .text          0x08000150       0x10 c:/program files (x86)/atollic/truestudio for stm32 9.0.0/armtools/bin/../lib/gcc/arm-atollic-eabi/6.3.1/../../../../arm-atollic-eabi/lib/armv7-m\libc.a(lib_a-strlen.o)
                0x08000150                strlen
 .text          0x08000160      0x370 c:/program files (x86)/atollic/truestudio for stm32 9.0.0/armtools/bin/../lib/gcc/arm-atollic-eabi/6.3.1/armv7-m\libgcc.a(_arm_addsubdf3.o)
                0x08000160                __aeabi_drsub
                0x08000168                __aeabi_dsub
                0x08000168                __subdf3
                0x0800016c                __aeabi_dadd
                0x0800016c                __adddf3
                0x080003e4                __floatunsidf
                0x080003e4                __aeabi_ui2d
                0x08000404                __floatsidf
                0x08000404                __aeabi_i2d
                0x08000428                __aeabi_f2d
                0x08000428                __extendsfdf2
                0x08000464                __floatundidf
                0x08000464                __aeabi_ul2d
                0x08000474                __floatdidf
                0x08000474                __aeabi_l2d
 .text          0x080004d0      0x424 c:/program files (x86)/atollic/truestudio for stm32 9.0.0/armtools/bin/../lib/gcc/arm-atollic-eabi/6.3.1/armv7-m\libgcc.a(_arm_muldivdf3.o)
                0x080004d0                __aeabi_dmul
                0x080004d0                __muldf3
                0x08000724                __divdf3
                0x08000724                __aeabi_ddiv
 .text          0x080008f4      0x110 c:/program files (x86)/atollic/truestudio for stm32 9.0.0/armtools/bin/../lib/gcc/arm-atollic-eabi/6.3.1/armv7-m\libgcc.a(_arm_cmpdf2.o)
                0x080008f4                __gtdf2
                0x080008f4                __gedf2
                0x080008fc                __ltdf2
                0x080008fc                __ledf2
                0x08000904                __nedf2
                0x08000904                __eqdf2
                0x08000904                __cmpdf2
                0x08000980                __aeabi_cdrcmple
                0x08000990                __aeabi_cdcmpeq
                0x08000990                __aeabi_cdcmple
                0x080009a0                __aeabi_dcmpeq
                0x080009b4                __aeabi_dcmplt
                0x080009c8                __aeabi_dcmple
                0x080009dc                __aeabi_dcmpge
                0x080009f0                __aeabi_dcmpgt
 .text          0x08000a04       0x2c c:/program files (x86)/atollic/truestudio for stm32 9.0.0/armtools/bin/../lib/gcc/arm-atollic-eabi/6.3.1/armv7-m\libgcc.a(_arm_unorddf2.o)
                0x08000a04                __unorddf2
                0x08000a04                __aeabi_dcmpun
 .text          0x08000a30       0x50 c:/program files (x86)/atollic/truestudio for stm32 9.0.0/armtools/bin/../lib/gcc/arm-atollic-eabi/6.3.1/armv7-m\libgcc.a(_arm_fixdfsi.o)
                0x08000a30                __aeabi_d2iz
                0x08000a30                __fixdfsi
 .text          0x08000a80       0x30 c:/program files (x86)/atollic/truestudio for stm32 9.0.0/armtools/bin/../lib/gcc/arm-atollic-eabi/6.3.1/armv7-m\libgcc.a(_aeabi_uldivmod.o)
                0x08000a80                __aeabi_uldivmod
 .text          0x08000ab0      0x2dc c:/program files (x86)/atollic/truestudio for stm32 9.0.0/armtools/bin/../lib/gcc/arm-atollic-eabi/6.3.1/armv7-m\libgcc.a(_udivmoddi4.o)
                0x08000ab0                __udivmoddi4
 .text          0x08000d8c      0x9dc c:/program files (x86)/atollic/truestudio for stm32 9.0.0/armtools/bin/../lib/gcc/arm-atollic-eabi/6.3.1/armv7-m\libgcc.a(unwind-arm.o)
                0x08001050                _Unwind_GetCFA
                0x08001054                __gnu_Unwind_RaiseException
                0x080010b4                __gnu_Unwind_ForcedUnwind
                0x080010c8                __gnu_Unwind_Resume
                0x0800110c                __gnu_Unwind_Resume_or_Rethrow
                0x08001120                _Unwind_Complete
                0x08001124                _Unwind_DeleteException
                0x08001130                _Unwind_VRS_Get
                0x0800117c                _Unwind_VRS_Set
                0x080011cc                __gnu_Unwind_Backtrace
                0x08001510                __aeabi_unwind_cpp_pr0
                0x08001514                __aeabi_unwind_cpp_pr1
                0x08001518                __aeabi_unwind_cpp_pr2
                0x0800151c                _Unwind_VRS_Pop
 .text          0x08001768      0x1ac c:/program files (x86)/atollic/truestudio for stm32 9.0.0/armtools/bin/../lib/gcc/arm-atollic-eabi/6.3.1/armv7-m\libgcc.a(libunwind.o)
                0x08001768                __restore_core_regs
                0x08001768                restore_core_regs
                0x08001780                __gnu_Unwind_Restore_VFP
                0x08001788                __gnu_Unwind_Save_VFP
                0x08001790                __gnu_Unwind_Restore_VFP_D
                0x08001798                __gnu_Unwind_Save_VFP_D
                0x080017a0                __gnu_Unwind_Restore_VFP_D_16_to_31
                0x080017a8                __gnu_Unwind_Save_VFP_D_16_to_31
                0x080017b0                __gnu_Unwind_Restore_WMMXD
                0x080017f4                __gnu_Unwind_Save_WMMXD
                0x08001838                __gnu_Unwind_Restore_WMMXC
                0x0800184c                __gnu_Unwind_Save_WMMXC
                0x08001860                ___Unwind_RaiseException
                0x08001860                _Unwind_RaiseException
                0x08001884                _Unwind_Resume
                0x08001884                ___Unwind_Resume
                0x080018a8                _Unwind_Resume_or_Rethrow
                0x080018a8                ___Unwind_Resume_or_Rethrow
                0x080018cc                _Unwind_ForcedUnwind
                0x080018cc                ___Unwind_ForcedUnwind
                0x080018f0                ___Unwind_Backtrace
                0x080018f0                _Unwind_Backtrace
 .text          0x08001914      0x384 c:/program files (x86)/atollic/truestudio for stm32 9.0.0/armtools/bin/../lib/gcc/arm-atollic-eabi/6.3.1/armv7-m\libgcc.a(pr-support.o)
                0x0800196c                __gnu_unwind_execute
                0x08001c3c                __gnu_unwind_frame
                0x08001c68                _Unwind_GetRegionStart
                0x08001c74                _Unwind_GetLanguageSpecificData
                0x08001c88                _Unwind_GetTextRelBase
                0x08001c90                _Unwind_GetDataRelBase
 .text          0x08001c98        0x4 c:/program files (x86)/atollic/truestudio for stm32 9.0.0/armtools/bin/../lib/gcc/arm-atollic-eabi/6.3.1/armv7-m\libgcc.a(_dvmd_tls.o)
                0x08001c98                __aeabi_idiv0
                0x08001c98                __aeabi_ldiv0
 *(.text*)
 .text._ZN4RF243csnE13GPIO_PinState
                0x08001c9c       0x24 Core\Src\RF24.o
                0x08001c9c                RF24::csn(GPIO_PinState)
 .text._ZN4RF242ceE13GPIO_PinState
                0x08001cc0       0x24 Core\Src\RF24.o
                0x08001cc0                RF24::ce(GPIO_PinState)
 .text._ZN4RF2416beginTransactionEv
                0x08001ce4       0x18 Core\Src\RF24.o
                0x08001ce4                RF24::beginTransaction()
 .text._ZN4RF2414endTransactionEv
                0x08001cfc       0x18 Core\Src\RF24.o
                0x08001cfc                RF24::endTransaction()
 .text._ZN4RF2413read_registerEh
                0x08001d14       0x50 Core\Src\RF24.o
                0x08001d14                RF24::read_register(unsigned char)
 .text._ZN4RF2414write_registerEhPKhh
                0x08001d64       0x64 Core\Src\RF24.o
                0x08001d64                RF24::write_register(unsigned char, unsigned char const*, unsigned char)
 .text._ZN4RF2414write_registerEhh
                0x08001dc8       0x94 Core\Src\RF24.o
                0x08001dc8                RF24::write_register(unsigned char, unsigned char)
 .text._ZN4RF2412read_payloadEPvh
                0x08001e5c       0xec Core\Src\RF24.o
                0x08001e5c                RF24::read_payload(void*, unsigned char)
 .text._ZN4RF248flush_rxEv
                0x08001f48       0x1a Core\Src\RF24.o
                0x08001f48                RF24::flush_rx()
 .text._ZN4RF248flush_txEv
                0x08001f62       0x1a Core\Src\RF24.o
                0x08001f62                RF24::flush_tx()
 .text._ZN4RF248spiTransEh
                0x08001f7c       0x38 Core\Src\RF24.o
                0x08001f7c                RF24::spiTrans(unsigned char)
 .text._ZN4RF2410get_statusEv
                0x08001fb4       0x1a Core\Src\RF24.o
                0x08001fb4                RF24::get_status()
 .text._ZN4RF24C2EP12GPIO_TypeDeftS1_tP19__SPI_HandleTypeDef
                0x08001fce       0x5e Core\Src\RF24.o
                0x08001fce                RF24::RF24(GPIO_TypeDef*, unsigned short, GPIO_TypeDef*, unsigned short, __SPI_HandleTypeDef*)
                0x08001fce                RF24::RF24(GPIO_TypeDef*, unsigned short, GPIO_TypeDef*, unsigned short, __SPI_HandleTypeDef*)
 .text._ZN4RF2410setChannelEh
                0x0800202c       0x30 Core\Src\RF24.o
                0x0800202c                RF24::setChannel(unsigned char)
 .text._ZN4RF245beginEv
                0x0800205c       0xd6 Core\Src\RF24.o
                0x0800205c                RF24::begin()
 .text._ZN4RF2414startListeningEv
                0x08002132       0x88 Core\Src\RF24.o
                0x08002132                RF24::startListening()
 .text._ZN4RF247powerUpEv
                0x080021ba       0x3e Core\Src\RF24.o
                0x080021ba                RF24::powerUp()
 .text._ZN4RF249availableEv
                0x080021f8       0x1a Core\Src\RF24.o
                0x080021f8                RF24::available()
 .text._ZN4RF249availableEPh
                0x08002212       0x54 Core\Src\RF24.o
                0x08002212                RF24::available(unsigned char*)
 .text._ZN4RF244readEPvh
                0x08002266       0x2c Core\Src\RF24.o
                0x08002266                RF24::read(void*, unsigned char)
 *fill*         0x08002292        0x2 
 .text._ZN4RF2415openReadingPipeEhy
                0x08002294       0xb4 Core\Src\RF24.o
                0x08002294                RF24::openReadingPipe(unsigned char, unsigned long long)
 .text._ZN4RF2416closeReadingPipeEh
                0x08002348       0x48 Core\Src\RF24.o
                0x08002348                RF24::closeReadingPipe(unsigned char)
 .text._ZN4RF2415toggle_featuresEv
                0x08002390       0x48 Core\Src\RF24.o
                0x08002390                RF24::toggle_features()
 .text._ZN4RF2411setDataRateE15rf24_datarate_e
                0x080023d8       0x8c Core\Src\RF24.o
                0x080023d8                RF24::setDataRate(rf24_datarate_e)
 .text._ZN4RF2410setRetriesEhh
                0x08002464       0x38 Core\Src\RF24.o
                0x08002464                RF24::setRetries(unsigned char, unsigned char)
 *fill*         0x0800249c        0x4 
 .text.main     0x080024a0       0xac Core\Src\main.o
                0x080024a0                main
 .text._Z18SystemClock_Configv
                0x0800254c       0xa0 Core\Src\main.o
                0x0800254c                SystemClock_Config()
 .text._ZL12MX_SPI1_Initv
                0x080025ec       0x78 Core\Src\main.o
 .text._ZL12MX_TIM2_Initv
                0x08002664       0xb4 Core\Src\main.o
 .text._ZL19MX_USART1_UART_Initv
                0x08002718       0x5c Core\Src\main.o
 .text._ZL12MX_GPIO_Initv
                0x08002774       0xc0 Core\Src\main.o
 .text.Error_Handler
                0x08002834        0xc Core\Src\main.o
                0x08002834                Error_Handler
 .text.HAL_MspInit
                0x08002840       0x64 Core\Src\stm32f1xx_hal_msp.o
                0x08002840                HAL_MspInit
 .text.HAL_SPI_MspInit
                0x080028a4       0xa4 Core\Src\stm32f1xx_hal_msp.o
                0x080028a4                HAL_SPI_MspInit
 .text.HAL_TIM_Base_MspInit
                0x08002948       0x38 Core\Src\stm32f1xx_hal_msp.o
                0x08002948                HAL_TIM_Base_MspInit
 .text.HAL_UART_MspInit
                0x08002980       0xa8 Core\Src\stm32f1xx_hal_msp.o
                0x08002980                HAL_UART_MspInit
 .text.NMI_Handler
                0x08002a28        0xc Core\Src\stm32f1xx_it.o
                0x08002a28                NMI_Handler
 .text.HardFault_Handler
                0x08002a34        0x6 Core\Src\stm32f1xx_it.o
                0x08002a34                HardFault_Handler
 .text.MemManage_Handler
                0x08002a3a        0x6 Core\Src\stm32f1xx_it.o
                0x08002a3a                MemManage_Handler
 .text.BusFault_Handler
                0x08002a40        0x6 Core\Src\stm32f1xx_it.o
                0x08002a40                BusFault_Handler
 .text.UsageFault_Handler
                0x08002a46        0x6 Core\Src\stm32f1xx_it.o
                0x08002a46                UsageFault_Handler
 .text.SVC_Handler
                0x08002a4c        0xc Core\Src\stm32f1xx_it.o
                0x08002a4c                SVC_Handler
 .text.DebugMon_Handler
                0x08002a58        0xc Core\Src\stm32f1xx_it.o
                0x08002a58                DebugMon_Handler
 .text.PendSV_Handler
                0x08002a64        0xc Core\Src\stm32f1xx_it.o
                0x08002a64                PendSV_Handler
 .text.SysTick_Handler
                0x08002a70        0xc Core\Src\stm32f1xx_it.o
                0x08002a70                SysTick_Handler
 .text.SPI1_IRQHandler
                0x08002a7c       0x14 Core\Src\stm32f1xx_it.o
                0x08002a7c                SPI1_IRQHandler
 .text.USART1_IRQHandler
                0x08002a90       0x14 Core\Src\stm32f1xx_it.o
                0x08002a90                USART1_IRQHandler
 .text._getpid  0x08002aa4        0xe Core\Src\syscalls.o
                0x08002aa4                _getpid
 .text._kill    0x08002ab2       0x20 Core\Src\syscalls.o
                0x08002ab2                _kill
 .text._exit    0x08002ad2       0x14 Core\Src\syscalls.o
                0x08002ad2                _exit
 *fill*         0x08002ae6        0x2 
 .text._sbrk    0x08002ae8       0x58 Core\Src\syscalls.o
                0x08002ae8                _sbrk
 .text.SystemInit
                0x08002b40       0x68 Core\Src\system_stm32f1xx.o
                0x08002b40                SystemInit
 .text.HAL_Init
                0x08002ba8       0x2c Drivers\STM32F1xx_HAL_Driver\Src\stm32f1xx_hal.o
                0x08002ba8                HAL_Init
 .text.HAL_InitTick
                0x08002bd4       0x60 Drivers\STM32F1xx_HAL_Driver\Src\stm32f1xx_hal.o
                0x08002bd4                HAL_InitTick
 .text.HAL_IncTick
                0x08002c34       0x24 Drivers\STM32F1xx_HAL_Driver\Src\stm32f1xx_hal.o
                0x08002c34                HAL_IncTick
 .text.HAL_GetTick
                0x08002c58       0x14 Drivers\STM32F1xx_HAL_Driver\Src\stm32f1xx_hal.o
                0x08002c58                HAL_GetTick
 .text.HAL_Delay
                0x08002c6c       0x44 Drivers\STM32F1xx_HAL_Driver\Src\stm32f1xx_hal.o
                0x08002c6c                HAL_Delay
 .text.NVIC_SetPriorityGrouping
                0x08002cb0       0x48 Drivers\STM32F1xx_HAL_Driver\Src\stm32f1xx_hal_cortex.o
 .text.NVIC_GetPriorityGrouping
                0x08002cf8       0x1c Drivers\STM32F1xx_HAL_Driver\Src\stm32f1xx_hal_cortex.o
 .text.NVIC_EnableIRQ
                0x08002d14       0x30 Drivers\STM32F1xx_HAL_Driver\Src\stm32f1xx_hal_cortex.o
 .text.NVIC_SetPriority
                0x08002d44       0x54 Drivers\STM32F1xx_HAL_Driver\Src\stm32f1xx_hal_cortex.o
 .text.NVIC_EncodePriority
                0x08002d98       0x60 Drivers\STM32F1xx_HAL_Driver\Src\stm32f1xx_hal_cortex.o
 .text.SysTick_Config
                0x08002df8       0x44 Drivers\STM32F1xx_HAL_Driver\Src\stm32f1xx_hal_cortex.o
 .text.HAL_NVIC_SetPriorityGrouping
                0x08002e3c       0x16 Drivers\STM32F1xx_HAL_Driver\Src\stm32f1xx_hal_cortex.o
                0x08002e3c                HAL_NVIC_SetPriorityGrouping
 .text.HAL_NVIC_SetPriority
                0x08002e52       0x38 Drivers\STM32F1xx_HAL_Driver\Src\stm32f1xx_hal_cortex.o
                0x08002e52                HAL_NVIC_SetPriority
 .text.HAL_NVIC_EnableIRQ
                0x08002e8a       0x1c Drivers\STM32F1xx_HAL_Driver\Src\stm32f1xx_hal_cortex.o
                0x08002e8a                HAL_NVIC_EnableIRQ
 .text.HAL_SYSTICK_Config
                0x08002ea6       0x18 Drivers\STM32F1xx_HAL_Driver\Src\stm32f1xx_hal_cortex.o
                0x08002ea6                HAL_SYSTICK_Config
 *fill*         0x08002ebe        0x2 
 .text.HAL_DMA_Abort_IT
                0x08002ec0       0xf8 Drivers\STM32F1xx_HAL_Driver\Src\stm32f1xx_hal_dma.o
                0x08002ec0                HAL_DMA_Abort_IT
 .text.HAL_GPIO_Init
                0x08002fb8      0x2bc Drivers\STM32F1xx_HAL_Driver\Src\stm32f1xx_hal_gpio.o
                0x08002fb8                HAL_GPIO_Init
 .text.HAL_GPIO_WritePin
                0x08003274       0x30 Drivers\STM32F1xx_HAL_Driver\Src\stm32f1xx_hal_gpio.o
                0x08003274                HAL_GPIO_WritePin
 .text.HAL_RCC_OscConfig
                0x080032a4      0x4c8 Drivers\STM32F1xx_HAL_Driver\Src\stm32f1xx_hal_rcc.o
                0x080032a4                HAL_RCC_OscConfig
 .text.HAL_RCC_ClockConfig
                0x0800376c      0x218 Drivers\STM32F1xx_HAL_Driver\Src\stm32f1xx_hal_rcc.o
                0x0800376c                HAL_RCC_ClockConfig
 .text.HAL_RCC_GetSysClockFreq
                0x08003984       0xc4 Drivers\STM32F1xx_HAL_Driver\Src\stm32f1xx_hal_rcc.o
                0x08003984                HAL_RCC_GetSysClockFreq
 .text.HAL_RCC_GetHCLKFreq
                0x08003a48       0x14 Drivers\STM32F1xx_HAL_Driver\Src\stm32f1xx_hal_rcc.o
                0x08003a48                HAL_RCC_GetHCLKFreq
 .text.HAL_RCC_GetPCLK1Freq
                0x08003a5c       0x28 Drivers\STM32F1xx_HAL_Driver\Src\stm32f1xx_hal_rcc.o
                0x08003a5c                HAL_RCC_GetPCLK1Freq
 .text.HAL_RCC_GetPCLK2Freq
                0x08003a84       0x28 Drivers\STM32F1xx_HAL_Driver\Src\stm32f1xx_hal_rcc.o
                0x08003a84                HAL_RCC_GetPCLK2Freq
 .text.RCC_Delay
                0x08003aac       0x3c Drivers\STM32F1xx_HAL_Driver\Src\stm32f1xx_hal_rcc.o
 .text.HAL_SPI_Transmit
                0x08003ae8      0x276 Drivers\STM32F1xx_HAL_Driver\Src\stm32f1xx_hal_spi.o
                0x08003ae8                HAL_SPI_Transmit
 .text.HAL_SPI_Receive
                0x08003d5e      0x21c Drivers\STM32F1xx_HAL_Driver\Src\stm32f1xx_hal_spi.o
                0x08003d5e                HAL_SPI_Receive
 .text.HAL_SPI_TransmitReceive
                0x08003f7a      0x33e Drivers\STM32F1xx_HAL_Driver\Src\stm32f1xx_hal_spi.o
                0x08003f7a                HAL_SPI_TransmitReceive
 .text.HAL_SPI_IRQHandler
                0x080042b8      0x18c Drivers\STM32F1xx_HAL_Driver\Src\stm32f1xx_hal_spi.o
                0x080042b8                HAL_SPI_IRQHandler
 .text.HAL_SPI_ErrorCallback
                0x08004444       0x12 Drivers\STM32F1xx_HAL_Driver\Src\stm32f1xx_hal_spi.o
                0x08004444                HAL_SPI_ErrorCallback
 .text.SPI_DMAAbortOnError
                0x08004456       0x28 Drivers\STM32F1xx_HAL_Driver\Src\stm32f1xx_hal_spi.o
 .text.SPI_WaitFlagStateUntilTimeout
                0x0800447e       0xd2 Drivers\STM32F1xx_HAL_Driver\Src\stm32f1xx_hal_spi.o
 .text.SPI_CheckFlag_BSY
                0x08004550       0x3c Drivers\STM32F1xx_HAL_Driver\Src\stm32f1xx_hal_spi.o
 .text.HAL_SPI_Init
                0x0800458c       0xc8 Drivers\STM32F1xx_HAL_Driver\Src\stm32f1xx_hal_spi_ex.o
                0x0800458c                HAL_SPI_Init
 .text.HAL_TIM_Base_Init
                0x08004654       0x56 Drivers\STM32F1xx_HAL_Driver\Src\stm32f1xx_hal_tim.o
                0x08004654                HAL_TIM_Base_Init
 .text.HAL_TIM_ConfigClockSource
                0x080046aa      0x1b6 Drivers\STM32F1xx_HAL_Driver\Src\stm32f1xx_hal_tim.o
                0x080046aa                HAL_TIM_ConfigClockSource
 .text.TIM_Base_SetConfig
                0x08004860       0xcc Drivers\STM32F1xx_HAL_Driver\Src\stm32f1xx_hal_tim.o
                0x08004860                TIM_Base_SetConfig
 .text.TIM_TI1_ConfigInputStage
                0x0800492c       0x64 Drivers\STM32F1xx_HAL_Driver\Src\stm32f1xx_hal_tim.o
 .text.TIM_TI2_ConfigInputStage
                0x08004990       0x66 Drivers\STM32F1xx_HAL_Driver\Src\stm32f1xx_hal_tim.o
 .text.TIM_ITRx_SetConfig
                0x080049f6       0x3e Drivers\STM32F1xx_HAL_Driver\Src\stm32f1xx_hal_tim.o
 .text.TIM_ETR_SetConfig
                0x08004a34       0x42 Drivers\STM32F1xx_HAL_Driver\Src\stm32f1xx_hal_tim.o
 .text.HAL_TIMEx_MasterConfigSynchronization
                0x08004a76       0x88 Drivers\STM32F1xx_HAL_Driver\Src\stm32f1xx_hal_tim_ex.o
                0x08004a76                HAL_TIMEx_MasterConfigSynchronization
 .text.HAL_UART_Init
                0x08004afe       0x9a Drivers\STM32F1xx_HAL_Driver\Src\stm32f1xx_hal_uart.o
                0x08004afe                HAL_UART_Init
 .text.HAL_UART_Transmit
                0x08004b98      0x130 Drivers\STM32F1xx_HAL_Driver\Src\stm32f1xx_hal_uart.o
                0x08004b98                HAL_UART_Transmit
 .text.HAL_UART_IRQHandler
                0x08004cc8      0x1f8 Drivers\STM32F1xx_HAL_Driver\Src\stm32f1xx_hal_uart.o
                0x08004cc8                HAL_UART_IRQHandler
 .text.HAL_UART_TxCpltCallback
                0x08004ec0       0x12 Drivers\STM32F1xx_HAL_Driver\Src\stm32f1xx_hal_uart.o
                0x08004ec0                HAL_UART_TxCpltCallback
 .text.HAL_UART_RxCpltCallback
                0x08004ed2       0x12 Drivers\STM32F1xx_HAL_Driver\Src\stm32f1xx_hal_uart.o
                0x08004ed2                HAL_UART_RxCpltCallback
 .text.HAL_UART_ErrorCallback
                0x08004ee4       0x12 Drivers\STM32F1xx_HAL_Driver\Src\stm32f1xx_hal_uart.o
                0x08004ee4                HAL_UART_ErrorCallback
 .text.UART_WaitOnFlagUntilTimeout
                0x08004ef6       0x94 Drivers\STM32F1xx_HAL_Driver\Src\stm32f1xx_hal_uart.o
 .text.UART_EndRxTransfer
                0x08004f8a       0x3a Drivers\STM32F1xx_HAL_Driver\Src\stm32f1xx_hal_uart.o
 .text.UART_DMAAbortOnError
                0x08004fc4       0x28 Drivers\STM32F1xx_HAL_Driver\Src\stm32f1xx_hal_uart.o
 .text.UART_Transmit_IT
                0x08004fec       0xa8 Drivers\STM32F1xx_HAL_Driver\Src\stm32f1xx_hal_uart.o
 .text.UART_EndTransmit_IT
                0x08005094       0x30 Drivers\STM32F1xx_HAL_Driver\Src\stm32f1xx_hal_uart.o
 .text.UART_Receive_IT
                0x080050c4      0x102 Drivers\STM32F1xx_HAL_Driver\Src\stm32f1xx_hal_uart.o
 *fill*         0x080051c6        0x2 
 .text.UART_SetConfig
                0x080051c8      0x230 Drivers\STM32F1xx_HAL_Driver\Src\stm32f1xx_hal_uart.o
 .text.Reset_Handler
                0x080053f8       0x48 startup\startup_stm32f103xb.o
                0x080053f8                Reset_Handler
 .text.Default_Handler
                0x08005440        0x2 startup\startup_stm32f103xb.o
                0x08005440                RTC_Alarm_IRQHandler
                0x08005440                EXTI2_IRQHandler
                0x08005440                TIM1_CC_IRQHandler
                0x08005440                PVD_IRQHandler
                0x08005440                EXTI3_IRQHandler
                0x08005440                EXTI0_IRQHandler
                0x08005440                I2C2_EV_IRQHandler
                0x08005440                ADC1_2_IRQHandler
                0x08005440                TAMPER_IRQHandler
                0x08005440                DMA1_Channel4_IRQHandler
                0x08005440                USART3_IRQHandler
                0x08005440                RTC_IRQHandler
                0x08005440                DMA1_Channel7_IRQHandler
                0x08005440                CAN1_RX1_IRQHandler
                0x08005440                TIM4_IRQHandler
                0x08005440                I2C1_EV_IRQHandler
                0x08005440                DMA1_Channel6_IRQHandler
                0x08005440                TIM3_IRQHandler
                0x08005440                RCC_IRQHandler
                0x08005440                TIM1_TRG_COM_IRQHandler
                0x08005440                DMA1_Channel1_IRQHandler
                0x08005440                Default_Handler
                0x08005440                EXTI15_10_IRQHandler
                0x08005440                EXTI9_5_IRQHandler
                0x08005440                SPI2_IRQHandler
                0x08005440                DMA1_Channel5_IRQHandler
                0x08005440                EXTI4_IRQHandler
                0x08005440                USB_LP_CAN1_RX0_IRQHandler
                0x08005440                USB_HP_CAN1_TX_IRQHandler
                0x08005440                DMA1_Channel3_IRQHandler
                0x08005440                TIM1_UP_IRQHandler
                0x08005440                WWDG_IRQHandler
                0x08005440                TIM2_IRQHandler
                0x08005440                TIM1_BRK_IRQHandler
                0x08005440                EXTI1_IRQHandler
                0x08005440                USART2_IRQHandler
                0x08005440                I2C2_ER_IRQHandler
                0x08005440                DMA1_Channel2_IRQHandler
                0x08005440                CAN1_SCE_IRQHandler
                0x08005440                FLASH_IRQHandler
                0x08005440                I2C1_ER_IRQHandler
                0x08005440                USBWakeUp_IRQHandler
 *fill*         0x08005442        0x2 
 .text.__errno  0x08005444        0xc c:/program files (x86)/atollic/truestudio for stm32 9.0.0/armtools/bin/../lib/gcc/arm-atollic-eabi/6.3.1/../../../../arm-atollic-eabi/lib/armv7-m\libc.a(lib_a-errno.o)
                0x08005444                __errno
 .text.__libc_init_array
                0x08005450       0x48 c:/program files (x86)/atollic/truestudio for stm32 9.0.0/armtools/bin/../lib/gcc/arm-atollic-eabi/6.3.1/../../../../arm-atollic-eabi/lib/armv7-m\libc.a(lib_a-init.o)
                0x08005450                __libc_init_array
 .text.memcpy   0x08005498       0x16 c:/program files (x86)/atollic/truestudio for stm32 9.0.0/armtools/bin/../lib/gcc/arm-atollic-eabi/6.3.1/../../../../arm-atollic-eabi/lib/armv7-m\libc.a(lib_a-memcpy-stub.o)
                0x08005498                memcpy
 .text.memset   0x080054ae       0x10 c:/program files (x86)/atollic/truestudio for stm32 9.0.0/armtools/bin/../lib/gcc/arm-atollic-eabi/6.3.1/../../../../arm-atollic-eabi/lib/armv7-m\libc.a(lib_a-memset.o)
                0x080054ae                memset
 *fill*         0x080054be        0x2 
 .text.sprintf  0x080054c0       0x48 c:/program files (x86)/atollic/truestudio for stm32 9.0.0/armtools/bin/../lib/gcc/arm-atollic-eabi/6.3.1/../../../../arm-atollic-eabi/lib/armv7-m\libc.a(lib_a-sprintf.o)
                0x080054c0                sprintf
 .text._svfprintf_r
                0x08005508      0xfa0 c:/program files (x86)/atollic/truestudio for stm32 9.0.0/armtools/bin/../lib/gcc/arm-atollic-eabi/6.3.1/../../../../arm-atollic-eabi/lib/armv7-m\libc.a(lib_a-svfprintf.o)
                0x08005508                _svfprintf_r
 .text.quorem   0x080064a8      0x118 c:/program files (x86)/atollic/truestudio for stm32 9.0.0/armtools/bin/../lib/gcc/arm-atollic-eabi/6.3.1/../../../../arm-atollic-eabi/lib/armv7-m\libc.a(lib_a-dtoa.o)
 .text._dtoa_r  0x080065c0      0xba8 c:/program files (x86)/atollic/truestudio for stm32 9.0.0/armtools/bin/../lib/gcc/arm-atollic-eabi/6.3.1/../../../../arm-atollic-eabi/lib/armv7-m\libc.a(lib_a-dtoa.o)
                0x080065c0                _dtoa_r
 .text._localeconv_r
                0x08007168       0x1c c:/program files (x86)/atollic/truestudio for stm32 9.0.0/armtools/bin/../lib/gcc/arm-atollic-eabi/6.3.1/../../../../arm-atollic-eabi/lib/armv7-m\libc.a(lib_a-localeconv.o)
                0x08007168                _localeconv_r
 .text.malloc   0x08007184       0x10 c:/program files (x86)/atollic/truestudio for stm32 9.0.0/armtools/bin/../lib/gcc/arm-atollic-eabi/6.3.1/../../../../arm-atollic-eabi/lib/armv7-m\libc.a(lib_a-malloc.o)
                0x08007184                malloc
 .text._malloc_r
                0x08007194      0x418 c:/program files (x86)/atollic/truestudio for stm32 9.0.0/armtools/bin/../lib/gcc/arm-atollic-eabi/6.3.1/../../../../arm-atollic-eabi/lib/armv7-m\libc.a(lib_a-mallocr.o)
                0x08007194                _malloc_r
 .text.memchr   0x080075ac       0x1c c:/program files (x86)/atollic/truestudio for stm32 9.0.0/armtools/bin/../lib/gcc/arm-atollic-eabi/6.3.1/../../../../arm-atollic-eabi/lib/armv7-m\libc.a(lib_a-memchr-stub.o)
                0x080075ac                memchr
 .text.__malloc_lock
                0x080075c8        0xc c:/program files (x86)/atollic/truestudio for stm32 9.0.0/armtools/bin/../lib/gcc/arm-atollic-eabi/6.3.1/../../../../arm-atollic-eabi/lib/armv7-m\libc.a(lib_a-mlock.o)
                0x080075c8                __malloc_lock
 .text.__malloc_unlock
                0x080075d4        0xc c:/program files (x86)/atollic/truestudio for stm32 9.0.0/armtools/bin/../lib/gcc/arm-atollic-eabi/6.3.1/../../../../arm-atollic-eabi/lib/armv7-m\libc.a(lib_a-mlock.o)
                0x080075d4                __malloc_unlock
 .text._Balloc  0x080075e0       0x68 c:/program files (x86)/atollic/truestudio for stm32 9.0.0/armtools/bin/../lib/gcc/arm-atollic-eabi/6.3.1/../../../../arm-atollic-eabi/lib/armv7-m\libc.a(lib_a-mprec.o)
                0x080075e0                _Balloc
 .text._Bfree   0x08007648       0x2e c:/program files (x86)/atollic/truestudio for stm32 9.0.0/armtools/bin/../lib/gcc/arm-atollic-eabi/6.3.1/../../../../arm-atollic-eabi/lib/armv7-m\libc.a(lib_a-mprec.o)
                0x08007648                _Bfree
 .text.__multadd
                0x08007676       0x76 c:/program files (x86)/atollic/truestudio for stm32 9.0.0/armtools/bin/../lib/gcc/arm-atollic-eabi/6.3.1/../../../../arm-atollic-eabi/lib/armv7-m\libc.a(lib_a-mprec.o)
                0x08007676                __multadd
 .text.__hi0bits
                0x080076ec       0x3e c:/program files (x86)/atollic/truestudio for stm32 9.0.0/armtools/bin/../lib/gcc/arm-atollic-eabi/6.3.1/../../../../arm-atollic-eabi/lib/armv7-m\libc.a(lib_a-mprec.o)
                0x080076ec                __hi0bits
 .text.__lo0bits
                0x0800772a       0x5e c:/program files (x86)/atollic/truestudio for stm32 9.0.0/armtools/bin/../lib/gcc/arm-atollic-eabi/6.3.1/../../../../arm-atollic-eabi/lib/armv7-m\libc.a(lib_a-mprec.o)
                0x0800772a                __lo0bits
 .text.__i2b    0x08007788       0x12 c:/program files (x86)/atollic/truestudio for stm32 9.0.0/armtools/bin/../lib/gcc/arm-atollic-eabi/6.3.1/../../../../arm-atollic-eabi/lib/armv7-m\libc.a(lib_a-mprec.o)
                0x08007788                __i2b
 .text.__multiply
                0x0800779a      0x118 c:/program files (x86)/atollic/truestudio for stm32 9.0.0/armtools/bin/../lib/gcc/arm-atollic-eabi/6.3.1/../../../../arm-atollic-eabi/lib/armv7-m\libc.a(lib_a-mprec.o)
                0x0800779a                __multiply
 *fill*         0x080078b2        0x2 
 .text.__pow5mult
                0x080078b4       0x9c c:/program files (x86)/atollic/truestudio for stm32 9.0.0/armtools/bin/../lib/gcc/arm-atollic-eabi/6.3.1/../../../../arm-atollic-eabi/lib/armv7-m\libc.a(lib_a-mprec.o)
                0x080078b4                __pow5mult
 .text.__lshift
                0x08007950       0xa2 c:/program files (x86)/atollic/truestudio for stm32 9.0.0/armtools/bin/../lib/gcc/arm-atollic-eabi/6.3.1/../../../../arm-atollic-eabi/lib/armv7-m\libc.a(lib_a-mprec.o)
                0x08007950                __lshift
 .text.__mcmp   0x080079f2       0x34 c:/program files (x86)/atollic/truestudio for stm32 9.0.0/armtools/bin/../lib/gcc/arm-atollic-eabi/6.3.1/../../../../arm-atollic-eabi/lib/armv7-m\libc.a(lib_a-mprec.o)
                0x080079f2                __mcmp
 .text.__mdiff  0x08007a26       0xbe c:/program files (x86)/atollic/truestudio for stm32 9.0.0/armtools/bin/../lib/gcc/arm-atollic-eabi/6.3.1/../../../../arm-atollic-eabi/lib/armv7-m\libc.a(lib_a-mprec.o)
                0x08007a26                __mdiff
 .text.__d2b    0x08007ae4       0x9e c:/program files (x86)/atollic/truestudio for stm32 9.0.0/armtools/bin/../lib/gcc/arm-atollic-eabi/6.3.1/../../../../arm-atollic-eabi/lib/armv7-m\libc.a(lib_a-mprec.o)
                0x08007ae4                __d2b
 *fill*         0x08007b82        0x2 
 .text._sbrk_r  0x08007b84       0x20 c:/program files (x86)/atollic/truestudio for stm32 9.0.0/armtools/bin/../lib/gcc/arm-atollic-eabi/6.3.1/../../../../arm-atollic-eabi/lib/armv7-m\libc.a(lib_a-sbrkr.o)
                0x08007b84                _sbrk_r
 .text.__ssprint_r
                0x08007ba4       0xf4 c:/program files (x86)/atollic/truestudio for stm32 9.0.0/armtools/bin/../lib/gcc/arm-atollic-eabi/6.3.1/../../../../arm-atollic-eabi/lib/armv7-m\libc.a(lib_a-svfiprintf.o)
                0x08007ba4                __ssprint_r
 .text._calloc_r
                0x08007c98       0x5a c:/program files (x86)/atollic/truestudio for stm32 9.0.0/armtools/bin/../lib/gcc/arm-atollic-eabi/6.3.1/../../../../arm-atollic-eabi/lib/armv7-m\libc.a(lib_a-callocr.o)
                0x08007c98                _calloc_r
 *fill*         0x08007cf2        0x2 
 .text._malloc_trim_r
                0x08007cf4       0xac c:/program files (x86)/atollic/truestudio for stm32 9.0.0/armtools/bin/../lib/gcc/arm-atollic-eabi/6.3.1/../../../../arm-atollic-eabi/lib/armv7-m\libc.a(lib_a-freer.o)
                0x08007cf4                _malloc_trim_r
 .text._free_r  0x08007da0      0x178 c:/program files (x86)/atollic/truestudio for stm32 9.0.0/armtools/bin/../lib/gcc/arm-atollic-eabi/6.3.1/../../../../arm-atollic-eabi/lib/armv7-m\libc.a(lib_a-freer.o)
                0x08007da0                _free_r
 .text.__retarget_lock_acquire_recursive
                0x08007f18        0x2 c:/program files (x86)/atollic/truestudio for stm32 9.0.0/armtools/bin/../lib/gcc/arm-atollic-eabi/6.3.1/../../../../arm-atollic-eabi/lib/armv7-m\libc.a(lib_a-lock.o)
                0x08007f18                __retarget_lock_acquire_recursive
 .text.__retarget_lock_release_recursive
                0x08007f1a        0x2 c:/program files (x86)/atollic/truestudio for stm32 9.0.0/armtools/bin/../lib/gcc/arm-atollic-eabi/6.3.1/../../../../arm-atollic-eabi/lib/armv7-m\libc.a(lib_a-lock.o)
                0x08007f1a                __retarget_lock_release_recursive
 .text.__ascii_mbtowc
                0x08007f1c       0x24 c:/program files (x86)/atollic/truestudio for stm32 9.0.0/armtools/bin/../lib/gcc/arm-atollic-eabi/6.3.1/../../../../arm-atollic-eabi/lib/armv7-m\libc.a(lib_a-mbtowc_r.o)
                0x08007f1c                __ascii_mbtowc
 .text.memmove  0x08007f40       0x34 c:/program files (x86)/atollic/truestudio for stm32 9.0.0/armtools/bin/../lib/gcc/arm-atollic-eabi/6.3.1/../../../../arm-atollic-eabi/lib/armv7-m\libc.a(lib_a-memmove.o)
                0x08007f40                memmove
 .text._realloc_r
                0x08007f74      0x304 c:/program files (x86)/atollic/truestudio for stm32 9.0.0/armtools/bin/../lib/gcc/arm-atollic-eabi/6.3.1/../../../../arm-atollic-eabi/lib/armv7-m\libc.a(lib_a-reallocr.o)
                0x08007f74                _realloc_r
 .text.__ascii_wctomb
                0x08008278       0x1a c:/program files (x86)/atollic/truestudio for stm32 9.0.0/armtools/bin/../lib/gcc/arm-atollic-eabi/6.3.1/../../../../arm-atollic-eabi/lib/armv7-m\libc.a(lib_a-wctomb_r.o)
                0x08008278                __ascii_wctomb
 .text.abort    0x08008292        0xe c:/program files (x86)/atollic/truestudio for stm32 9.0.0/armtools/bin/../lib/gcc/arm-atollic-eabi/6.3.1/../../../../arm-atollic-eabi/lib/armv7-m\libc.a(lib_a-abort.o)
                0x08008292                abort
 .text._raise_r
                0x080082a0       0x50 c:/program files (x86)/atollic/truestudio for stm32 9.0.0/armtools/bin/../lib/gcc/arm-atollic-eabi/6.3.1/../../../../arm-atollic-eabi/lib/armv7-m\libc.a(lib_a-signal.o)
                0x080082a0                _raise_r
 .text.raise    0x080082f0       0x10 c:/program files (x86)/atollic/truestudio for stm32 9.0.0/armtools/bin/../lib/gcc/arm-atollic-eabi/6.3.1/../../../../arm-atollic-eabi/lib/armv7-m\libc.a(lib_a-signal.o)
                0x080082f0                raise
 .text._kill_r  0x08008300       0x24 c:/program files (x86)/atollic/truestudio for stm32 9.0.0/armtools/bin/../lib/gcc/arm-atollic-eabi/6.3.1/../../../../arm-atollic-eabi/lib/armv7-m\libc.a(lib_a-signalr.o)
                0x08008300                _kill_r
 .text._getpid_r
                0x08008324        0x4 c:/program files (x86)/atollic/truestudio for stm32 9.0.0/armtools/bin/../lib/gcc/arm-atollic-eabi/6.3.1/../../../../arm-atollic-eabi/lib/armv7-m\libc.a(lib_a-signalr.o)
                0x08008324                _getpid_r
 *(.glue_7)
 .glue_7        0x08008328        0x0 linker stubs
 *(.glue_7t)
 .glue_7t       0x08008328        0x0 linker stubs
 *(.eh_frame)
 .eh_frame      0x08008328        0x0 c:/program files (x86)/atollic/truestudio for stm32 9.0.0/armtools/bin/../lib/gcc/arm-atollic-eabi/6.3.1/armv7-m/crtbegin.o
 *(.init)
 .init          0x08008328        0x4 c:/program files (x86)/atollic/truestudio for stm32 9.0.0/armtools/bin/../lib/gcc/arm-atollic-eabi/6.3.1/armv7-m/crti.o
                0x08008328                _init
 .init          0x0800832c        0x8 c:/program files (x86)/atollic/truestudio for stm32 9.0.0/armtools/bin/../lib/gcc/arm-atollic-eabi/6.3.1/armv7-m/crtn.o
 *(.fini)
 .fini          0x08008334        0x4 c:/program files (x86)/atollic/truestudio for stm32 9.0.0/armtools/bin/../lib/gcc/arm-atollic-eabi/6.3.1/armv7-m/crti.o
                0x08008334                _fini
 .fini          0x08008338        0x8 c:/program files (x86)/atollic/truestudio for stm32 9.0.0/armtools/bin/../lib/gcc/arm-atollic-eabi/6.3.1/armv7-m/crtn.o
                0x08008340                . = ALIGN (0x4)
                0x08008340                _etext = .

.vfp11_veneer   0x08008340        0x0
 .vfp11_veneer  0x08008340        0x0 linker stubs

.v4_bx          0x08008340        0x0
 .v4_bx         0x08008340        0x0 linker stubs

.iplt           0x08008340        0x0
 .iplt          0x08008340        0x0 c:/program files (x86)/atollic/truestudio for stm32 9.0.0/armtools/bin/../lib/gcc/arm-atollic-eabi/6.3.1/armv7-m/crtbegin.o

.rodata         0x08008340      0x568
                0x08008340                . = ALIGN (0x4)
 *(.rodata)
 .rodata        0x08008340      0x2c5 Core\Src\RF24.o
 *fill*         0x08008605        0x3 
 .rodata        0x08008608        0x2 Core\Src\main.o
 *fill*         0x0800860a        0x2 
 .rodata        0x0800860c       0x12 Drivers\STM32F1xx_HAL_Driver\Src\stm32f1xx_hal_rcc.o
 *(.rodata*)
 *fill*         0x0800861e        0x2 
 .rodata.AHBPrescTable
                0x08008620       0x10 Core\Src\system_stm32f1xx.o
                0x08008620                AHBPrescTable
 .rodata.APBPrescTable
                0x08008630        0x8 Core\Src\system_stm32f1xx.o
                0x08008630                APBPrescTable
 .rodata._svfprintf_r.str1.1
                0x08008638       0x34 c:/program files (x86)/atollic/truestudio for stm32 9.0.0/armtools/bin/../lib/gcc/arm-atollic-eabi/6.3.1/../../../../arm-atollic-eabi/lib/armv7-m\libc.a(lib_a-svfprintf.o)
 .rodata.blanks.7236
                0x0800866c       0x10 c:/program files (x86)/atollic/truestudio for stm32 9.0.0/armtools/bin/../lib/gcc/arm-atollic-eabi/6.3.1/../../../../arm-atollic-eabi/lib/armv7-m\libc.a(lib_a-svfprintf.o)
 .rodata.zeroes.7237
                0x0800867c       0x10 c:/program files (x86)/atollic/truestudio for stm32 9.0.0/armtools/bin/../lib/gcc/arm-atollic-eabi/6.3.1/../../../../arm-atollic-eabi/lib/armv7-m\libc.a(lib_a-svfprintf.o)
 .rodata._dtoa_r.str1.1
                0x0800868c        0xd c:/program files (x86)/atollic/truestudio for stm32 9.0.0/armtools/bin/../lib/gcc/arm-atollic-eabi/6.3.1/../../../../arm-atollic-eabi/lib/armv7-m\libc.a(lib_a-dtoa.o)
                                  0xf (size before relaxing)
 *fill*         0x08008699        0x7 
 .rodata.__mprec_bigtens
                0x080086a0       0x28 c:/program files (x86)/atollic/truestudio for stm32 9.0.0/armtools/bin/../lib/gcc/arm-atollic-eabi/6.3.1/../../../../arm-atollic-eabi/lib/armv7-m\libc.a(lib_a-mprec.o)
                0x080086a0                __mprec_bigtens
 .rodata.__mprec_tens
                0x080086c8       0xc8 c:/program files (x86)/atollic/truestudio for stm32 9.0.0/armtools/bin/../lib/gcc/arm-atollic-eabi/6.3.1/../../../../arm-atollic-eabi/lib/armv7-m\libc.a(lib_a-mprec.o)
                0x080086c8                __mprec_tens
 .rodata.p05.6073
                0x08008790        0xc c:/program files (x86)/atollic/truestudio for stm32 9.0.0/armtools/bin/../lib/gcc/arm-atollic-eabi/6.3.1/../../../../arm-atollic-eabi/lib/armv7-m\libc.a(lib_a-mprec.o)
 .rodata._setlocale_r.str1.1
                0x0800879c        0x8 c:/program files (x86)/atollic/truestudio for stm32 9.0.0/armtools/bin/../lib/gcc/arm-atollic-eabi/6.3.1/../../../../arm-atollic-eabi/lib/armv7-m\libc.a(lib_a-locale.o)
                                  0x9 (size before relaxing)
 .rodata.str1.1
                0x080087a4        0x2 c:/program files (x86)/atollic/truestudio for stm32 9.0.0/armtools/bin/../lib/gcc/arm-atollic-eabi/6.3.1/../../../../arm-atollic-eabi/lib/armv7-m\libc.a(lib_a-locale.o)
 .rodata._ctype_
                0x080087a6      0x101 c:/program files (x86)/atollic/truestudio for stm32 9.0.0/armtools/bin/../lib/gcc/arm-atollic-eabi/6.3.1/../../../../arm-atollic-eabi/lib/armv7-m\libc.a(lib_a-ctype_.o)
                0x080087a6                _ctype_
                0x080088a8                . = ALIGN (0x4)
 *fill*         0x080088a7        0x1 

.ARM.extab      0x080088a8      0x168
 *(.ARM.extab* .gnu.linkonce.armextab.*)
 .ARM.extab.text._ZN4RF243csnE13GPIO_PinState
                0x080088a8        0xc Core\Src\RF24.o
 .ARM.extab.text._ZN4RF242ceE13GPIO_PinState
                0x080088b4        0xc Core\Src\RF24.o
 .ARM.extab.text._ZN4RF2416beginTransactionEv
                0x080088c0        0xc Core\Src\RF24.o
 .ARM.extab.text._ZN4RF2414endTransactionEv
                0x080088cc        0xc Core\Src\RF24.o
 .ARM.extab.text._ZN4RF2413read_registerEh
                0x080088d8        0xc Core\Src\RF24.o
 .ARM.extab.text._ZN4RF2414write_registerEhPKhh
                0x080088e4        0xc Core\Src\RF24.o
 .ARM.extab.text._ZN4RF2414write_registerEhh
                0x080088f0        0xc Core\Src\RF24.o
 .ARM.extab.text._ZN4RF2412read_payloadEPvh
                0x080088fc        0xc Core\Src\RF24.o
 .ARM.extab.text._ZN4RF248flush_rxEv
                0x08008908        0xc Core\Src\RF24.o
 .ARM.extab.text._ZN4RF248flush_txEv
                0x08008914        0xc Core\Src\RF24.o
 .ARM.extab.text._ZN4RF248spiTransEh
                0x08008920        0xc Core\Src\RF24.o
 .ARM.extab.text._ZN4RF2410get_statusEv
                0x0800892c        0xc Core\Src\RF24.o
 .ARM.extab.text._ZN4RF2410setChannelEh
                0x08008938        0xc Core\Src\RF24.o
 .ARM.extab.text._ZN4RF245beginEv
                0x08008944        0xc Core\Src\RF24.o
 .ARM.extab.text._ZN4RF2414startListeningEv
                0x08008950        0xc Core\Src\RF24.o
 .ARM.extab.text._ZN4RF247powerUpEv
                0x0800895c        0xc Core\Src\RF24.o
 .ARM.extab.text._ZN4RF249availableEv
                0x08008968        0xc Core\Src\RF24.o
 .ARM.extab.text._ZN4RF249availableEPh
                0x08008974        0xc Core\Src\RF24.o
 .ARM.extab.text._ZN4RF244readEPvh
                0x08008980        0xc Core\Src\RF24.o
 .ARM.extab.text._ZN4RF2415openReadingPipeEhy
                0x0800898c        0xc Core\Src\RF24.o
 .ARM.extab.text._ZN4RF2416closeReadingPipeEh
                0x08008998        0xc Core\Src\RF24.o
 .ARM.extab.text._ZN4RF2415toggle_featuresEv
                0x080089a4        0xc Core\Src\RF24.o
 .ARM.extab.text._ZN4RF2411setDataRateE15rf24_datarate_e
                0x080089b0        0xc Core\Src\RF24.o
 .ARM.extab.text._ZN4RF2410setRetriesEhh
                0x080089bc        0xc Core\Src\RF24.o
 .ARM.extab.text.main
                0x080089c8        0xc Core\Src\main.o
 .ARM.extab.text._Z18SystemClock_Configv
                0x080089d4        0xc Core\Src\main.o
 .ARM.extab.text._ZL12MX_TIM2_Initv
                0x080089e0        0xc Core\Src\main.o
 .ARM.extab.text._ZL12MX_GPIO_Initv
                0x080089ec        0xc Core\Src\main.o
 .ARM.extab     0x080089f8       0x18 c:/program files (x86)/atollic/truestudio for stm32 9.0.0/armtools/bin/../lib/gcc/arm-atollic-eabi/6.3.1/armv7-m\libgcc.a(pr-support.o)

.ARM            0x08008a10      0x1b8
                0x08008a10                __exidx_start = .
 *(.ARM.exidx*)
 .ARM.exidx.text._ZN4RF243csnE13GPIO_PinState
                0x08008ac8        0x8 Core\Src\RF24.o
 .ARM.exidx.text._ZN4RF242ceE13GPIO_PinState
                0x08008ad0        0x8 Core\Src\RF24.o
 .ARM.exidx.text._ZN4RF2416beginTransactionEv
                0x08008ad8        0x8 Core\Src\RF24.o
 .ARM.exidx.text._ZN4RF2414endTransactionEv
                0x08008ae0        0x8 Core\Src\RF24.o
 .ARM.exidx.text._ZN4RF2413read_registerEh
                0x08008ae8        0x8 Core\Src\RF24.o
 .ARM.exidx.text._ZN4RF2414write_registerEhPKhh
                0x08008af0        0x8 Core\Src\RF24.o
 .ARM.exidx.text._ZN4RF2414write_registerEhh
                0x08008af8        0x8 Core\Src\RF24.o
 .ARM.exidx.text._ZN4RF2412read_payloadEPvh
                0x08008b00        0x8 Core\Src\RF24.o
 .ARM.exidx.text._ZN4RF248flush_rxEv
                0x08008b08        0x8 Core\Src\RF24.o
 .ARM.exidx.text._ZN4RF248flush_txEv
                0x08008b10        0x8 Core\Src\RF24.o
 .ARM.exidx.text._ZN4RF248spiTransEh
                0x08008b18        0x8 Core\Src\RF24.o
 .ARM.exidx.text._ZN4RF2410get_statusEv
                0x08008b20        0x8 Core\Src\RF24.o
 .ARM.exidx.text._ZN4RF24C2EP12GPIO_TypeDeftS1_tP19__SPI_HandleTypeDef
                0x08008b28        0x8 Core\Src\RF24.o
 .ARM.exidx.text._ZN4RF2410setChannelEh
                0x08008b30        0x8 Core\Src\RF24.o
 .ARM.exidx.text._ZN4RF245beginEv
                0x08008b38        0x8 Core\Src\RF24.o
 .ARM.exidx.text._ZN4RF2414startListeningEv
                0x08008b40        0x8 Core\Src\RF24.o
 .ARM.exidx.text._ZN4RF247powerUpEv
                0x08008b48        0x8 Core\Src\RF24.o
 .ARM.exidx.text._ZN4RF249availableEv
                0x08008b50        0x8 Core\Src\RF24.o
 .ARM.exidx.text._ZN4RF249availableEPh
                0x08008b58        0x8 Core\Src\RF24.o
 .ARM.exidx.text._ZN4RF244readEPvh
                0x08008b60        0x8 Core\Src\RF24.o
 .ARM.exidx.text._ZN4RF2415openReadingPipeEhy
                0x08008b68        0x8 Core\Src\RF24.o
 .ARM.exidx.text._ZN4RF2416closeReadingPipeEh
                0x08008b70        0x8 Core\Src\RF24.o
 .ARM.exidx.text._ZN4RF2415toggle_featuresEv
                0x08008b78        0x8 Core\Src\RF24.o
 .ARM.exidx.text._ZN4RF2411setDataRateE15rf24_datarate_e
                0x08008b80        0x8 Core\Src\RF24.o
 .ARM.exidx.text._ZN4RF2410setRetriesEhh
                0x08008b88        0x8 Core\Src\RF24.o
 .ARM.exidx.text.main
                0x08008b90        0x8 Core\Src\main.o
 .ARM.exidx.text._Z18SystemClock_Configv
                0x08008b98        0x8 Core\Src\main.o
 .ARM.exidx.text._ZL12MX_SPI1_Initv
                0x08008ba0        0x8 Core\Src\main.o
 .ARM.exidx.text._ZL12MX_TIM2_Initv
                0x08008ba8        0x8 Core\Src\main.o
 .ARM.exidx.text._ZL19MX_USART1_UART_Initv
                0x08008bb0        0x8 Core\Src\main.o
 .ARM.exidx.text._ZL12MX_GPIO_Initv
                0x08008bb8        0x8 Core\Src\main.o
 .ARM.exidx.text.Error_Handler
                0x08008bc0        0x8 Core\Src\main.o
 .ARM.exidx     0x08008a10        0x8 c:/program files (x86)/atollic/truestudio for stm32 9.0.0/armtools/bin/../lib/gcc/arm-atollic-eabi/6.3.1/armv7-m\libgcc.a(_udivmoddi4.o)
 .ARM.exidx     0x08008a18       0x78 c:/program files (x86)/atollic/truestudio for stm32 9.0.0/armtools/bin/../lib/gcc/arm-atollic-eabi/6.3.1/armv7-m\libgcc.a(unwind-arm.o)
                                 0xd8 (size before relaxing)
 .ARM.exidx     0x08008a90       0x38 c:/program files (x86)/atollic/truestudio for stm32 9.0.0/armtools/bin/../lib/gcc/arm-atollic-eabi/6.3.1/armv7-m\libgcc.a(pr-support.o)
                                 0x48 (size before relaxing)
                0x08008bc8                __exidx_end = .

.rel.dyn        0x08008bc8        0x0
 .rel.iplt      0x08008bc8        0x0 c:/program files (x86)/atollic/truestudio for stm32 9.0.0/armtools/bin/../lib/gcc/arm-atollic-eabi/6.3.1/armv7-m/crtbegin.o

.preinit_array  0x08008bc8        0x0
                0x08008bc8                PROVIDE (__preinit_array_start, .)
 *(.preinit_array*)
                0x08008bc8                PROVIDE (__preinit_array_end, .)

.init_array     0x08008bc8        0x4
                0x08008bc8                PROVIDE (__init_array_start, .)
 *(SORT(.init_array.*))
 *(.init_array*)
 .init_array    0x08008bc8        0x4 c:/program files (x86)/atollic/truestudio for stm32 9.0.0/armtools/bin/../lib/gcc/arm-atollic-eabi/6.3.1/armv7-m/crtbegin.o
                0x08008bcc                PROVIDE (__init_array_end, .)

.fini_array     0x08008bcc        0x4
                [!provide]                PROVIDE (__fini_array_start, .)
 *(SORT(.fini_array.*))
 *(.fini_array*)
 .fini_array    0x08008bcc        0x4 c:/program files (x86)/atollic/truestudio for stm32 9.0.0/armtools/bin/../lib/gcc/arm-atollic-eabi/6.3.1/armv7-m/crtbegin.o
                [!provide]                PROVIDE (__fini_array_end, .)
                0x08008bd0                _sidata = LOADADDR (.data)

.data           0x20000000      0x680 load address 0x08008bd0
                0x20000000                . = ALIGN (0x4)
                0x20000000                _sdata = .
 *(.data)
 .data          0x20000000        0x1 Core\Src\main.o
                0x20000000                data
 *(.data*)
 *fill*         0x20000001        0x3 
 .data.SystemCoreClock
                0x20000004        0x4 Core\Src\system_stm32f1xx.o
                0x20000004                SystemCoreClock
 .data.uwTickPrio
                0x20000008        0x4 Drivers\STM32F1xx_HAL_Driver\Src\stm32f1xx_hal.o
                0x20000008                uwTickPrio
 .data.uwTickFreq
                0x2000000c        0x1 Drivers\STM32F1xx_HAL_Driver\Src\stm32f1xx_hal.o
                0x2000000c                uwTickFreq
 *fill*         0x2000000d        0x3 
 .data._impure_ptr
                0x20000010        0x4 c:/program files (x86)/atollic/truestudio for stm32 9.0.0/armtools/bin/../lib/gcc/arm-atollic-eabi/6.3.1/../../../../arm-atollic-eabi/lib/armv7-m\libc.a(lib_a-impure.o)
                0x20000010                _impure_ptr
 .data.impure_data
                0x20000014       0xf0 c:/program files (x86)/atollic/truestudio for stm32 9.0.0/armtools/bin/../lib/gcc/arm-atollic-eabi/6.3.1/../../../../arm-atollic-eabi/lib/armv7-m\libc.a(lib_a-impure.o)
 .data.__malloc_av_
                0x20000104      0x408 c:/program files (x86)/atollic/truestudio for stm32 9.0.0/armtools/bin/../lib/gcc/arm-atollic-eabi/6.3.1/../../../../arm-atollic-eabi/lib/armv7-m\libc.a(lib_a-mallocr.o)
                0x20000104                __malloc_av_
 .data.__malloc_sbrk_base
                0x2000050c        0x4 c:/program files (x86)/atollic/truestudio for stm32 9.0.0/armtools/bin/../lib/gcc/arm-atollic-eabi/6.3.1/../../../../arm-atollic-eabi/lib/armv7-m\libc.a(lib_a-mallocr.o)
                0x2000050c                __malloc_sbrk_base
 .data.__malloc_trim_threshold
                0x20000510        0x4 c:/program files (x86)/atollic/truestudio for stm32 9.0.0/armtools/bin/../lib/gcc/arm-atollic-eabi/6.3.1/../../../../arm-atollic-eabi/lib/armv7-m\libc.a(lib_a-mallocr.o)
                0x20000510                __malloc_trim_threshold
 .data.__global_locale
                0x20000514      0x16c c:/program files (x86)/atollic/truestudio for stm32 9.0.0/armtools/bin/../lib/gcc/arm-atollic-eabi/6.3.1/../../../../arm-atollic-eabi/lib/armv7-m\libc.a(lib_a-locale.o)
                0x20000514                __global_locale
                0x20000680                . = ALIGN (0x4)
                0x20000680                _edata = .

.igot.plt       0x20000680        0x0 load address 0x08009250
 .igot.plt      0x20000680        0x0 c:/program files (x86)/atollic/truestudio for stm32 9.0.0/armtools/bin/../lib/gcc/arm-atollic-eabi/6.3.1/armv7-m/crtbegin.o
                0x20000680                . = ALIGN (0x4)

.bss            0x20000680      0x140 load address 0x08009250
                0x20000680                _sbss = .
                0x20000680                __bss_start__ = _sbss
 *(.bss)
 .bss           0x20000680       0x1c c:/program files (x86)/atollic/truestudio for stm32 9.0.0/armtools/bin/../lib/gcc/arm-atollic-eabi/6.3.1/armv7-m/crtbegin.o
 .bss           0x2000069c       0xd8 Core\Src\main.o
                0x2000069c                hspi1
                0x200006f4                htim2
                0x20000734                huart1
 *(.bss*)
 .bss.heap_end.5908
                0x20000774        0x4 Core\Src\syscalls.o
 .bss.__malloc_current_mallinfo
                0x20000778       0x28 c:/program files (x86)/atollic/truestudio for stm32 9.0.0/armtools/bin/../lib/gcc/arm-atollic-eabi/6.3.1/../../../../arm-atollic-eabi/lib/armv7-m\libc.a(lib_a-mallocr.o)
                0x20000778                __malloc_current_mallinfo
 .bss.__malloc_max_sbrked_mem
                0x200007a0        0x4 c:/program files (x86)/atollic/truestudio for stm32 9.0.0/armtools/bin/../lib/gcc/arm-atollic-eabi/6.3.1/../../../../arm-atollic-eabi/lib/armv7-m\libc.a(lib_a-mallocr.o)
                0x200007a0                __malloc_max_sbrked_mem
 .bss.__malloc_max_total_mem
                0x200007a4        0x4 c:/program files (x86)/atollic/truestudio for stm32 9.0.0/armtools/bin/../lib/gcc/arm-atollic-eabi/6.3.1/../../../../arm-atollic-eabi/lib/armv7-m\libc.a(lib_a-mallocr.o)
                0x200007a4                __malloc_max_total_mem
 .bss.__malloc_top_pad
                0x200007a8        0x4 c:/program files (x86)/atollic/truestudio for stm32 9.0.0/armtools/bin/../lib/gcc/arm-atollic-eabi/6.3.1/../../../../arm-atollic-eabi/lib/armv7-m\libc.a(lib_a-mallocr.o)
                0x200007a8                __malloc_top_pad
 *(COMMON)
 COMMON         0x200007ac        0x4 Drivers\STM32F1xx_HAL_Driver\Src\stm32f1xx_hal.o
                0x200007ac                uwTick
 COMMON         0x200007b0        0x9 c:/program files (x86)/atollic/truestudio for stm32 9.0.0/armtools/bin/../lib/gcc/arm-atollic-eabi/6.3.1/../../../../arm-atollic-eabi/lib/armv7-m\libc.a(lib_a-lock.o)
                0x200007b0                __lock___atexit_recursive_mutex
                0x200007b1                __lock___arc4random_mutex
                0x200007b2                __lock___env_recursive_mutex
                0x200007b3                __lock___sinit_recursive_mutex
                0x200007b4                __lock___malloc_recursive_mutex
                0x200007b5                __lock___at_quick_exit_mutex
                0x200007b6                __lock___dd_hash_mutex
                0x200007b7                __lock___tz_mutex
                0x200007b8                __lock___sfp_recursive_mutex
 *fill*         0x200007b9        0x3 
 COMMON         0x200007bc        0x4 c:/program files (x86)/atollic/truestudio for stm32 9.0.0/armtools/bin/../lib/gcc/arm-atollic-eabi/6.3.1/../../../../arm-atollic-eabi/lib/armv7-m\libc.a(lib_a-reent.o)
                0x200007bc                errno
                0x200007c0                . = ALIGN (0x4)
                0x200007c0                _ebss = .
                0x200007c0                __bss_end__ = _ebss

._user_heap_stack
                0x200007c0      0x600 load address 0x08009250
                0x200007c0                . = ALIGN (0x4)
                0x200007c0                PROVIDE (end, .)
                [!provide]                PROVIDE (_end, .)
                0x200009c0                . = (. + _Min_Heap_Size)
 *fill*         0x200007c0      0x200 
                0x20000dc0                . = (. + _Min_Stack_Size)
 *fill*         0x200009c0      0x400 
                0x20000dc0                . = ALIGN (0x4)

/DISCARD/
 libc.a(*)
 libm.a(*)
 libgcc.a(*)

.ARM.attributes
                0x00000000       0x29
 *(.ARM.attributes)
 .ARM.attributes
                0x00000000       0x1d c:/program files (x86)/atollic/truestudio for stm32 9.0.0/armtools/bin/../lib/gcc/arm-atollic-eabi/6.3.1/armv7-m/crti.o
 .ARM.attributes
                0x0000001d       0x2d c:/program files (x86)/atollic/truestudio for stm32 9.0.0/armtools/bin/../lib/gcc/arm-atollic-eabi/6.3.1/armv7-m/crtbegin.o
 .ARM.attributes
                0x0000004a       0x33 Core\Src\RF24.o
 .ARM.attributes
                0x0000007d       0x33 Core\Src\main.o
 .ARM.attributes
                0x000000b0       0x33 Core\Src\stm32f1xx_hal_msp.o
 .ARM.attributes
                0x000000e3       0x33 Core\Src\stm32f1xx_it.o
 .ARM.attributes
                0x00000116       0x33 Core\Src\syscalls.o
 .ARM.attributes
                0x00000149       0x33 Core\Src\system_stm32f1xx.o
 .ARM.attributes
                0x0000017c       0x33 Drivers\STM32F1xx_HAL_Driver\Src\stm32f1xx_hal.o
 .ARM.attributes
                0x000001af       0x33 Drivers\STM32F1xx_HAL_Driver\Src\stm32f1xx_hal_cortex.o
 .ARM.attributes
                0x000001e2       0x33 Drivers\STM32F1xx_HAL_Driver\Src\stm32f1xx_hal_dma.o
 .ARM.attributes
                0x00000215       0x33 Drivers\STM32F1xx_HAL_Driver\Src\stm32f1xx_hal_gpio.o
 .ARM.attributes
                0x00000248       0x33 Drivers\STM32F1xx_HAL_Driver\Src\stm32f1xx_hal_rcc.o
 .ARM.attributes
                0x0000027b       0x33 Drivers\STM32F1xx_HAL_Driver\Src\stm32f1xx_hal_spi.o
 .ARM.attributes
                0x000002ae       0x33 Drivers\STM32F1xx_HAL_Driver\Src\stm32f1xx_hal_spi_ex.o
 .ARM.attributes
                0x000002e1       0x33 Drivers\STM32F1xx_HAL_Driver\Src\stm32f1xx_hal_tim.o
 .ARM.attributes
                0x00000314       0x33 Drivers\STM32F1xx_HAL_Driver\Src\stm32f1xx_hal_tim_ex.o
 .ARM.attributes
                0x00000347       0x33 Drivers\STM32F1xx_HAL_Driver\Src\stm32f1xx_hal_uart.o
 .ARM.attributes
                0x0000037a       0x21 startup\startup_stm32f103xb.o
 .ARM.attributes
                0x0000039b       0x2d c:/program files (x86)/atollic/truestudio for stm32 9.0.0/armtools/bin/../lib/gcc/arm-atollic-eabi/6.3.1/../../../../arm-atollic-eabi/lib/armv7-m\libc.a(lib_a-errno.o)
 .ARM.attributes
                0x000003c8       0x2d c:/program files (x86)/atollic/truestudio for stm32 9.0.0/armtools/bin/../lib/gcc/arm-atollic-eabi/6.3.1/../../../../arm-atollic-eabi/lib/armv7-m\libc.a(lib_a-impure.o)
 .ARM.attributes
                0x000003f5       0x2d c:/program files (x86)/atollic/truestudio for stm32 9.0.0/armtools/bin/../lib/gcc/arm-atollic-eabi/6.3.1/../../../../arm-atollic-eabi/lib/armv7-m\libc.a(lib_a-init.o)
 .ARM.attributes
                0x00000422       0x2d c:/program files (x86)/atollic/truestudio for stm32 9.0.0/armtools/bin/../lib/gcc/arm-atollic-eabi/6.3.1/../../../../arm-atollic-eabi/lib/armv7-m\libc.a(lib_a-memcpy-stub.o)
 .ARM.attributes
                0x0000044f       0x2d c:/program files (x86)/atollic/truestudio for stm32 9.0.0/armtools/bin/../lib/gcc/arm-atollic-eabi/6.3.1/../../../../arm-atollic-eabi/lib/armv7-m\libc.a(lib_a-memset.o)
 .ARM.attributes
                0x0000047c       0x2d c:/program files (x86)/atollic/truestudio for stm32 9.0.0/armtools/bin/../lib/gcc/arm-atollic-eabi/6.3.1/../../../../arm-atollic-eabi/lib/armv7-m\libc.a(lib_a-sprintf.o)
 .ARM.attributes
                0x000004a9       0x17 c:/program files (x86)/atollic/truestudio for stm32 9.0.0/armtools/bin/../lib/gcc/arm-atollic-eabi/6.3.1/../../../../arm-atollic-eabi/lib/armv7-m\libc.a(lib_a-strlen.o)
 .ARM.attributes
                0x000004c0       0x2d c:/program files (x86)/atollic/truestudio for stm32 9.0.0/armtools/bin/../lib/gcc/arm-atollic-eabi/6.3.1/../../../../arm-atollic-eabi/lib/armv7-m\libc.a(lib_a-svfprintf.o)
 .ARM.attributes
                0x000004ed       0x2d c:/program files (x86)/atollic/truestudio for stm32 9.0.0/armtools/bin/../lib/gcc/arm-atollic-eabi/6.3.1/../../../../arm-atollic-eabi/lib/armv7-m\libc.a(lib_a-dtoa.o)
 .ARM.attributes
                0x0000051a       0x2d c:/program files (x86)/atollic/truestudio for stm32 9.0.0/armtools/bin/../lib/gcc/arm-atollic-eabi/6.3.1/../../../../arm-atollic-eabi/lib/armv7-m\libc.a(lib_a-localeconv.o)
 .ARM.attributes
                0x00000547       0x2d c:/program files (x86)/atollic/truestudio for stm32 9.0.0/armtools/bin/../lib/gcc/arm-atollic-eabi/6.3.1/../../../../arm-atollic-eabi/lib/armv7-m\libc.a(lib_a-malloc.o)
 .ARM.attributes
                0x00000574       0x2d c:/program files (x86)/atollic/truestudio for stm32 9.0.0/armtools/bin/../lib/gcc/arm-atollic-eabi/6.3.1/../../../../arm-atollic-eabi/lib/armv7-m\libc.a(lib_a-mallocr.o)
 .ARM.attributes
                0x000005a1       0x2d c:/program files (x86)/atollic/truestudio for stm32 9.0.0/armtools/bin/../lib/gcc/arm-atollic-eabi/6.3.1/../../../../arm-atollic-eabi/lib/armv7-m\libc.a(lib_a-memchr-stub.o)
 .ARM.attributes
                0x000005ce       0x2d c:/program files (x86)/atollic/truestudio for stm32 9.0.0/armtools/bin/../lib/gcc/arm-atollic-eabi/6.3.1/../../../../arm-atollic-eabi/lib/armv7-m\libc.a(lib_a-mlock.o)
 .ARM.attributes
                0x000005fb       0x2d c:/program files (x86)/atollic/truestudio for stm32 9.0.0/armtools/bin/../lib/gcc/arm-atollic-eabi/6.3.1/../../../../arm-atollic-eabi/lib/armv7-m\libc.a(lib_a-mprec.o)
 .ARM.attributes
                0x00000628       0x2d c:/program files (x86)/atollic/truestudio for stm32 9.0.0/armtools/bin/../lib/gcc/arm-atollic-eabi/6.3.1/../../../../arm-atollic-eabi/lib/armv7-m\libc.a(lib_a-sbrkr.o)
 .ARM.attributes
                0x00000655       0x2d c:/program files (x86)/atollic/truestudio for stm32 9.0.0/armtools/bin/../lib/gcc/arm-atollic-eabi/6.3.1/../../../../arm-atollic-eabi/lib/armv7-m\libc.a(lib_a-svfiprintf.o)
 .ARM.attributes
                0x00000682       0x2d c:/program files (x86)/atollic/truestudio for stm32 9.0.0/armtools/bin/../lib/gcc/arm-atollic-eabi/6.3.1/../../../../arm-atollic-eabi/lib/armv7-m\libc.a(lib_a-callocr.o)
 .ARM.attributes
                0x000006af       0x2d c:/program files (x86)/atollic/truestudio for stm32 9.0.0/armtools/bin/../lib/gcc/arm-atollic-eabi/6.3.1/../../../../arm-atollic-eabi/lib/armv7-m\libc.a(lib_a-freer.o)
 .ARM.attributes
                0x000006dc       0x2d c:/program files (x86)/atollic/truestudio for stm32 9.0.0/armtools/bin/../lib/gcc/arm-atollic-eabi/6.3.1/../../../../arm-atollic-eabi/lib/armv7-m\libc.a(lib_a-locale.o)
 .ARM.attributes
                0x00000709       0x2d c:/program files (x86)/atollic/truestudio for stm32 9.0.0/armtools/bin/../lib/gcc/arm-atollic-eabi/6.3.1/../../../../arm-atollic-eabi/lib/armv7-m\libc.a(lib_a-lock.o)
 .ARM.attributes
                0x00000736       0x2d c:/program files (x86)/atollic/truestudio for stm32 9.0.0/armtools/bin/../lib/gcc/arm-atollic-eabi/6.3.1/../../../../arm-atollic-eabi/lib/armv7-m\libc.a(lib_a-mbtowc_r.o)
 .ARM.attributes
                0x00000763       0x2d c:/program files (x86)/atollic/truestudio for stm32 9.0.0/armtools/bin/../lib/gcc/arm-atollic-eabi/6.3.1/../../../../arm-atollic-eabi/lib/armv7-m\libc.a(lib_a-memmove.o)
 .ARM.attributes
                0x00000790       0x2d c:/program files (x86)/atollic/truestudio for stm32 9.0.0/armtools/bin/../lib/gcc/arm-atollic-eabi/6.3.1/../../../../arm-atollic-eabi/lib/armv7-m\libc.a(lib_a-reallocr.o)
 .ARM.attributes
                0x000007bd       0x2d c:/program files (x86)/atollic/truestudio for stm32 9.0.0/armtools/bin/../lib/gcc/arm-atollic-eabi/6.3.1/../../../../arm-atollic-eabi/lib/armv7-m\libc.a(lib_a-reent.o)
 .ARM.attributes
                0x000007ea       0x2d c:/program files (x86)/atollic/truestudio for stm32 9.0.0/armtools/bin/../lib/gcc/arm-atollic-eabi/6.3.1/../../../../arm-atollic-eabi/lib/armv7-m\libc.a(lib_a-wctomb_r.o)
 .ARM.attributes
                0x00000817       0x2d c:/program files (x86)/atollic/truestudio for stm32 9.0.0/armtools/bin/../lib/gcc/arm-atollic-eabi/6.3.1/../../../../arm-atollic-eabi/lib/armv7-m\libc.a(lib_a-ctype_.o)
 .ARM.attributes
                0x00000844       0x1d c:/program files (x86)/atollic/truestudio for stm32 9.0.0/armtools/bin/../lib/gcc/arm-atollic-eabi/6.3.1/armv7-m\libgcc.a(_arm_addsubdf3.o)
 .ARM.attributes
                0x00000861       0x1d c:/program files (x86)/atollic/truestudio for stm32 9.0.0/armtools/bin/../lib/gcc/arm-atollic-eabi/6.3.1/armv7-m\libgcc.a(_arm_muldivdf3.o)
 .ARM.attributes
                0x0000087e       0x1d c:/program files (x86)/atollic/truestudio for stm32 9.0.0/armtools/bin/../lib/gcc/arm-atollic-eabi/6.3.1/armv7-m\libgcc.a(_arm_cmpdf2.o)
 .ARM.attributes
                0x0000089b       0x1d c:/program files (x86)/atollic/truestudio for stm32 9.0.0/armtools/bin/../lib/gcc/arm-atollic-eabi/6.3.1/armv7-m\libgcc.a(_arm_unorddf2.o)
 .ARM.attributes
                0x000008b8       0x1d c:/program files (x86)/atollic/truestudio for stm32 9.0.0/armtools/bin/../lib/gcc/arm-atollic-eabi/6.3.1/armv7-m\libgcc.a(_arm_fixdfsi.o)
 .ARM.attributes
                0x000008d5       0x1d c:/program files (x86)/atollic/truestudio for stm32 9.0.0/armtools/bin/../lib/gcc/arm-atollic-eabi/6.3.1/armv7-m\libgcc.a(_aeabi_uldivmod.o)
 .ARM.attributes
                0x000008f2       0x2d c:/program files (x86)/atollic/truestudio for stm32 9.0.0/armtools/bin/../lib/gcc/arm-atollic-eabi/6.3.1/armv7-m\libgcc.a(_udivmoddi4.o)
 .ARM.attributes
                0x0000091f       0x2d c:/program files (x86)/atollic/truestudio for stm32 9.0.0/armtools/bin/../lib/gcc/arm-atollic-eabi/6.3.1/armv7-m\libgcc.a(unwind-arm.o)
 .ARM.attributes
                0x0000094c       0x1d c:/program files (x86)/atollic/truestudio for stm32 9.0.0/armtools/bin/../lib/gcc/arm-atollic-eabi/6.3.1/armv7-m\libgcc.a(libunwind.o)
 .ARM.attributes
                0x00000969       0x2d c:/program files (x86)/atollic/truestudio for stm32 9.0.0/armtools/bin/../lib/gcc/arm-atollic-eabi/6.3.1/armv7-m\libgcc.a(pr-support.o)
 .ARM.attributes
                0x00000996       0x1d c:/program files (x86)/atollic/truestudio for stm32 9.0.0/armtools/bin/../lib/gcc/arm-atollic-eabi/6.3.1/armv7-m\libgcc.a(_dvmd_tls.o)
 .ARM.attributes
                0x000009b3       0x2d c:/program files (x86)/atollic/truestudio for stm32 9.0.0/armtools/bin/../lib/gcc/arm-atollic-eabi/6.3.1/../../../../arm-atollic-eabi/lib/armv7-m\libc.a(lib_a-abort.o)
 .ARM.attributes
                0x000009e0       0x2d c:/program files (x86)/atollic/truestudio for stm32 9.0.0/armtools/bin/../lib/gcc/arm-atollic-eabi/6.3.1/../../../../arm-atollic-eabi/lib/armv7-m\libc.a(lib_a-signal.o)
 .ARM.attributes
                0x00000a0d       0x2d c:/program files (x86)/atollic/truestudio for stm32 9.0.0/armtools/bin/../lib/gcc/arm-atollic-eabi/6.3.1/../../../../arm-atollic-eabi/lib/armv7-m\libc.a(lib_a-signalr.o)
 .ARM.attributes
                0x00000a3a       0x1d c:/program files (x86)/atollic/truestudio for stm32 9.0.0/armtools/bin/../lib/gcc/arm-atollic-eabi/6.3.1/armv7-m/crtn.o
OUTPUT(NRF24.elf elf32-littlearm)

.debug_info     0x00000000    0x1741e
 .debug_info    0x00000000     0x345a Core\Src\RF24.o
 .debug_info    0x0000345a     0x2384 Core\Src\main.o
 .debug_info    0x000057de     0x173a Core\Src\stm32f1xx_hal_msp.o
 .debug_info    0x00006f18     0x10b6 Core\Src\stm32f1xx_it.o
 .debug_info    0x00007fce      0xf2f Core\Src\syscalls.o
 .debug_info    0x00008efd      0xc63 Core\Src\system_stm32f1xx.o
 .debug_info    0x00009b60      0xf13 Drivers\STM32F1xx_HAL_Driver\Src\stm32f1xx_hal.o
 .debug_info    0x0000aa73     0x1362 Drivers\STM32F1xx_HAL_Driver\Src\stm32f1xx_hal_cortex.o
 .debug_info    0x0000bdd5      0xfcb Drivers\STM32F1xx_HAL_Driver\Src\stm32f1xx_hal_dma.o
 .debug_info    0x0000cda0      0xec5 Drivers\STM32F1xx_HAL_Driver\Src\stm32f1xx_hal_gpio.o
 .debug_info    0x0000dc65     0x1041 Drivers\STM32F1xx_HAL_Driver\Src\stm32f1xx_hal_rcc.o
 .debug_info    0x0000eca6     0x1ca0 Drivers\STM32F1xx_HAL_Driver\Src\stm32f1xx_hal_spi.o
 .debug_info    0x00010946      0xe5d Drivers\STM32F1xx_HAL_Driver\Src\stm32f1xx_hal_spi_ex.o
 .debug_info    0x000117a3     0x2a2a Drivers\STM32F1xx_HAL_Driver\Src\stm32f1xx_hal_tim.o
 .debug_info    0x000141cd     0x17da Drivers\STM32F1xx_HAL_Driver\Src\stm32f1xx_hal_tim_ex.o
 .debug_info    0x000159a7     0x19f6 Drivers\STM32F1xx_HAL_Driver\Src\stm32f1xx_hal_uart.o
 .debug_info    0x0001739d       0x81 startup\startup_stm32f103xb.o

.debug_abbrev   0x00000000     0x2951
 .debug_abbrev  0x00000000      0x3b1 Core\Src\RF24.o
 .debug_abbrev  0x000003b1      0x369 Core\Src\main.o
 .debug_abbrev  0x0000071a      0x21b Core\Src\stm32f1xx_hal_msp.o
 .debug_abbrev  0x00000935      0x1b5 Core\Src\stm32f1xx_it.o
 .debug_abbrev  0x00000aea      0x271 Core\Src\syscalls.o
 .debug_abbrev  0x00000d5b      0x1eb Core\Src\system_stm32f1xx.o
 .debug_abbrev  0x00000f46      0x2b8 Drivers\STM32F1xx_HAL_Driver\Src\stm32f1xx_hal.o
 .debug_abbrev  0x000011fe      0x368 Drivers\STM32F1xx_HAL_Driver\Src\stm32f1xx_hal_cortex.o
 .debug_abbrev  0x00001566      0x26a Drivers\STM32F1xx_HAL_Driver\Src\stm32f1xx_hal_dma.o
 .debug_abbrev  0x000017d0      0x24c Drivers\STM32F1xx_HAL_Driver\Src\stm32f1xx_hal_gpio.o
 .debug_abbrev  0x00001a1c      0x2e6 Drivers\STM32F1xx_HAL_Driver\Src\stm32f1xx_hal_rcc.o
 .debug_abbrev  0x00001d02      0x2ac Drivers\STM32F1xx_HAL_Driver\Src\stm32f1xx_hal_spi.o
 .debug_abbrev  0x00001fae      0x1b0 Drivers\STM32F1xx_HAL_Driver\Src\stm32f1xx_hal_spi_ex.o
 .debug_abbrev  0x0000215e      0x2ab Drivers\STM32F1xx_HAL_Driver\Src\stm32f1xx_hal_tim.o
 .debug_abbrev  0x00002409      0x288 Drivers\STM32F1xx_HAL_Driver\Src\stm32f1xx_hal_tim_ex.o
 .debug_abbrev  0x00002691      0x2ae Drivers\STM32F1xx_HAL_Driver\Src\stm32f1xx_hal_uart.o
 .debug_abbrev  0x0000293f       0x12 startup\startup_stm32f103xb.o

.debug_aranges  0x00000000     0x1010
 .debug_aranges
                0x00000000      0x268 Core\Src\RF24.o
 .debug_aranges
                0x00000268       0x50 Core\Src\main.o
 .debug_aranges
                0x000002b8       0x50 Core\Src\stm32f1xx_hal_msp.o
 .debug_aranges
                0x00000308       0x70 Core\Src\stm32f1xx_it.o
 .debug_aranges
                0x00000378       0xb0 Core\Src\syscalls.o
 .debug_aranges
                0x00000428       0x28 Core\Src\system_stm32f1xx.o
 .debug_aranges
                0x00000450       0xd0 Drivers\STM32F1xx_HAL_Driver\Src\stm32f1xx_hal.o
 .debug_aranges
                0x00000520      0x100 Drivers\STM32F1xx_HAL_Driver\Src\stm32f1xx_hal_cortex.o
 .debug_aranges
                0x00000620       0x80 Drivers\STM32F1xx_HAL_Driver\Src\stm32f1xx_hal_dma.o
 .debug_aranges
                0x000006a0       0x58 Drivers\STM32F1xx_HAL_Driver\Src\stm32f1xx_hal_gpio.o
 .debug_aranges
                0x000006f8       0x90 Drivers\STM32F1xx_HAL_Driver\Src\stm32f1xx_hal_rcc.o
 .debug_aranges
                0x00000788      0x1d0 Drivers\STM32F1xx_HAL_Driver\Src\stm32f1xx_hal_spi.o
 .debug_aranges
                0x00000958       0x20 Drivers\STM32F1xx_HAL_Driver\Src\stm32f1xx_hal_spi_ex.o
 .debug_aranges
                0x00000978      0x368 Drivers\STM32F1xx_HAL_Driver\Src\stm32f1xx_hal_tim.o
 .debug_aranges
                0x00000ce0      0x138 Drivers\STM32F1xx_HAL_Driver\Src\stm32f1xx_hal_tim_ex.o
 .debug_aranges
                0x00000e18      0x1d0 Drivers\STM32F1xx_HAL_Driver\Src\stm32f1xx_hal_uart.o
 .debug_aranges
                0x00000fe8       0x28 startup\startup_stm32f103xb.o

.debug_ranges   0x00000000      0xf08
 .debug_ranges  0x00000000      0x258 Core\Src\RF24.o
 .debug_ranges  0x00000258       0x40 Core\Src\main.o
 .debug_ranges  0x00000298       0x40 Core\Src\stm32f1xx_hal_msp.o
 .debug_ranges  0x000002d8       0x60 Core\Src\stm32f1xx_it.o
 .debug_ranges  0x00000338       0xa0 Core\Src\syscalls.o
 .debug_ranges  0x000003d8       0x18 Core\Src\system_stm32f1xx.o
 .debug_ranges  0x000003f0       0xc0 Drivers\STM32F1xx_HAL_Driver\Src\stm32f1xx_hal.o
 .debug_ranges  0x000004b0       0xf0 Drivers\STM32F1xx_HAL_Driver\Src\stm32f1xx_hal_cortex.o
 .debug_ranges  0x000005a0       0x70 Drivers\STM32F1xx_HAL_Driver\Src\stm32f1xx_hal_dma.o
 .debug_ranges  0x00000610       0x48 Drivers\STM32F1xx_HAL_Driver\Src\stm32f1xx_hal_gpio.o
 .debug_ranges  0x00000658       0x80 Drivers\STM32F1xx_HAL_Driver\Src\stm32f1xx_hal_rcc.o
 .debug_ranges  0x000006d8      0x1c0 Drivers\STM32F1xx_HAL_Driver\Src\stm32f1xx_hal_spi.o
 .debug_ranges  0x00000898       0x10 Drivers\STM32F1xx_HAL_Driver\Src\stm32f1xx_hal_spi_ex.o
 .debug_ranges  0x000008a8      0x358 Drivers\STM32F1xx_HAL_Driver\Src\stm32f1xx_hal_tim.o
 .debug_ranges  0x00000c00      0x128 Drivers\STM32F1xx_HAL_Driver\Src\stm32f1xx_hal_tim_ex.o
 .debug_ranges  0x00000d28      0x1c0 Drivers\STM32F1xx_HAL_Driver\Src\stm32f1xx_hal_uart.o
 .debug_ranges  0x00000ee8       0x20 startup\startup_stm32f103xb.o

.debug_line     0x00000000     0x6dce
 .debug_line    0x00000000      0xa90 Core\Src\RF24.o
 .debug_line    0x00000a90      0x436 Core\Src\main.o
 .debug_line    0x00000ec6      0x39c Core\Src\stm32f1xx_hal_msp.o
 .debug_line    0x00001262      0x394 Core\Src\stm32f1xx_it.o
 .debug_line    0x000015f6      0x3dd Core\Src\syscalls.o
 .debug_line    0x000019d3      0x2cb Core\Src\system_stm32f1xx.o
 .debug_line    0x00001c9e      0x458 Drivers\STM32F1xx_HAL_Driver\Src\stm32f1xx_hal.o
 .debug_line    0x000020f6      0x53f Drivers\STM32F1xx_HAL_Driver\Src\stm32f1xx_hal_cortex.o
 .debug_line    0x00002635      0x704 Drivers\STM32F1xx_HAL_Driver\Src\stm32f1xx_hal_dma.o
 .debug_line    0x00002d39      0x4b7 Drivers\STM32F1xx_HAL_Driver\Src\stm32f1xx_hal_gpio.o
 .debug_line    0x000031f0      0x5a9 Drivers\STM32F1xx_HAL_Driver\Src\stm32f1xx_hal_rcc.o
 .debug_line    0x00003799      0xc54 Drivers\STM32F1xx_HAL_Driver\Src\stm32f1xx_hal_spi.o
 .debug_line    0x000043ed      0x2f2 Drivers\STM32F1xx_HAL_Driver\Src\stm32f1xx_hal_spi_ex.o
 .debug_line    0x000046df     0x125f Drivers\STM32F1xx_HAL_Driver\Src\stm32f1xx_hal_tim.o
 .debug_line    0x0000593e      0x86c Drivers\STM32F1xx_HAL_Driver\Src\stm32f1xx_hal_tim_ex.o
 .debug_line    0x000061aa      0xba7 Drivers\STM32F1xx_HAL_Driver\Src\stm32f1xx_hal_uart.o
 .debug_line    0x00006d51       0x7d startup\startup_stm32f103xb.o

.debug_str      0x00000000     0x4d24
 .debug_str     0x00000000     0x1a44 Core\Src\RF24.o
                               0x1d6c (size before relaxing)
 .debug_str     0x00001a44      0x4d5 Core\Src\main.o
                               0x1fea (size before relaxing)
 .debug_str     0x00001f19      0x467 Core\Src\stm32f1xx_hal_msp.o
                               0x118c (size before relaxing)
 .debug_str     0x00002380       0xcd Core\Src\stm32f1xx_it.o
                                0xc4c (size before relaxing)
 .debug_str     0x0000244d      0x239 Core\Src\syscalls.o
                                0x83a (size before relaxing)
 .debug_str     0x00002686       0xa6 Core\Src\system_stm32f1xx.o
                                0x771 (size before relaxing)
 .debug_str     0x0000272c      0x239 Drivers\STM32F1xx_HAL_Driver\Src\stm32f1xx_hal.o
                                0xc29 (size before relaxing)
 .debug_str     0x00002965      0x2c8 Drivers\STM32F1xx_HAL_Driver\Src\stm32f1xx_hal_cortex.o
                                0xd96 (size before relaxing)
 .debug_str     0x00002c2d      0x23a Drivers\STM32F1xx_HAL_Driver\Src\stm32f1xx_hal_dma.o
                                0xaee (size before relaxing)
 .debug_str     0x00002e67      0x137 Drivers\STM32F1xx_HAL_Driver\Src\stm32f1xx_hal_gpio.o
                                0x903 (size before relaxing)
 .debug_str     0x00002f9e      0x1f5 Drivers\STM32F1xx_HAL_Driver\Src\stm32f1xx_hal_rcc.o
                                0xab3 (size before relaxing)
 .debug_str     0x00003193      0x4e3 Drivers\STM32F1xx_HAL_Driver\Src\stm32f1xx_hal_spi.o
                                0xf9a (size before relaxing)
 .debug_str     0x00003676       0x3b Drivers\STM32F1xx_HAL_Driver\Src\stm32f1xx_hal_spi_ex.o
                                0xaae (size before relaxing)
 .debug_str     0x000036b1      0xc94 Drivers\STM32F1xx_HAL_Driver\Src\stm32f1xx_hal_tim.o
                               0x17dd (size before relaxing)
 .debug_str     0x00004345      0x4dd Drivers\STM32F1xx_HAL_Driver\Src\stm32f1xx_hal_tim_ex.o
                               0x107a (size before relaxing)
 .debug_str     0x00004822      0x502 Drivers\STM32F1xx_HAL_Driver\Src\stm32f1xx_hal_uart.o
                                0xfe5 (size before relaxing)

.comment        0x00000000       0x7c
 .comment       0x00000000       0x7c Core\Src\RF24.o
                                 0x7d (size before relaxing)
 .comment       0x0000007c       0x7d Core\Src\main.o
 .comment       0x0000007c       0x7d Core\Src\stm32f1xx_hal_msp.o
 .comment       0x0000007c       0x7d Core\Src\stm32f1xx_it.o
 .comment       0x0000007c       0x7d Core\Src\syscalls.o
 .comment       0x0000007c       0x7d Core\Src\system_stm32f1xx.o
 .comment       0x0000007c       0x7d Drivers\STM32F1xx_HAL_Driver\Src\stm32f1xx_hal.o
 .comment       0x0000007c       0x7d Drivers\STM32F1xx_HAL_Driver\Src\stm32f1xx_hal_cortex.o
 .comment       0x0000007c       0x7d Drivers\STM32F1xx_HAL_Driver\Src\stm32f1xx_hal_dma.o
 .comment       0x0000007c       0x7d Drivers\STM32F1xx_HAL_Driver\Src\stm32f1xx_hal_gpio.o
 .comment       0x0000007c       0x7d Drivers\STM32F1xx_HAL_Driver\Src\stm32f1xx_hal_rcc.o
 .comment       0x0000007c       0x7d Drivers\STM32F1xx_HAL_Driver\Src\stm32f1xx_hal_spi.o
 .comment       0x0000007c       0x7d Drivers\STM32F1xx_HAL_Driver\Src\stm32f1xx_hal_spi_ex.o
 .comment       0x0000007c       0x7d Drivers\STM32F1xx_HAL_Driver\Src\stm32f1xx_hal_tim.o
 .comment       0x0000007c       0x7d Drivers\STM32F1xx_HAL_Driver\Src\stm32f1xx_hal_tim_ex.o
 .comment       0x0000007c       0x7d Drivers\STM32F1xx_HAL_Driver\Src\stm32f1xx_hal_uart.o

.debug_frame    0x00000000     0x5388
 .debug_frame   0x00000000      0xac0 Core\Src\RF24.o
 .debug_frame   0x00000ac0       0xf4 Core\Src\main.o
 .debug_frame   0x00000bb4      0x118 Core\Src\stm32f1xx_hal_msp.o
 .debug_frame   0x00000ccc      0x144 Core\Src\stm32f1xx_it.o
 .debug_frame   0x00000e10      0x2d4 Core\Src\syscalls.o
 .debug_frame   0x000010e4       0x58 Core\Src\system_stm32f1xx.o
 .debug_frame   0x0000113c      0x2fc Drivers\STM32F1xx_HAL_Driver\Src\stm32f1xx_hal.o
 .debug_frame   0x00001438      0x428 Drivers\STM32F1xx_HAL_Driver\Src\stm32f1xx_hal_cortex.o
 .debug_frame   0x00001860      0x208 Drivers\STM32F1xx_HAL_Driver\Src\stm32f1xx_hal_dma.o
 .debug_frame   0x00001a68      0x14c Drivers\STM32F1xx_HAL_Driver\Src\stm32f1xx_hal_gpio.o
 .debug_frame   0x00001bb4      0x21c Drivers\STM32F1xx_HAL_Driver\Src\stm32f1xx_hal_rcc.o
 .debug_frame   0x00001dd0      0x824 Drivers\STM32F1xx_HAL_Driver\Src\stm32f1xx_hal_spi.o
 .debug_frame   0x000025f4       0x34 Drivers\STM32F1xx_HAL_Driver\Src\stm32f1xx_hal_spi_ex.o
 .debug_frame   0x00002628      0xfb4 Drivers\STM32F1xx_HAL_Driver\Src\stm32f1xx_hal_tim.o
 .debug_frame   0x000035dc      0x54c Drivers\STM32F1xx_HAL_Driver\Src\stm32f1xx_hal_tim_ex.o
 .debug_frame   0x00003b28      0x83c Drivers\STM32F1xx_HAL_Driver\Src\stm32f1xx_hal_uart.o
 .debug_frame   0x00004364       0x20 c:/program files (x86)/atollic/truestudio for stm32 9.0.0/armtools/bin/../lib/gcc/arm-atollic-eabi/6.3.1/../../../../arm-atollic-eabi/lib/armv7-m\libc.a(lib_a-errno.o)
 .debug_frame   0x00004384       0x2c c:/program files (x86)/atollic/truestudio for stm32 9.0.0/armtools/bin/../lib/gcc/arm-atollic-eabi/6.3.1/../../../../arm-atollic-eabi/lib/armv7-m\libc.a(lib_a-init.o)
 .debug_frame   0x000043b0       0x28 c:/program files (x86)/atollic/truestudio for stm32 9.0.0/armtools/bin/../lib/gcc/arm-atollic-eabi/6.3.1/../../../../arm-atollic-eabi/lib/armv7-m\libc.a(lib_a-memcpy-stub.o)
 .debug_frame   0x000043d8       0x20 c:/program files (x86)/atollic/truestudio for stm32 9.0.0/armtools/bin/../lib/gcc/arm-atollic-eabi/6.3.1/../../../../arm-atollic-eabi/lib/armv7-m\libc.a(lib_a-memset.o)
 .debug_frame   0x000043f8       0x70 c:/program files (x86)/atollic/truestudio for stm32 9.0.0/armtools/bin/../lib/gcc/arm-atollic-eabi/6.3.1/../../../../arm-atollic-eabi/lib/armv7-m\libc.a(lib_a-sprintf.o)
 .debug_frame   0x00004468       0x40 c:/program files (x86)/atollic/truestudio for stm32 9.0.0/armtools/bin/../lib/gcc/arm-atollic-eabi/6.3.1/../../../../arm-atollic-eabi/lib/armv7-m\libc.a(lib_a-svfprintf.o)
 .debug_frame   0x000044a8       0x6c c:/program files (x86)/atollic/truestudio for stm32 9.0.0/armtools/bin/../lib/gcc/arm-atollic-eabi/6.3.1/../../../../arm-atollic-eabi/lib/armv7-m\libc.a(lib_a-dtoa.o)
 .debug_frame   0x00004514       0x40 c:/program files (x86)/atollic/truestudio for stm32 9.0.0/armtools/bin/../lib/gcc/arm-atollic-eabi/6.3.1/../../../../arm-atollic-eabi/lib/armv7-m\libc.a(lib_a-localeconv.o)
 .debug_frame   0x00004554       0x30 c:/program files (x86)/atollic/truestudio for stm32 9.0.0/armtools/bin/../lib/gcc/arm-atollic-eabi/6.3.1/../../../../arm-atollic-eabi/lib/armv7-m\libc.a(lib_a-malloc.o)
 .debug_frame   0x00004584       0x40 c:/program files (x86)/atollic/truestudio for stm32 9.0.0/armtools/bin/../lib/gcc/arm-atollic-eabi/6.3.1/../../../../arm-atollic-eabi/lib/armv7-m\libc.a(lib_a-mallocr.o)
 .debug_frame   0x000045c4       0x28 c:/program files (x86)/atollic/truestudio for stm32 9.0.0/armtools/bin/../lib/gcc/arm-atollic-eabi/6.3.1/../../../../arm-atollic-eabi/lib/armv7-m\libc.a(lib_a-memchr-stub.o)
 .debug_frame   0x000045ec       0x30 c:/program files (x86)/atollic/truestudio for stm32 9.0.0/armtools/bin/../lib/gcc/arm-atollic-eabi/6.3.1/../../../../arm-atollic-eabi/lib/armv7-m\libc.a(lib_a-mlock.o)
 .debug_frame   0x0000461c      0x244 c:/program files (x86)/atollic/truestudio for stm32 9.0.0/armtools/bin/../lib/gcc/arm-atollic-eabi/6.3.1/../../../../arm-atollic-eabi/lib/armv7-m\libc.a(lib_a-mprec.o)
 .debug_frame   0x00004860       0x2c c:/program files (x86)/atollic/truestudio for stm32 9.0.0/armtools/bin/../lib/gcc/arm-atollic-eabi/6.3.1/../../../../arm-atollic-eabi/lib/armv7-m\libc.a(lib_a-sbrkr.o)
 .debug_frame   0x0000488c       0x6c c:/program files (x86)/atollic/truestudio for stm32 9.0.0/armtools/bin/../lib/gcc/arm-atollic-eabi/6.3.1/../../../../arm-atollic-eabi/lib/armv7-m\libc.a(lib_a-svfiprintf.o)
 .debug_frame   0x000048f8       0x28 c:/program files (x86)/atollic/truestudio for stm32 9.0.0/armtools/bin/../lib/gcc/arm-atollic-eabi/6.3.1/../../../../arm-atollic-eabi/lib/armv7-m\libc.a(lib_a-callocr.o)
 .debug_frame   0x00004920       0x60 c:/program files (x86)/atollic/truestudio for stm32 9.0.0/armtools/bin/../lib/gcc/arm-atollic-eabi/6.3.1/../../../../arm-atollic-eabi/lib/armv7-m\libc.a(lib_a-freer.o)
 .debug_frame   0x00004980       0x68 c:/program files (x86)/atollic/truestudio for stm32 9.0.0/armtools/bin/../lib/gcc/arm-atollic-eabi/6.3.1/../../../../arm-atollic-eabi/lib/armv7-m\libc.a(lib_a-locale.o)
 .debug_frame   0x000049e8       0xb0 c:/program files (x86)/atollic/truestudio for stm32 9.0.0/armtools/bin/../lib/gcc/arm-atollic-eabi/6.3.1/../../../../arm-atollic-eabi/lib/armv7-m\libc.a(lib_a-lock.o)
 .debug_frame   0x00004a98       0x48 c:/program files (x86)/atollic/truestudio for stm32 9.0.0/armtools/bin/../lib/gcc/arm-atollic-eabi/6.3.1/../../../../arm-atollic-eabi/lib/armv7-m\libc.a(lib_a-mbtowc_r.o)
 .debug_frame   0x00004ae0       0x28 c:/program files (x86)/atollic/truestudio for stm32 9.0.0/armtools/bin/../lib/gcc/arm-atollic-eabi/6.3.1/../../../../arm-atollic-eabi/lib/armv7-m\libc.a(lib_a-memmove.o)
 .debug_frame   0x00004b08       0x50 c:/program files (x86)/atollic/truestudio for stm32 9.0.0/armtools/bin/../lib/gcc/arm-atollic-eabi/6.3.1/../../../../arm-atollic-eabi/lib/armv7-m\libc.a(lib_a-reallocr.o)
 .debug_frame   0x00004b58       0x5c c:/program files (x86)/atollic/truestudio for stm32 9.0.0/armtools/bin/../lib/gcc/arm-atollic-eabi/6.3.1/../../../../arm-atollic-eabi/lib/armv7-m\libc.a(lib_a-reent.o)
 .debug_frame   0x00004bb4       0x3c c:/program files (x86)/atollic/truestudio for stm32 9.0.0/armtools/bin/../lib/gcc/arm-atollic-eabi/6.3.1/../../../../arm-atollic-eabi/lib/armv7-m\libc.a(lib_a-wctomb_r.o)
 .debug_frame   0x00004bf0       0xac c:/program files (x86)/atollic/truestudio for stm32 9.0.0/armtools/bin/../lib/gcc/arm-atollic-eabi/6.3.1/armv7-m\libgcc.a(_arm_addsubdf3.o)
 .debug_frame   0x00004c9c       0x50 c:/program files (x86)/atollic/truestudio for stm32 9.0.0/armtools/bin/../lib/gcc/arm-atollic-eabi/6.3.1/armv7-m\libgcc.a(_arm_muldivdf3.o)
 .debug_frame   0x00004cec       0xc4 c:/program files (x86)/atollic/truestudio for stm32 9.0.0/armtools/bin/../lib/gcc/arm-atollic-eabi/6.3.1/armv7-m\libgcc.a(_arm_cmpdf2.o)
 .debug_frame   0x00004db0       0x20 c:/program files (x86)/atollic/truestudio for stm32 9.0.0/armtools/bin/../lib/gcc/arm-atollic-eabi/6.3.1/armv7-m\libgcc.a(_arm_unorddf2.o)
 .debug_frame   0x00004dd0       0x24 c:/program files (x86)/atollic/truestudio for stm32 9.0.0/armtools/bin/../lib/gcc/arm-atollic-eabi/6.3.1/armv7-m\libgcc.a(_arm_fixdfsi.o)
 .debug_frame   0x00004df4       0x2c c:/program files (x86)/atollic/truestudio for stm32 9.0.0/armtools/bin/../lib/gcc/arm-atollic-eabi/6.3.1/armv7-m\libgcc.a(_aeabi_uldivmod.o)
 .debug_frame   0x00004e20       0x34 c:/program files (x86)/atollic/truestudio for stm32 9.0.0/armtools/bin/../lib/gcc/arm-atollic-eabi/6.3.1/armv7-m\libgcc.a(_udivmoddi4.o)
 .debug_frame   0x00004e54      0x300 c:/program files (x86)/atollic/truestudio for stm32 9.0.0/armtools/bin/../lib/gcc/arm-atollic-eabi/6.3.1/armv7-m\libgcc.a(unwind-arm.o)
 .debug_frame   0x00005154      0x104 c:/program files (x86)/atollic/truestudio for stm32 9.0.0/armtools/bin/../lib/gcc/arm-atollic-eabi/6.3.1/armv7-m\libgcc.a(pr-support.o)
 .debug_frame   0x00005258       0x28 c:/program files (x86)/atollic/truestudio for stm32 9.0.0/armtools/bin/../lib/gcc/arm-atollic-eabi/6.3.1/../../../../arm-atollic-eabi/lib/armv7-m\libc.a(lib_a-abort.o)
 .debug_frame   0x00005280       0xcc c:/program files (x86)/atollic/truestudio for stm32 9.0.0/armtools/bin/../lib/gcc/arm-atollic-eabi/6.3.1/../../../../arm-atollic-eabi/lib/armv7-m\libc.a(lib_a-signal.o)
 .debug_frame   0x0000534c       0x3c c:/program files (x86)/atollic/truestudio for stm32 9.0.0/armtools/bin/../lib/gcc/arm-atollic-eabi/6.3.1/../../../../arm-atollic-eabi/lib/armv7-m\libc.a(lib_a-signalr.o)
